../FreeRTOS/tasks.c:730:13:xTaskCreate	56	static
../FreeRTOS/tasks.c:826:13:prvInitialiseNewTask	40	static,ignoring_inline_asm
../FreeRTOS/tasks.c:1077:13:prvAddNewTaskToReadyList	16	static,ignoring_inline_asm
../FreeRTOS/tasks.c:1162:7:vTaskDelete	24	static,ignoring_inline_asm
../FreeRTOS/tasks.c:1254:7:vTaskDelayUntil	48	static,ignoring_inline_asm
../FreeRTOS/tasks.c:1338:7:vTaskDelay	24	static,ignoring_inline_asm
../FreeRTOS/tasks.c:1383:13:eTaskGetState	40	static,ignoring_inline_asm
../FreeRTOS/tasks.c:1475:14:uxTaskPriorityGet	24	static
../FreeRTOS/tasks.c:1497:14:uxTaskPriorityGetFromISR	40	static,ignoring_inline_asm
../FreeRTOS/tasks.c:1537:7:vTaskPrioritySet	40	static,ignoring_inline_asm
../FreeRTOS/tasks.c:1701:7:vTaskSuspend	24	static,ignoring_inline_asm
../FreeRTOS/tasks.c:1802:20:prvTaskIsTaskSuspended	32	static,ignoring_inline_asm
../FreeRTOS/tasks.c:1848:7:vTaskResume	24	static,ignoring_inline_asm
../FreeRTOS/tasks.c:1902:13:xTaskResumeFromISR	48	static,ignoring_inline_asm
../FreeRTOS/tasks.c:1972:6:vTaskStartScheduler	32	static,ignoring_inline_asm
../FreeRTOS/tasks.c:2094:6:vTaskEndScheduler	16	static,ignoring_inline_asm
../FreeRTOS/tasks.c:2105:6:vTaskSuspendAll	4	static,ignoring_inline_asm
../FreeRTOS/tasks.c:2179:12:xTaskResumeAll	24	static,ignoring_inline_asm
../FreeRTOS/tasks.c:2289:12:xTaskGetTickCount	16	static
../FreeRTOS/tasks.c:2304:12:xTaskGetTickCountFromISR	16	static
../FreeRTOS/tasks.c:2335:13:uxTaskGetNumberOfTasks	4	static
../FreeRTOS/tasks.c:2343:7:pcTaskGetName	24	static,ignoring_inline_asm
../FreeRTOS/tasks.c:2490:14:uxTaskGetSystemState	32	static
../FreeRTOS/tasks.c:2670:12:xTaskIncrementTick	32	static,ignoring_inline_asm
../FreeRTOS/tasks.c:2952:6:vTaskSwitchContext	32	static,ignoring_inline_asm
../FreeRTOS/tasks.c:3025:6:vTaskPlaceOnEventList	24	static,ignoring_inline_asm
../FreeRTOS/tasks.c:3042:6:vTaskPlaceOnUnorderedEventList	32	static,ignoring_inline_asm
../FreeRTOS/tasks.c:3068:7:vTaskPlaceOnEventListRestricted	32	static,ignoring_inline_asm
../FreeRTOS/tasks.c:3099:12:xTaskRemoveFromEventList	32	static,ignoring_inline_asm
../FreeRTOS/tasks.c:3167:6:vTaskRemoveFromUnorderedEventList	32	static,ignoring_inline_asm
../FreeRTOS/tasks.c:3201:6:vTaskSetTimeOutState	24	static,ignoring_inline_asm
../FreeRTOS/tasks.c:3213:6:vTaskInternalSetTimeOutState	16	static
../FreeRTOS/tasks.c:3221:12:xTaskCheckForTimeOut	40	static,ignoring_inline_asm
../FreeRTOS/tasks.c:3284:6:vTaskMissedYield	4	static
../FreeRTOS/tasks.c:3292:14:uxTaskGetTaskNumber	24	static
../FreeRTOS/tasks.c:3315:7:vTaskSetTaskNumber	24	static
../FreeRTOS/tasks.c:3339:8:prvIdleTask	16	static,ignoring_inline_asm
../FreeRTOS/tasks.c:3551:13:prvInitialiseTaskLists	16	static
../FreeRTOS/tasks.c:3583:13:prvCheckTasksWaitingTermination	16	static
../FreeRTOS/tasks.c:3614:7:vTaskGetInfo	32	static
../FreeRTOS/tasks.c:3710:21:prvListTasksWithinSingleList	48	static
../FreeRTOS/tasks.c:3743:32:prvTaskCheckFreeStackSpace	24	static
../FreeRTOS/tasks.c:3831:14:prvDeleteTCB	16	static
../FreeRTOS/tasks.c:3885:13:prvResetNextTaskUnblockTime	16	static
../FreeRTOS/tasks.c:3911:15:xTaskGetCurrentTaskHandle	16	static
../FreeRTOS/tasks.c:3928:13:xTaskGetSchedulerState	16	static
../FreeRTOS/tasks.c:3956:13:xTaskPriorityInherit	24	static
../FreeRTOS/tasks.c:4043:13:xTaskPriorityDisinherit	32	static,ignoring_inline_asm
../FreeRTOS/tasks.c:4123:7:vTaskPriorityDisinheritAfterTimeout	40	static,ignoring_inline_asm
../FreeRTOS/tasks.c:4538:12:uxTaskResetEventItemValue	16	static
../FreeRTOS/tasks.c:4554:15:pvTaskIncrementMutexHeldCount	4	static
../FreeRTOS/tasks.c:4571:11:ulTaskNotifyTake	24	static,ignoring_inline_asm
../FreeRTOS/tasks.c:4639:13:xTaskNotifyWait	32	static,ignoring_inline_asm
../FreeRTOS/tasks.c:4719:13:xTaskGenericNotify	48	static,ignoring_inline_asm
../FreeRTOS/tasks.c:4833:13:xTaskGenericNotifyFromISR	64	static,ignoring_inline_asm
../FreeRTOS/tasks.c:4962:7:vTaskNotifyGiveFromISR	48	static,ignoring_inline_asm
../FreeRTOS/tasks.c:5049:13:xTaskNotifyStateClear	24	static
../FreeRTOS/tasks.c:5086:13:prvAddCurrentTaskToDelayedList	24	static
../FreeRTOS/tasks.c:5197:6:print_pcb	1048	static
../FreeRTOS/tasks.c:5204:6:Taskmonitor	160	static
