../Core/Src/main.c:67:6:TaskMonitor_App	16	static
../Core/Src/main.c:73:6:Red_LED_App	24	static
../Core/Src/main.c:81:6:Green_LED_App	24	static
../Core/Src/main.c:89:6:Delay_App	24	static
../Core/Src/main.c:125:5:main	24	static
../Core/Src/main.c:182:6:SystemClock_Config	88	static
../Core/Src/main.c:229:13:MX_USART2_UART_Init	8	static
../Core/Src/main.c:262:13:MX_GPIO_Init	56	static
../Core/Src/main.c:407:6:HAL_TIM_PeriodElapsedCallback	16	static
../Core/Src/main.c:424:6:Error_Handler	4	static,ignoring_inline_asm
