Archive member included to satisfy reference by file (symbol)

/Applications/STM32CubeIDE.app/Contents/Eclipse/plugins/com.st.stm32cube.ide.mcu.externaltools.gnu-tools-for-stm32.10.3-2021.10.macos64_1.0.100.202210260954/tools/bin/../lib/gcc/arm-none-eabi/10.3.1/../../../../arm-none-eabi/lib/thumb/v7e-m+fp/hard/libc_nano.a(lib_a-errno.o)
                              ./Core/Src/syscalls.o (__errno)
/Applications/STM32CubeIDE.app/Contents/Eclipse/plugins/com.st.stm32cube.ide.mcu.externaltools.gnu-tools-for-stm32.10.3-2021.10.macos64_1.0.100.202210260954/tools/bin/../lib/gcc/arm-none-eabi/10.3.1/../../../../arm-none-eabi/lib/thumb/v7e-m+fp/hard/libc_nano.a(lib_a-exit.o)
                              /Applications/STM32CubeIDE.app/Contents/Eclipse/plugins/com.st.stm32cube.ide.mcu.externaltools.gnu-tools-for-stm32.10.3-2021.10.macos64_1.0.100.202210260954/tools/bin/../lib/gcc/arm-none-eabi/10.3.1/../../../../arm-none-eabi/lib/thumb/v7e-m+fp/hard/crt0.o (exit)
/Applications/STM32CubeIDE.app/Contents/Eclipse/plugins/com.st.stm32cube.ide.mcu.externaltools.gnu-tools-for-stm32.10.3-2021.10.macos64_1.0.100.202210260954/tools/bin/../lib/gcc/arm-none-eabi/10.3.1/../../../../arm-none-eabi/lib/thumb/v7e-m+fp/hard/libc_nano.a(lib_a-impure.o)
                              /Applications/STM32CubeIDE.app/Contents/Eclipse/plugins/com.st.stm32cube.ide.mcu.externaltools.gnu-tools-for-stm32.10.3-2021.10.macos64_1.0.100.202210260954/tools/bin/../lib/gcc/arm-none-eabi/10.3.1/../../../../arm-none-eabi/lib/thumb/v7e-m+fp/hard/libc_nano.a(lib_a-exit.o) (_global_impure_ptr)
/Applications/STM32CubeIDE.app/Contents/Eclipse/plugins/com.st.stm32cube.ide.mcu.externaltools.gnu-tools-for-stm32.10.3-2021.10.macos64_1.0.100.202210260954/tools/bin/../lib/gcc/arm-none-eabi/10.3.1/../../../../arm-none-eabi/lib/thumb/v7e-m+fp/hard/libc_nano.a(lib_a-init.o)
                              /Applications/STM32CubeIDE.app/Contents/Eclipse/plugins/com.st.stm32cube.ide.mcu.externaltools.gnu-tools-for-stm32.10.3-2021.10.macos64_1.0.100.202210260954/tools/bin/../lib/gcc/arm-none-eabi/10.3.1/../../../../arm-none-eabi/lib/thumb/v7e-m+fp/hard/crt0.o (__libc_init_array)
/Applications/STM32CubeIDE.app/Contents/Eclipse/plugins/com.st.stm32cube.ide.mcu.externaltools.gnu-tools-for-stm32.10.3-2021.10.macos64_1.0.100.202210260954/tools/bin/../lib/gcc/arm-none-eabi/10.3.1/../../../../arm-none-eabi/lib/thumb/v7e-m+fp/hard/libc_nano.a(lib_a-memcpy-stub.o)
                              ./FreeRTOS/queue.o (memcpy)
/Applications/STM32CubeIDE.app/Contents/Eclipse/plugins/com.st.stm32cube.ide.mcu.externaltools.gnu-tools-for-stm32.10.3-2021.10.macos64_1.0.100.202210260954/tools/bin/../lib/gcc/arm-none-eabi/10.3.1/../../../../arm-none-eabi/lib/thumb/v7e-m+fp/hard/libc_nano.a(lib_a-memset.o)
                              /Applications/STM32CubeIDE.app/Contents/Eclipse/plugins/com.st.stm32cube.ide.mcu.externaltools.gnu-tools-for-stm32.10.3-2021.10.macos64_1.0.100.202210260954/tools/bin/../lib/gcc/arm-none-eabi/10.3.1/../../../../arm-none-eabi/lib/thumb/v7e-m+fp/hard/crt0.o (memset)
/Applications/STM32CubeIDE.app/Contents/Eclipse/plugins/com.st.stm32cube.ide.mcu.externaltools.gnu-tools-for-stm32.10.3-2021.10.macos64_1.0.100.202210260954/tools/bin/../lib/gcc/arm-none-eabi/10.3.1/thumb/v7e-m+fp/hard/libgcc.a(_aeabi_uldivmod.o)
                              ./Drivers/STM32F4xx_HAL_Driver/Src/stm32f4xx_hal_rcc.o (__aeabi_uldivmod)
/Applications/STM32CubeIDE.app/Contents/Eclipse/plugins/com.st.stm32cube.ide.mcu.externaltools.gnu-tools-for-stm32.10.3-2021.10.macos64_1.0.100.202210260954/tools/bin/../lib/gcc/arm-none-eabi/10.3.1/thumb/v7e-m+fp/hard/libgcc.a(_udivmoddi4.o)
                              /Applications/STM32CubeIDE.app/Contents/Eclipse/plugins/com.st.stm32cube.ide.mcu.externaltools.gnu-tools-for-stm32.10.3-2021.10.macos64_1.0.100.202210260954/tools/bin/../lib/gcc/arm-none-eabi/10.3.1/thumb/v7e-m+fp/hard/libgcc.a(_aeabi_uldivmod.o) (__udivmoddi4)
/Applications/STM32CubeIDE.app/Contents/Eclipse/plugins/com.st.stm32cube.ide.mcu.externaltools.gnu-tools-for-stm32.10.3-2021.10.macos64_1.0.100.202210260954/tools/bin/../lib/gcc/arm-none-eabi/10.3.1/thumb/v7e-m+fp/hard/libgcc.a(_dvmd_tls.o)
                              /Applications/STM32CubeIDE.app/Contents/Eclipse/plugins/com.st.stm32cube.ide.mcu.externaltools.gnu-tools-for-stm32.10.3-2021.10.macos64_1.0.100.202210260954/tools/bin/../lib/gcc/arm-none-eabi/10.3.1/thumb/v7e-m+fp/hard/libgcc.a(_aeabi_uldivmod.o) (__aeabi_ldiv0)

Discarded input sections

 .text          0x0000000000000000        0x0 /Applications/STM32CubeIDE.app/Contents/Eclipse/plugins/com.st.stm32cube.ide.mcu.externaltools.gnu-tools-for-stm32.10.3-2021.10.macos64_1.0.100.202210260954/tools/bin/../lib/gcc/arm-none-eabi/10.3.1/thumb/v7e-m+fp/hard/crti.o
[...]
Memory Configuration

Name             Origin             Length             Attributes
CCMRAM           0x0000000010000000 0x0000000000010000 xrw
RAM              0x0000000020000000 0x0000000000020000 xrw
FLASH            0x0000000008000000 0x0000000000100000 xr
*default*        0x0000000000000000 0xffffffffffffffff

Linker script and memory map

LOAD /Applications/STM32CubeIDE.app/Contents/Eclipse/plugins/com.st.stm32cube.ide.mcu.externaltools.gnu-tools-for-stm32.10.3-2021.10.macos64_1.0.100.202210260954/tools/bin/../lib/gcc/arm-none-eabi/10.3.1/thumb/v7e-m+fp/hard/crti.o
LOAD /Applications/STM32CubeIDE.app/Contents/Eclipse/plugins/com.st.stm32cube.ide.mcu.externaltools.gnu-tools-for-stm32.10.3-2021.10.macos64_1.0.100.202210260954/tools/bin/../lib/gcc/arm-none-eabi/10.3.1/thumb/v7e-m+fp/hard/crtbegin.o
LOAD /Applications/STM32CubeIDE.app/Contents/Eclipse/plugins/com.st.stm32cube.ide.mcu.externaltools.gnu-tools-for-stm32.10.3-2021.10.macos64_1.0.100.202210260954/tools/bin/../lib/gcc/arm-none-eabi/10.3.1/../../../../arm-none-eabi/lib/thumb/v7e-m+fp/hard/crt0.o
LOAD ./Core/Src/main.o
LOAD ./Core/Src/stm32f4xx_hal_msp.o
LOAD ./Core/Src/stm32f4xx_hal_timebase_tim.o
LOAD ./Core/Src/stm32f4xx_it.o
LOAD ./Core/Src/syscalls.o
LOAD ./Core/Src/sysmem.o
LOAD ./Core/Src/system_stm32f4xx.o
LOAD ./Core/Startup/startup_stm32f407vgtx.o
LOAD ./Drivers/STM32F4xx_HAL_Driver/Src/stm32f4xx_hal.o
LOAD ./Drivers/STM32F4xx_HAL_Driver/Src/stm32f4xx_hal_cortex.o
LOAD ./Drivers/STM32F4xx_HAL_Driver/Src/stm32f4xx_hal_dma.o
LOAD ./Drivers/STM32F4xx_HAL_Driver/Src/stm32f4xx_hal_dma_ex.o
LOAD ./Drivers/STM32F4xx_HAL_Driver/Src/stm32f4xx_hal_exti.o
LOAD ./Drivers/STM32F4xx_HAL_Driver/Src/stm32f4xx_hal_flash.o
LOAD ./Drivers/STM32F4xx_HAL_Driver/Src/stm32f4xx_hal_flash_ex.o
LOAD ./Drivers/STM32F4xx_HAL_Driver/Src/stm32f4xx_hal_flash_ramfunc.o
LOAD ./Drivers/STM32F4xx_HAL_Driver/Src/stm32f4xx_hal_gpio.o
LOAD ./Drivers/STM32F4xx_HAL_Driver/Src/stm32f4xx_hal_pwr.o
LOAD ./Drivers/STM32F4xx_HAL_Driver/Src/stm32f4xx_hal_pwr_ex.o
LOAD ./Drivers/STM32F4xx_HAL_Driver/Src/stm32f4xx_hal_rcc.o
LOAD ./Drivers/STM32F4xx_HAL_Driver/Src/stm32f4xx_hal_rcc_ex.o
LOAD ./Drivers/STM32F4xx_HAL_Driver/Src/stm32f4xx_hal_tim.o
LOAD ./Drivers/STM32F4xx_HAL_Driver/Src/stm32f4xx_hal_tim_ex.o
LOAD ./FreeRTOS/croutine.o
LOAD ./FreeRTOS/event_groups.o
LOAD ./FreeRTOS/list.o
LOAD ./FreeRTOS/queue.o
LOAD ./FreeRTOS/stream_buffer.o
LOAD ./FreeRTOS/tasks.o
LOAD ./FreeRTOS/timers.o
LOAD ./FreeRTOS/portable/ARM_CM4F/port.o
LOAD ./FreeRTOS/portable/MemMang/heap_4.o
START GROUP
LOAD /Applications/STM32CubeIDE.app/Contents/Eclipse/plugins/com.st.stm32cube.ide.mcu.externaltools.gnu-tools-for-stm32.10.3-2021.10.macos64_1.0.100.202210260954/tools/bin/../lib/gcc/arm-none-eabi/10.3.1/../../../../arm-none-eabi/lib/thumb/v7e-m+fp/hard/libc_nano.a
LOAD /Applications/STM32CubeIDE.app/Contents/Eclipse/plugins/com.st.stm32cube.ide.mcu.externaltools.gnu-tools-for-stm32.10.3-2021.10.macos64_1.0.100.202210260954/tools/bin/../lib/gcc/arm-none-eabi/10.3.1/../../../../arm-none-eabi/lib/thumb/v7e-m+fp/hard/libm.a
END GROUP
START GROUP
LOAD /Applications/STM32CubeIDE.app/Contents/Eclipse/plugins/com.st.stm32cube.ide.mcu.externaltools.gnu-tools-for-stm32.10.3-2021.10.macos64_1.0.100.202210260954/tools/bin/../lib/gcc/arm-none-eabi/10.3.1/thumb/v7e-m+fp/hard/libgcc.a
LOAD /Applications/STM32CubeIDE.app/Contents/Eclipse/plugins/com.st.stm32cube.ide.mcu.externaltools.gnu-tools-for-stm32.10.3-2021.10.macos64_1.0.100.202210260954/tools/bin/../lib/gcc/arm-none-eabi/10.3.1/../../../../arm-none-eabi/lib/thumb/v7e-m+fp/hard/libc_nano.a
END GROUP
START GROUP
LOAD /Applications/STM32CubeIDE.app/Contents/Eclipse/plugins/com.st.stm32cube.ide.mcu.externaltools.gnu-tools-for-stm32.10.3-2021.10.macos64_1.0.100.202210260954/tools/bin/../lib/gcc/arm-none-eabi/10.3.1/thumb/v7e-m+fp/hard/libgcc.a
LOAD /Applications/STM32CubeIDE.app/Contents/Eclipse/plugins/com.st.stm32cube.ide.mcu.externaltools.gnu-tools-for-stm32.10.3-2021.10.macos64_1.0.100.202210260954/tools/bin/../lib/gcc/arm-none-eabi/10.3.1/../../../../arm-none-eabi/lib/thumb/v7e-m+fp/hard/libc_nano.a
LOAD /Applications/STM32CubeIDE.app/Contents/Eclipse/plugins/com.st.stm32cube.ide.mcu.externaltools.gnu-tools-for-stm32.10.3-2021.10.macos64_1.0.100.202210260954/tools/bin/../lib/gcc/arm-none-eabi/10.3.1/../../../../arm-none-eabi/lib/thumb/v7e-m+fp/hard/libnosys.a
END GROUP
START GROUP
LOAD /Applications/STM32CubeIDE.app/Contents/Eclipse/plugins/com.st.stm32cube.ide.mcu.externaltools.gnu-tools-for-stm32.10.3-2021.10.macos64_1.0.100.202210260954/tools/bin/../lib/gcc/arm-none-eabi/10.3.1/thumb/v7e-m+fp/hard/libgcc.a
LOAD /Applications/STM32CubeIDE.app/Contents/Eclipse/plugins/com.st.stm32cube.ide.mcu.externaltools.gnu-tools-for-stm32.10.3-2021.10.macos64_1.0.100.202210260954/tools/bin/../lib/gcc/arm-none-eabi/10.3.1/../../../../arm-none-eabi/lib/thumb/v7e-m+fp/hard/libc_nano.a
LOAD /Applications/STM32CubeIDE.app/Contents/Eclipse/plugins/com.st.stm32cube.ide.mcu.externaltools.gnu-tools-for-stm32.10.3-2021.10.macos64_1.0.100.202210260954/tools/bin/../lib/gcc/arm-none-eabi/10.3.1/../../../../arm-none-eabi/lib/thumb/v7e-m+fp/hard/libnosys.a
END GROUP
LOAD /Applications/STM32CubeIDE.app/Contents/Eclipse/plugins/com.st.stm32cube.ide.mcu.externaltools.gnu-tools-for-stm32.10.3-2021.10.macos64_1.0.100.202210260954/tools/bin/../lib/gcc/arm-none-eabi/10.3.1/thumb/v7e-m+fp/hard/crtend.o
LOAD /Applications/STM32CubeIDE.app/Contents/Eclipse/plugins/com.st.stm32cube.ide.mcu.externaltools.gnu-tools-for-stm32.10.3-2021.10.macos64_1.0.100.202210260954/tools/bin/../lib/gcc/arm-none-eabi/10.3.1/thumb/v7e-m+fp/hard/crtn.o
                0x0000000020020000                _estack = (ORIGIN (RAM) + LENGTH (RAM))
                0x0000000000000200                _Min_Heap_Size = 0x200
                0x0000000000000400                _Min_Stack_Size = 0x400

.isr_vector     0x0000000008000000      0x188
                0x0000000008000000                . = ALIGN (0x4)
 *(.isr_vector)
 .isr_vector    0x0000000008000000      0x188 ./Core/Startup/startup_stm32f407vgtx.o
                0x0000000008000000                g_pfnVectors
                0x0000000008000188                . = ALIGN (0x4)

.text           0x0000000008000190     0x4668
                0x0000000008000190                . = ALIGN (0x4)
 *(.text)
 .text          0x0000000008000190       0x40 /Applications/STM32CubeIDE.app/Contents/Eclipse/plugins/com.st.stm32cube.ide.mcu.externaltools.gnu-tools-for-stm32.10.3-2021.10.macos64_1.0.100.202210260954/tools/bin/../lib/gcc/arm-none-eabi/10.3.1/thumb/v7e-m+fp/hard/crtbegin.o
 .text          0x00000000080001d0       0x30 /Applications/STM32CubeIDE.app/Contents/Eclipse/plugins/com.st.stm32cube.ide.mcu.externaltools.gnu-tools-for-stm32.10.3-2021.10.macos64_1.0.100.202210260954/tools/bin/../lib/gcc/arm-none-eabi/10.3.1/thumb/v7e-m+fp/hard/libgcc.a(_aeabi_uldivmod.o)
                0x00000000080001d0                __aeabi_uldivmod
 .text          0x0000000008000200      0x2d0 /Applications/STM32CubeIDE.app/Contents/Eclipse/plugins/com.st.stm32cube.ide.mcu.externaltools.gnu-tools-for-stm32.10.3-2021.10.macos64_1.0.100.202210260954/tools/bin/../lib/gcc/arm-none-eabi/10.3.1/thumb/v7e-m+fp/hard/libgcc.a(_udivmoddi4.o)
                0x0000000008000200                __udivmoddi4
 .text          0x00000000080004d0        0x4 /Applications/STM32CubeIDE.app/Contents/Eclipse/plugins/com.st.stm32cube.ide.mcu.externaltools.gnu-tools-for-stm32.10.3-2021.10.macos64_1.0.100.202210260954/tools/bin/../lib/gcc/arm-none-eabi/10.3.1/thumb/v7e-m+fp/hard/libgcc.a(_dvmd_tls.o)
                0x00000000080004d0                __aeabi_ldiv0
                0x00000000080004d0                __aeabi_idiv0
 *(.text*)
 .text.ButtonTask_App
                0x00000000080004d4       0x78 ./Core/Src/main.o
                0x00000000080004d4                ButtonTask_App
 .text.LEDTask_App
                0x000000000800054c       0xc0 ./Core/Src/main.o
                0x000000000800054c                LEDTask_App
 .text.main     0x000000000800060c       0x68 ./Core/Src/main.o
                0x000000000800060c                main
 .text.SystemClock_Config
                0x0000000008000674       0xd4 ./Core/Src/main.o
                0x0000000008000674                SystemClock_Config
 .text.MX_GPIO_Init
                0x0000000008000748      0x2bc ./Core/Src/main.o
 .text.HAL_TIM_PeriodElapsedCallback
                0x0000000008000a04       0x24 ./Core/Src/main.o
                0x0000000008000a04                HAL_TIM_PeriodElapsedCallback
 .text.Error_Handler
                0x0000000008000a28        0xa ./Core/Src/main.o
                0x0000000008000a28                Error_Handler
 *fill*         0x0000000008000a32        0x2 
 .text.HAL_MspInit
                0x0000000008000a34       0x50 ./Core/Src/stm32f4xx_hal_msp.o
                0x0000000008000a34                HAL_MspInit
 .text.HAL_InitTick
                0x0000000008000a84       0xf8 ./Core/Src/stm32f4xx_hal_timebase_tim.o
                0x0000000008000a84                HAL_InitTick
 .text.NMI_Handler
                0x0000000008000b7c        0x6 ./Core/Src/stm32f4xx_it.o
                0x0000000008000b7c                NMI_Handler
 .text.HardFault_Handler
                0x0000000008000b82        0x6 ./Core/Src/stm32f4xx_it.o
                0x0000000008000b82                HardFault_Handler
 .text.MemManage_Handler
                0x0000000008000b88        0x6 ./Core/Src/stm32f4xx_it.o
                0x0000000008000b88                MemManage_Handler
 .text.BusFault_Handler
                0x0000000008000b8e        0x6 ./Core/Src/stm32f4xx_it.o
                0x0000000008000b8e                BusFault_Handler
 .text.UsageFault_Handler
                0x0000000008000b94        0x6 ./Core/Src/stm32f4xx_it.o
                0x0000000008000b94                UsageFault_Handler
 .text.DebugMon_Handler
                0x0000000008000b9a        0xe ./Core/Src/stm32f4xx_it.o
                0x0000000008000b9a                DebugMon_Handler
 .text.TIM7_IRQHandler
                0x0000000008000ba8       0x14 ./Core/Src/stm32f4xx_it.o
                0x0000000008000ba8                TIM7_IRQHandler
 .text.SystemInit
                0x0000000008000bbc       0x24 ./Core/Src/system_stm32f4xx.o
                0x0000000008000bbc                SystemInit
 .text.Reset_Handler
                0x0000000008000be0       0x50 ./Core/Startup/startup_stm32f407vgtx.o
                0x0000000008000be0                Reset_Handler
 .text.Default_Handler
                0x0000000008000c30        0x2 ./Core/Startup/startup_stm32f407vgtx.o
                0x0000000008000c30                DMA1_Stream3_IRQHandler
                0x0000000008000c30                HASH_RNG_IRQHandler
                0x0000000008000c30                EXTI2_IRQHandler
                0x0000000008000c30                TIM8_CC_IRQHandler
                0x0000000008000c30                TIM1_CC_IRQHandler
                0x0000000008000c30                DMA2_Stream5_IRQHandler
                0x0000000008000c30                DMA1_Stream5_IRQHandler
                0x0000000008000c30                PVD_IRQHandler
                0x0000000008000c30                SDIO_IRQHandler
                0x0000000008000c30                TAMP_STAMP_IRQHandler
                0x0000000008000c30                CAN2_RX1_IRQHandler
                0x0000000008000c30                EXTI3_IRQHandler
                0x0000000008000c30                TIM8_TRG_COM_TIM14_IRQHandler
                0x0000000008000c30                TIM1_UP_TIM10_IRQHandler
                0x0000000008000c30                TIM8_UP_TIM13_IRQHandler
                0x0000000008000c30                I2C3_ER_IRQHandler
                0x0000000008000c30                EXTI0_IRQHandler
                0x0000000008000c30                I2C2_EV_IRQHandler
                0x0000000008000c30                DMA1_Stream2_IRQHandler
                0x0000000008000c30                CAN1_RX0_IRQHandler
                0x0000000008000c30                FPU_IRQHandler
                0x0000000008000c30                OTG_HS_WKUP_IRQHandler
                0x0000000008000c30                CAN2_SCE_IRQHandler
                0x0000000008000c30                DMA2_Stream2_IRQHandler
                0x0000000008000c30                SPI1_IRQHandler
                0x0000000008000c30                TIM6_DAC_IRQHandler
                0x0000000008000c30                TIM1_BRK_TIM9_IRQHandler
                0x0000000008000c30                DCMI_IRQHandler
                0x0000000008000c30                CAN2_RX0_IRQHandler
                0x0000000008000c30                DMA2_Stream3_IRQHandler
                0x0000000008000c30                USART6_IRQHandler
                0x0000000008000c30                USART3_IRQHandler
                0x0000000008000c30                CAN1_RX1_IRQHandler
                0x0000000008000c30                UART5_IRQHandler
                0x0000000008000c30                DMA2_Stream0_IRQHandler
                0x0000000008000c30                TIM4_IRQHandler
                0x0000000008000c30                I2C1_EV_IRQHandler
                0x0000000008000c30                DMA1_Stream6_IRQHandler
                0x0000000008000c30                DMA1_Stream1_IRQHandler
                0x0000000008000c30                UART4_IRQHandler
                0x0000000008000c30                TIM3_IRQHandler
                0x0000000008000c30                RCC_IRQHandler
                0x0000000008000c30                TIM8_BRK_TIM12_IRQHandler
                0x0000000008000c30                Default_Handler
                0x0000000008000c30                EXTI15_10_IRQHandler
                0x0000000008000c30                ADC_IRQHandler
                0x0000000008000c30                DMA1_Stream7_IRQHandler
                0x0000000008000c30                CAN2_TX_IRQHandler
                0x0000000008000c30                TIM5_IRQHandler
                0x0000000008000c30                DMA2_Stream7_IRQHandler
                0x0000000008000c30                I2C3_EV_IRQHandler
                0x0000000008000c30                EXTI9_5_IRQHandler
                0x0000000008000c30                RTC_WKUP_IRQHandler
                0x0000000008000c30                ETH_WKUP_IRQHandler
                0x0000000008000c30                SPI2_IRQHandler
                0x0000000008000c30                OTG_HS_EP1_IN_IRQHandler
                0x0000000008000c30                DMA1_Stream0_IRQHandler
                0x0000000008000c30                CAN1_TX_IRQHandler
                0x0000000008000c30                EXTI4_IRQHandler
                0x0000000008000c30                FSMC_IRQHandler
                0x0000000008000c30                ETH_IRQHandler
                0x0000000008000c30                OTG_HS_EP1_OUT_IRQHandler
                0x0000000008000c30                WWDG_IRQHandler
                0x0000000008000c30                TIM2_IRQHandler
                0x0000000008000c30                OTG_FS_WKUP_IRQHandler
                0x0000000008000c30                TIM1_TRG_COM_TIM11_IRQHandler
                0x0000000008000c30                OTG_HS_IRQHandler
                0x0000000008000c30                EXTI1_IRQHandler
                0x0000000008000c30                USART2_IRQHandler
                0x0000000008000c30                I2C2_ER_IRQHandler
                0x0000000008000c30                DMA2_Stream1_IRQHandler
                0x0000000008000c30                CAN1_SCE_IRQHandler
                0x0000000008000c30                FLASH_IRQHandler
                0x0000000008000c30                DMA2_Stream4_IRQHandler
                0x0000000008000c30                USART1_IRQHandler
                0x0000000008000c30                OTG_FS_IRQHandler
                0x0000000008000c30                SPI3_IRQHandler
                0x0000000008000c30                DMA1_Stream4_IRQHandler
                0x0000000008000c30                I2C1_ER_IRQHandler
                0x0000000008000c30                DMA2_Stream6_IRQHandler
                0x0000000008000c30                RTC_Alarm_IRQHandler
 *fill*         0x0000000008000c32        0x2 
 .text.HAL_Init
                0x0000000008000c34       0x44 ./Drivers/STM32F4xx_HAL_Driver/Src/stm32f4xx_hal.o
                0x0000000008000c34                HAL_Init
 .text.HAL_IncTick
                0x0000000008000c78       0x28 ./Drivers/STM32F4xx_HAL_Driver/Src/stm32f4xx_hal.o
                0x0000000008000c78                HAL_IncTick
 .text.HAL_GetTick
                0x0000000008000ca0       0x18 ./Drivers/STM32F4xx_HAL_Driver/Src/stm32f4xx_hal.o
                0x0000000008000ca0                HAL_GetTick
 .text.HAL_Delay
                0x0000000008000cb8       0x48 ./Drivers/STM32F4xx_HAL_Driver/Src/stm32f4xx_hal.o
                0x0000000008000cb8                HAL_Delay
 .text.__NVIC_SetPriorityGrouping
                0x0000000008000d00       0x48 ./Drivers/STM32F4xx_HAL_Driver/Src/stm32f4xx_hal_cortex.o
 .text.__NVIC_GetPriorityGrouping
                0x0000000008000d48       0x1c ./Drivers/STM32F4xx_HAL_Driver/Src/stm32f4xx_hal_cortex.o
 .text.__NVIC_EnableIRQ
                0x0000000008000d64       0x3c ./Drivers/STM32F4xx_HAL_Driver/Src/stm32f4xx_hal_cortex.o
 .text.__NVIC_SetPriority
                0x0000000008000da0       0x54 ./Drivers/STM32F4xx_HAL_Driver/Src/stm32f4xx_hal_cortex.o
 .text.NVIC_EncodePriority
                0x0000000008000df4       0x66 ./Drivers/STM32F4xx_HAL_Driver/Src/stm32f4xx_hal_cortex.o
 .text.HAL_NVIC_SetPriorityGrouping
                0x0000000008000e5a       0x16 ./Drivers/STM32F4xx_HAL_Driver/Src/stm32f4xx_hal_cortex.o
                0x0000000008000e5a                HAL_NVIC_SetPriorityGrouping
 .text.HAL_NVIC_SetPriority
                0x0000000008000e70       0x38 ./Drivers/STM32F4xx_HAL_Driver/Src/stm32f4xx_hal_cortex.o
                0x0000000008000e70                HAL_NVIC_SetPriority
 .text.HAL_NVIC_EnableIRQ
                0x0000000008000ea8       0x1c ./Drivers/STM32F4xx_HAL_Driver/Src/stm32f4xx_hal_cortex.o
                0x0000000008000ea8                HAL_NVIC_EnableIRQ
 .text.HAL_GPIO_Init
                0x0000000008000ec4      0x338 ./Drivers/STM32F4xx_HAL_Driver/Src/stm32f4xx_hal_gpio.o
                0x0000000008000ec4                HAL_GPIO_Init
 .text.HAL_GPIO_ReadPin
                0x00000000080011fc       0x30 ./Drivers/STM32F4xx_HAL_Driver/Src/stm32f4xx_hal_gpio.o
                0x00000000080011fc                HAL_GPIO_ReadPin
 .text.HAL_GPIO_WritePin
                0x000000000800122c       0x32 ./Drivers/STM32F4xx_HAL_Driver/Src/stm32f4xx_hal_gpio.o
                0x000000000800122c                HAL_GPIO_WritePin
 *fill*         0x000000000800125e        0x2 
 .text.HAL_RCC_OscConfig
                0x0000000008001260      0x4f0 ./Drivers/STM32F4xx_HAL_Driver/Src/stm32f4xx_hal_rcc.o
                0x0000000008001260                HAL_RCC_OscConfig
 .text.HAL_RCC_ClockConfig
                0x0000000008001750      0x1cc ./Drivers/STM32F4xx_HAL_Driver/Src/stm32f4xx_hal_rcc.o
                0x0000000008001750                HAL_RCC_ClockConfig
 .text.HAL_RCC_GetSysClockFreq
                0x000000000800191c      0x20c ./Drivers/STM32F4xx_HAL_Driver/Src/stm32f4xx_hal_rcc.o
                0x000000000800191c                HAL_RCC_GetSysClockFreq
 .text.HAL_RCC_GetHCLKFreq
                0x0000000008001b28       0x18 ./Drivers/STM32F4xx_HAL_Driver/Src/stm32f4xx_hal_rcc.o
                0x0000000008001b28                HAL_RCC_GetHCLKFreq
 .text.HAL_RCC_GetPCLK1Freq
                0x0000000008001b40       0x28 ./Drivers/STM32F4xx_HAL_Driver/Src/stm32f4xx_hal_rcc.o
                0x0000000008001b40                HAL_RCC_GetPCLK1Freq
 .text.HAL_RCC_GetClockConfig
                0x0000000008001b68       0x64 ./Drivers/STM32F4xx_HAL_Driver/Src/stm32f4xx_hal_rcc.o
                0x0000000008001b68                HAL_RCC_GetClockConfig
 .text.HAL_TIM_Base_Init
                0x0000000008001bcc       0x9e ./Drivers/STM32F4xx_HAL_Driver/Src/stm32f4xx_hal_tim.o
                0x0000000008001bcc                HAL_TIM_Base_Init
 .text.HAL_TIM_Base_MspInit
                0x0000000008001c6a       0x14 ./Drivers/STM32F4xx_HAL_Driver/Src/stm32f4xx_hal_tim.o
                0x0000000008001c6a                HAL_TIM_Base_MspInit
 *fill*         0x0000000008001c7e        0x2 
 .text.HAL_TIM_Base_Start_IT
                0x0000000008001c80       0xe0 ./Drivers/STM32F4xx_HAL_Driver/Src/stm32f4xx_hal_tim.o
                0x0000000008001c80                HAL_TIM_Base_Start_IT
 .text.HAL_TIM_IRQHandler
                0x0000000008001d60      0x210 ./Drivers/STM32F4xx_HAL_Driver/Src/stm32f4xx_hal_tim.o
                0x0000000008001d60                HAL_TIM_IRQHandler
 .text.HAL_TIM_OC_DelayElapsedCallback
                0x0000000008001f70       0x14 ./Drivers/STM32F4xx_HAL_Driver/Src/stm32f4xx_hal_tim.o
                0x0000000008001f70                HAL_TIM_OC_DelayElapsedCallback
 .text.HAL_TIM_IC_CaptureCallback
                0x0000000008001f84       0x14 ./Drivers/STM32F4xx_HAL_Driver/Src/stm32f4xx_hal_tim.o
                0x0000000008001f84                HAL_TIM_IC_CaptureCallback
 .text.HAL_TIM_PWM_PulseFinishedCallback
                0x0000000008001f98       0x14 ./Drivers/STM32F4xx_HAL_Driver/Src/stm32f4xx_hal_tim.o
                0x0000000008001f98                HAL_TIM_PWM_PulseFinishedCallback
 .text.HAL_TIM_TriggerCallback
                0x0000000008001fac       0x14 ./Drivers/STM32F4xx_HAL_Driver/Src/stm32f4xx_hal_tim.o
                0x0000000008001fac                HAL_TIM_TriggerCallback
 .text.TIM_Base_SetConfig
                0x0000000008001fc0      0x140 ./Drivers/STM32F4xx_HAL_Driver/Src/stm32f4xx_hal_tim.o
                0x0000000008001fc0                TIM_Base_SetConfig
 .text.HAL_TIMEx_CommutCallback
                0x0000000008002100       0x14 ./Drivers/STM32F4xx_HAL_Driver/Src/stm32f4xx_hal_tim_ex.o
                0x0000000008002100                HAL_TIMEx_CommutCallback
 .text.HAL_TIMEx_BreakCallback
                0x0000000008002114       0x14 ./Drivers/STM32F4xx_HAL_Driver/Src/stm32f4xx_hal_tim_ex.o
                0x0000000008002114                HAL_TIMEx_BreakCallback
 .text.vListInitialise
                0x0000000008002128       0x40 ./FreeRTOS/list.o
                0x0000000008002128                vListInitialise
 .text.vListInitialiseItem
                0x0000000008002168       0x1a ./FreeRTOS/list.o
                0x0000000008002168                vListInitialiseItem
 .text.vListInsertEnd
                0x0000000008002182       0x48 ./FreeRTOS/list.o
                0x0000000008002182                vListInsertEnd
 .text.vListInsert
                0x00000000080021ca       0x72 ./FreeRTOS/list.o
                0x00000000080021ca                vListInsert
 .text.uxListRemove
                0x000000000800223c       0x54 ./FreeRTOS/list.o
                0x000000000800223c                uxListRemove
 .text.xQueueGenericReset
                0x0000000008002290       0xd0 ./FreeRTOS/queue.o
                0x0000000008002290                xQueueGenericReset
 .text.xQueueGenericCreate
                0x0000000008002360       0x78 ./FreeRTOS/queue.o
                0x0000000008002360                xQueueGenericCreate
 .text.prvInitialiseNewQueue
                0x00000000080023d8       0x46 ./FreeRTOS/queue.o
 *fill*         0x000000000800241e        0x2 
 .text.xQueueGenericSend
                0x0000000008002420      0x1fc ./FreeRTOS/queue.o
                0x0000000008002420                xQueueGenericSend
 .text.xQueueGenericSendFromISR
                0x000000000800261c      0x130 ./FreeRTOS/queue.o
                0x000000000800261c                xQueueGenericSendFromISR
 .text.xQueueReceive
                0x000000000800274c      0x1c0 ./FreeRTOS/queue.o
                0x000000000800274c                xQueueReceive
 .text.prvCopyDataToQueue
                0x000000000800290c       0xd4 ./FreeRTOS/queue.o
 .text.prvCopyDataFromQueue
                0x00000000080029e0       0x4c ./FreeRTOS/queue.o
 .text.prvUnlockQueue
                0x0000000008002a2c       0xa4 ./FreeRTOS/queue.o
 .text.prvIsQueueEmpty
                0x0000000008002ad0       0x2c ./FreeRTOS/queue.o
 .text.prvIsQueueFull
                0x0000000008002afc       0x30 ./FreeRTOS/queue.o
 .text.vQueueAddToRegistry
                0x0000000008002b2c       0x54 ./FreeRTOS/queue.o
                0x0000000008002b2c                vQueueAddToRegistry
 .text.vQueueWaitForMessageRestricted
                0x0000000008002b80       0x68 ./FreeRTOS/queue.o
                0x0000000008002b80                vQueueWaitForMessageRestricted
 .text.xTaskCreate
                0x0000000008002be8       0x82 ./FreeRTOS/tasks.o
                0x0000000008002be8                xTaskCreate
 .text.prvInitialiseNewTask
                0x0000000008002c6a      0x11e ./FreeRTOS/tasks.o
 .text.prvAddNewTaskToReadyList
                0x0000000008002d88       0xdc ./FreeRTOS/tasks.o
 .text.vTaskDelay
                0x0000000008002e64       0x68 ./FreeRTOS/tasks.o
                0x0000000008002e64                vTaskDelay
 .text.vTaskStartScheduler
                0x0000000008002ecc       0x9c ./FreeRTOS/tasks.o
                0x0000000008002ecc                vTaskStartScheduler
 .text.vTaskSuspendAll
                0x0000000008002f68       0x1c ./FreeRTOS/tasks.o
                0x0000000008002f68                vTaskSuspendAll
 .text.xTaskResumeAll
                0x0000000008002f84      0x138 ./FreeRTOS/tasks.o
                0x0000000008002f84                xTaskResumeAll
 .text.xTaskGetTickCount
                0x00000000080030bc       0x20 ./FreeRTOS/tasks.o
                0x00000000080030bc                xTaskGetTickCount
 .text.xTaskIncrementTick
                0x00000000080030dc      0x170 ./FreeRTOS/tasks.o
                0x00000000080030dc                xTaskIncrementTick
 .text.vTaskSwitchContext
                0x000000000800324c       0xb8 ./FreeRTOS/tasks.o
                0x000000000800324c                vTaskSwitchContext
 .text.vTaskPlaceOnEventList
                0x0000000008003304       0x48 ./FreeRTOS/tasks.o
                0x0000000008003304                vTaskPlaceOnEventList
 .text.vTaskPlaceOnEventListRestricted
                0x000000000800334c       0x58 ./FreeRTOS/tasks.o
                0x000000000800334c                vTaskPlaceOnEventListRestricted
 .text.xTaskRemoveFromEventList
                0x00000000080033a4       0xc4 ./FreeRTOS/tasks.o
                0x00000000080033a4                xTaskRemoveFromEventList
 .text.vTaskInternalSetTimeOutState
                0x0000000008003468       0x2c ./FreeRTOS/tasks.o
                0x0000000008003468                vTaskInternalSetTimeOutState
 .text.xTaskCheckForTimeOut
                0x0000000008003494       0xc4 ./FreeRTOS/tasks.o
                0x0000000008003494                xTaskCheckForTimeOut
 .text.vTaskMissedYield
                0x0000000008003558       0x18 ./FreeRTOS/tasks.o
                0x0000000008003558                vTaskMissedYield
 .text.prvIdleTask
                0x0000000008003570       0x30 ./FreeRTOS/tasks.o
 .text.prvInitialiseTaskLists
                0x00000000080035a0       0x80 ./FreeRTOS/tasks.o
 .text.prvCheckTasksWaitingTermination
                0x0000000008003620       0x5c ./FreeRTOS/tasks.o
 .text.prvDeleteTCB
                0x000000000800367c       0x20 ./FreeRTOS/tasks.o
 .text.prvResetNextTaskUnblockTime
                0x000000000800369c       0x40 ./FreeRTOS/tasks.o
 .text.xTaskGetSchedulerState
                0x00000000080036dc       0x3c ./FreeRTOS/tasks.o
                0x00000000080036dc                xTaskGetSchedulerState
 .text.xTaskPriorityDisinherit
                0x0000000008003718      0x10c ./FreeRTOS/tasks.o
                0x0000000008003718                xTaskPriorityDisinherit
 .text.prvAddCurrentTaskToDelayedList
                0x0000000008003824       0xcc ./FreeRTOS/tasks.o
 .text.xTimerCreateTimerTask
                0x00000000080038f0       0x64 ./FreeRTOS/timers.o
                0x00000000080038f0                xTimerCreateTimerTask
 .text.xTimerGenericCommand
                0x0000000008003954       0x9c ./FreeRTOS/timers.o
                0x0000000008003954                xTimerGenericCommand
 .text.prvProcessExpiredTimer
                0x00000000080039f0       0x98 ./FreeRTOS/timers.o
 .text.prvTimerTask
                0x0000000008003a88       0x24 ./FreeRTOS/timers.o
 .text.prvProcessTimerOrBlockTask
                0x0000000008003aac       0x9c ./FreeRTOS/timers.o
 .text.prvGetNextExpireTime
                0x0000000008003b48       0x48 ./FreeRTOS/timers.o
 .text.prvSampleTimeNow
                0x0000000008003b90       0x40 ./FreeRTOS/timers.o
 .text.prvInsertTimerInActiveList
                0x0000000008003bd0       0x84 ./FreeRTOS/timers.o
 .text.prvProcessReceivedCommands
                0x0000000008003c54      0x18c ./FreeRTOS/timers.o
 .text.prvSwitchTimerLists
                0x0000000008003de0       0xc8 ./FreeRTOS/timers.o
 .text.prvCheckForValidListAndQueue
                0x0000000008003ea8       0x6c ./FreeRTOS/timers.o
 .text.pxPortInitialiseStack
                0x0000000008003f14       0x68 ./FreeRTOS/portable/ARM_CM4F/port.o
                0x0000000008003f14                pxPortInitialiseStack
 .text.prvTaskExitError
                0x0000000008003f7c       0x58 ./FreeRTOS/portable/ARM_CM4F/port.o
 *fill*         0x0000000008003fd4        0xc 
 .text.SVC_Handler
                0x0000000008003fe0       0x28 ./FreeRTOS/portable/ARM_CM4F/port.o
                0x0000000008003fe0                SVC_Handler
 .text.prvPortStartFirstTask
                0x0000000008004008       0x28 ./FreeRTOS/portable/ARM_CM4F/port.o
 .text.xPortStartScheduler
                0x0000000008004030      0x144 ./FreeRTOS/portable/ARM_CM4F/port.o
                0x0000000008004030                xPortStartScheduler
 .text.vPortEnterCritical
                0x0000000008004174       0x60 ./FreeRTOS/portable/ARM_CM4F/port.o
                0x0000000008004174                vPortEnterCritical
 .text.vPortExitCritical
                0x00000000080041d4       0x54 ./FreeRTOS/portable/ARM_CM4F/port.o
                0x00000000080041d4                vPortExitCritical
 *fill*         0x0000000008004228        0x8 
 .text.PendSV_Handler
                0x0000000008004230       0x68 ./FreeRTOS/portable/ARM_CM4F/port.o
                0x0000000008004230                PendSV_Handler
 .text.SysTick_Handler
                0x0000000008004298       0x44 ./FreeRTOS/portable/ARM_CM4F/port.o
                0x0000000008004298                SysTick_Handler
 .text.vPortSetupTimerInterrupt
                0x00000000080042dc       0x48 ./FreeRTOS/portable/ARM_CM4F/port.o
                0x00000000080042dc                vPortSetupTimerInterrupt
 .text.vPortEnableVFP
                0x0000000008004324       0x14 ./FreeRTOS/portable/ARM_CM4F/port.o
 .text.vPortValidateInterruptPriority
                0x0000000008004338       0x80 ./FreeRTOS/portable/ARM_CM4F/port.o
                0x0000000008004338                vPortValidateInterruptPriority
 .text.pvPortMalloc
                0x00000000080043b8      0x188 ./FreeRTOS/portable/MemMang/heap_4.o
                0x00000000080043b8                pvPortMalloc
 .text.vPortFree
                0x0000000008004540       0xb4 ./FreeRTOS/portable/MemMang/heap_4.o
                0x0000000008004540                vPortFree
 .text.prvHeapInit
                0x00000000080045f4       0xc4 ./FreeRTOS/portable/MemMang/heap_4.o
 .text.prvInsertBlockIntoFreeList
                0x00000000080046b8       0xb4 ./FreeRTOS/portable/MemMang/heap_4.o
 .text.__libc_init_array
                0x000000000800476c       0x48 /Applications/STM32CubeIDE.app/Contents/Eclipse/plugins/com.st.stm32cube.ide.mcu.externaltools.gnu-tools-for-stm32.10.3-2021.10.macos64_1.0.100.202210260954/tools/bin/../lib/gcc/arm-none-eabi/10.3.1/../../../../arm-none-eabi/lib/thumb/v7e-m+fp/hard/libc_nano.a(lib_a-init.o)
                0x000000000800476c                __libc_init_array
 .text.memcpy   0x00000000080047b4       0x1c /Applications/STM32CubeIDE.app/Contents/Eclipse/plugins/com.st.stm32cube.ide.mcu.externaltools.gnu-tools-for-stm32.10.3-2021.10.macos64_1.0.100.202210260954/tools/bin/../lib/gcc/arm-none-eabi/10.3.1/../../../../arm-none-eabi/lib/thumb/v7e-m+fp/hard/libc_nano.a(lib_a-memcpy-stub.o)
                0x00000000080047b4                memcpy
 .text.memset   0x00000000080047d0       0x10 /Applications/STM32CubeIDE.app/Contents/Eclipse/plugins/com.st.stm32cube.ide.mcu.externaltools.gnu-tools-for-stm32.10.3-2021.10.macos64_1.0.100.202210260954/tools/bin/../lib/gcc/arm-none-eabi/10.3.1/../../../../arm-none-eabi/lib/thumb/v7e-m+fp/hard/libc_nano.a(lib_a-memset.o)
                0x00000000080047d0                memset
 *(.glue_7)
 .glue_7        0x00000000080047e0        0x0 linker stubs
 *(.glue_7t)
 .glue_7t       0x00000000080047e0        0x0 linker stubs
 *(.eh_frame)
 .eh_frame      0x00000000080047e0        0x0 /Applications/STM32CubeIDE.app/Contents/Eclipse/plugins/com.st.stm32cube.ide.mcu.externaltools.gnu-tools-for-stm32.10.3-2021.10.macos64_1.0.100.202210260954/tools/bin/../lib/gcc/arm-none-eabi/10.3.1/thumb/v7e-m+fp/hard/crtbegin.o
 *(.init)
 .init          0x00000000080047e0        0x4 /Applications/STM32CubeIDE.app/Contents/Eclipse/plugins/com.st.stm32cube.ide.mcu.externaltools.gnu-tools-for-stm32.10.3-2021.10.macos64_1.0.100.202210260954/tools/bin/../lib/gcc/arm-none-eabi/10.3.1/thumb/v7e-m+fp/hard/crti.o
                0x00000000080047e0                _init
 .init          0x00000000080047e4        0x8 /Applications/STM32CubeIDE.app/Contents/Eclipse/plugins/com.st.stm32cube.ide.mcu.externaltools.gnu-tools-for-stm32.10.3-2021.10.macos64_1.0.100.202210260954/tools/bin/../lib/gcc/arm-none-eabi/10.3.1/thumb/v7e-m+fp/hard/crtn.o
 *(.fini)
 .fini          0x00000000080047ec        0x4 /Applications/STM32CubeIDE.app/Contents/Eclipse/plugins/com.st.stm32cube.ide.mcu.externaltools.gnu-tools-for-stm32.10.3-2021.10.macos64_1.0.100.202210260954/tools/bin/../lib/gcc/arm-none-eabi/10.3.1/thumb/v7e-m+fp/hard/crti.o
                0x00000000080047ec                _fini
 .fini          0x00000000080047f0        0x8 /Applications/STM32CubeIDE.app/Contents/Eclipse/plugins/com.st.stm32cube.ide.mcu.externaltools.gnu-tools-for-stm32.10.3-2021.10.macos64_1.0.100.202210260954/tools/bin/../lib/gcc/arm-none-eabi/10.3.1/thumb/v7e-m+fp/hard/crtn.o
                0x00000000080047f8                . = ALIGN (0x4)
                0x00000000080047f8                _etext = .

.vfp11_veneer   0x00000000080047f8        0x0
 .vfp11_veneer  0x00000000080047f8        0x0 linker stubs

.v4_bx          0x00000000080047f8        0x0
 .v4_bx         0x00000000080047f8        0x0 linker stubs

.iplt           0x00000000080047f8        0x0
 .iplt          0x00000000080047f8        0x0 /Applications/STM32CubeIDE.app/Contents/Eclipse/plugins/com.st.stm32cube.ide.mcu.externaltools.gnu-tools-for-stm32.10.3-2021.10.macos64_1.0.100.202210260954/tools/bin/../lib/gcc/arm-none-eabi/10.3.1/thumb/v7e-m+fp/hard/crtbegin.o

.rodata         0x00000000080047f8       0x4c
                0x00000000080047f8                . = ALIGN (0x4)
 *(.rodata)
 .rodata        0x00000000080047f8       0x1b ./Core/Src/main.o
 *fill*         0x0000000008004813        0x1 
 .rodata        0x0000000008004814        0x5 ./FreeRTOS/tasks.o
 *fill*         0x0000000008004819        0x3 
 .rodata        0x000000000800481c        0xd ./FreeRTOS/timers.o
 *(.rodata*)
 *fill*         0x0000000008004829        0x3 
 .rodata.AHBPrescTable
                0x000000000800482c       0x10 ./Core/Src/system_stm32f4xx.o
                0x000000000800482c                AHBPrescTable
 .rodata.APBPrescTable
                0x000000000800483c        0x8 ./Core/Src/system_stm32f4xx.o
                0x000000000800483c                APBPrescTable
                0x0000000008004844                . = ALIGN (0x4)

.ARM.extab      0x0000000008004844        0x0
                0x0000000008004844                . = ALIGN (0x4)
 *(.ARM.extab* .gnu.linkonce.armextab.*)
                0x0000000008004844                . = ALIGN (0x4)

.ARM            0x0000000008004844        0x8
                0x0000000008004844                . = ALIGN (0x4)
                0x0000000008004844                __exidx_start = .
 *(.ARM.exidx*)
 .ARM.exidx     0x0000000008004844        0x8 /Applications/STM32CubeIDE.app/Contents/Eclipse/plugins/com.st.stm32cube.ide.mcu.externaltools.gnu-tools-for-stm32.10.3-2021.10.macos64_1.0.100.202210260954/tools/bin/../lib/gcc/arm-none-eabi/10.3.1/thumb/v7e-m+fp/hard/libgcc.a(_udivmoddi4.o)
                0x000000000800484c                __exidx_end = .
                0x000000000800484c                . = ALIGN (0x4)

.rel.dyn        0x000000000800484c        0x0
 .rel.iplt      0x000000000800484c        0x0 /Applications/STM32CubeIDE.app/Contents/Eclipse/plugins/com.st.stm32cube.ide.mcu.externaltools.gnu-tools-for-stm32.10.3-2021.10.macos64_1.0.100.202210260954/tools/bin/../lib/gcc/arm-none-eabi/10.3.1/thumb/v7e-m+fp/hard/crtbegin.o

.preinit_array  0x000000000800484c        0x0
                0x000000000800484c                . = ALIGN (0x4)
                0x000000000800484c                PROVIDE (__preinit_array_start = .)
 *(.preinit_array*)
                0x000000000800484c                PROVIDE (__preinit_array_end = .)
                0x000000000800484c                . = ALIGN (0x4)

.init_array     0x000000000800484c        0x4
                0x000000000800484c                . = ALIGN (0x4)
                0x000000000800484c                PROVIDE (__init_array_start = .)
 *(SORT_BY_NAME(.init_array.*))
 *(.init_array*)
 .init_array    0x000000000800484c        0x4 /Applications/STM32CubeIDE.app/Contents/Eclipse/plugins/com.st.stm32cube.ide.mcu.externaltools.gnu-tools-for-stm32.10.3-2021.10.macos64_1.0.100.202210260954/tools/bin/../lib/gcc/arm-none-eabi/10.3.1/thumb/v7e-m+fp/hard/crtbegin.o
                0x0000000008004850                PROVIDE (__init_array_end = .)
                0x0000000008004850                . = ALIGN (0x4)

.fini_array     0x0000000008004850        0x4
                0x0000000008004850                . = ALIGN (0x4)
                [!provide]                        PROVIDE (__fini_array_start = .)
 *(SORT_BY_NAME(.fini_array.*))
 *(.fini_array*)
 .fini_array    0x0000000008004850        0x4 /Applications/STM32CubeIDE.app/Contents/Eclipse/plugins/com.st.stm32cube.ide.mcu.externaltools.gnu-tools-for-stm32.10.3-2021.10.macos64_1.0.100.202210260954/tools/bin/../lib/gcc/arm-none-eabi/10.3.1/thumb/v7e-m+fp/hard/crtbegin.o
                [!provide]                        PROVIDE (__fini_array_end = .)
                0x0000000008004854                . = ALIGN (0x4)
                0x0000000008004854                _sidata = LOADADDR (.data)

.data           0x0000000020000000       0x10 load address 0x0000000008004854
                0x0000000020000000                . = ALIGN (0x4)
                0x0000000020000000                _sdata = .
 *(.data)
 *(.data*)
 .data.SystemCoreClock
                0x0000000020000000        0x4 ./Core/Src/system_stm32f4xx.o
                0x0000000020000000                SystemCoreClock
 .data.uwTickPrio
                0x0000000020000004        0x4 ./Drivers/STM32F4xx_HAL_Driver/Src/stm32f4xx_hal.o
                0x0000000020000004                uwTickPrio
 .data.uwTickFreq
                0x0000000020000008        0x1 ./Drivers/STM32F4xx_HAL_Driver/Src/stm32f4xx_hal.o
                0x0000000020000008                uwTickFreq
 *fill*         0x0000000020000009        0x3 
 .data.uxCriticalNesting
                0x000000002000000c        0x4 ./FreeRTOS/portable/ARM_CM4F/port.o
 *(.RamFunc)
 *(.RamFunc*)
                0x0000000020000010                . = ALIGN (0x4)
                0x0000000020000010                _edata = .
                0x0000000008004864                _siccmram = LOADADDR (.ccmram)

.igot.plt       0x0000000020000010        0x0 load address 0x0000000008004864
 .igot.plt      0x0000000020000010        0x0 /Applications/STM32CubeIDE.app/Contents/Eclipse/plugins/com.st.stm32cube.ide.mcu.externaltools.gnu-tools-for-stm32.10.3-2021.10.macos64_1.0.100.202210260954/tools/bin/../lib/gcc/arm-none-eabi/10.3.1/thumb/v7e-m+fp/hard/crtbegin.o

.ccmram         0x0000000010000000        0x0 load address 0x0000000008004864
                0x0000000010000000                . = ALIGN (0x4)
                0x0000000010000000                _sccmram = .
 *(.ccmram)
 *(.ccmram*)
                0x0000000010000000                . = ALIGN (0x4)
                0x0000000010000000                _eccmram = .
                0x0000000010000000                . = ALIGN (0x4)

.bss            0x0000000020000010    0x12e10
                0x0000000020000010                _sbss = .
                0x0000000020000010                __bss_start__ = _sbss
 *(.bss)
 .bss           0x0000000020000010       0x1c /Applications/STM32CubeIDE.app/Contents/Eclipse/plugins/com.st.stm32cube.ide.mcu.externaltools.gnu-tools-for-stm32.10.3-2021.10.macos64_1.0.100.202210260954/tools/bin/../lib/gcc/arm-none-eabi/10.3.1/thumb/v7e-m+fp/hard/crtbegin.o
 *(.bss*)
 .bss.xHandle   0x000000002000002c        0x4 ./Core/Src/main.o
                0x000000002000002c                xHandle
 .bss.MsgQueue  0x0000000020000030        0x4 ./Core/Src/main.o
                0x0000000020000030                MsgQueue
 .bss.htim7     0x0000000020000034       0x48 ./Core/Src/stm32f4xx_hal_timebase_tim.o
                0x0000000020000034                htim7
 .bss.uwTick    0x000000002000007c        0x4 ./Drivers/STM32F4xx_HAL_Driver/Src/stm32f4xx_hal.o
                0x000000002000007c                uwTick
 .bss.xQueueRegistry
                0x0000000020000080       0x40 ./FreeRTOS/queue.o
                0x0000000020000080                xQueueRegistry
 .bss.pxCurrentTCB
                0x00000000200000c0        0x4 ./FreeRTOS/tasks.o
                0x00000000200000c0                pxCurrentTCB
 .bss.pxReadyTasksLists
                0x00000000200000c4       0x64 ./FreeRTOS/tasks.o
 .bss.xDelayedTaskList1
                0x0000000020000128       0x14 ./FreeRTOS/tasks.o
 .bss.xDelayedTaskList2
                0x000000002000013c       0x14 ./FreeRTOS/tasks.o
 .bss.pxDelayedTaskList
                0x0000000020000150        0x4 ./FreeRTOS/tasks.o
 .bss.pxOverflowDelayedTaskList
                0x0000000020000154        0x4 ./FreeRTOS/tasks.o
 .bss.xPendingReadyList
                0x0000000020000158       0x14 ./FreeRTOS/tasks.o
 .bss.xTasksWaitingTermination
                0x000000002000016c       0x14 ./FreeRTOS/tasks.o
 .bss.uxDeletedTasksWaitingCleanUp
                0x0000000020000180        0x4 ./FreeRTOS/tasks.o
 .bss.xSuspendedTaskList
                0x0000000020000184       0x14 ./FreeRTOS/tasks.o
 .bss.uxCurrentNumberOfTasks
                0x0000000020000198        0x4 ./FreeRTOS/tasks.o
 .bss.xTickCount
                0x000000002000019c        0x4 ./FreeRTOS/tasks.o
 .bss.uxTopReadyPriority
                0x00000000200001a0        0x4 ./FreeRTOS/tasks.o
 .bss.xSchedulerRunning
                0x00000000200001a4        0x4 ./FreeRTOS/tasks.o
 .bss.uxPendedTicks
                0x00000000200001a8        0x4 ./FreeRTOS/tasks.o
 .bss.xYieldPending
                0x00000000200001ac        0x4 ./FreeRTOS/tasks.o
 .bss.xNumOfOverflows
                0x00000000200001b0        0x4 ./FreeRTOS/tasks.o
 .bss.uxTaskNumber
                0x00000000200001b4        0x4 ./FreeRTOS/tasks.o
 .bss.xNextTaskUnblockTime
                0x00000000200001b8        0x4 ./FreeRTOS/tasks.o
 .bss.xIdleTaskHandle
                0x00000000200001bc        0x4 ./FreeRTOS/tasks.o
 .bss.uxSchedulerSuspended
                0x00000000200001c0        0x4 ./FreeRTOS/tasks.o
 .bss.xActiveTimerList1
                0x00000000200001c4       0x14 ./FreeRTOS/timers.o
 .bss.xActiveTimerList2
                0x00000000200001d8       0x14 ./FreeRTOS/timers.o
 .bss.pxCurrentTimerList
                0x00000000200001ec        0x4 ./FreeRTOS/timers.o
 .bss.pxOverflowTimerList
                0x00000000200001f0        0x4 ./FreeRTOS/timers.o
 .bss.xTimerQueue
                0x00000000200001f4        0x4 ./FreeRTOS/timers.o
 .bss.xTimerTaskHandle
                0x00000000200001f8        0x4 ./FreeRTOS/timers.o
 .bss.xLastTime.0
                0x00000000200001fc        0x4 ./FreeRTOS/timers.o
 .bss.ucMaxSysCallPriority
                0x0000000020000200        0x1 ./FreeRTOS/portable/ARM_CM4F/port.o
 *fill*         0x0000000020000201        0x3 
 .bss.ulMaxPRIGROUPValue
                0x0000000020000204        0x4 ./FreeRTOS/portable/ARM_CM4F/port.o
 .bss.ucHeap    0x0000000020000208    0x12c00 ./FreeRTOS/portable/MemMang/heap_4.o
 .bss.xStart    0x0000000020012e08        0x8 ./FreeRTOS/portable/MemMang/heap_4.o
 .bss.pxEnd     0x0000000020012e10        0x4 ./FreeRTOS/portable/MemMang/heap_4.o
 .bss.xFreeBytesRemaining
                0x0000000020012e14        0x4 ./FreeRTOS/portable/MemMang/heap_4.o
 .bss.xMinimumEverFreeBytesRemaining
                0x0000000020012e18        0x4 ./FreeRTOS/portable/MemMang/heap_4.o
 .bss.xBlockAllocatedBit
                0x0000000020012e1c        0x4 ./FreeRTOS/portable/MemMang/heap_4.o
 *(COMMON)
                0x0000000020012e20                . = ALIGN (0x4)
                0x0000000020012e20                _ebss = .
                0x0000000020012e20                __bss_end__ = _ebss

._user_heap_stack
                0x0000000020012e20      0x600
                0x0000000020012e20                . = ALIGN (0x8)
                [!provide]                        PROVIDE (end = .)
                0x0000000020012e20                PROVIDE (_end = .)
                0x0000000020013020                . = (. + _Min_Heap_Size)
 *fill*         0x0000000020012e20      0x200 
                0x0000000020013420                . = (. + _Min_Stack_Size)
 *fill*         0x0000000020013020      0x400 
                0x0000000020013420                . = ALIGN (0x8)

/DISCARD/
 libc.a(*)
 libm.a(*)
 libgcc.a(*)

.ARM.attributes
                0x0000000000000000       0x30
 *(.ARM.attributes)
 .ARM.attributes
                0x0000000000000000       0x1e /Applications/STM32CubeIDE.app/Contents/Eclipse/plugins/com.st.stm32cube.ide.mcu.externaltools.gnu-tools-for-stm32.10.3-2021.10.macos64_1.0.100.202210260954/tools/bin/../lib/gcc/arm-none-eabi/10.3.1/thumb/v7e-m+fp/hard/crti.o
 .ARM.attributes
                0x000000000000001e       0x34 /Applications/STM32CubeIDE.app/Contents/Eclipse/plugins/com.st.stm32cube.ide.mcu.externaltools.gnu-tools-for-stm32.10.3-2021.10.macos64_1.0.100.202210260954/tools/bin/../lib/gcc/arm-none-eabi/10.3.1/thumb/v7e-m+fp/hard/crtbegin.o
 .ARM.attributes
                0x0000000000000052       0x34 ./Core/Src/main.o
 .ARM.attributes
                0x0000000000000086       0x34 ./Core/Src/stm32f4xx_hal_msp.o
 .ARM.attributes
                0x00000000000000ba       0x34 ./Core/Src/stm32f4xx_hal_timebase_tim.o
 .ARM.attributes
                0x00000000000000ee       0x34 ./Core/Src/stm32f4xx_it.o
 .ARM.attributes
                0x0000000000000122       0x34 ./Core/Src/system_stm32f4xx.o
 .ARM.attributes
                0x0000000000000156       0x21 ./Core/Startup/startup_stm32f407vgtx.o
 .ARM.attributes
                0x0000000000000177       0x34 ./Drivers/STM32F4xx_HAL_Driver/Src/stm32f4xx_hal.o
 .ARM.attributes
                0x00000000000001ab       0x34 ./Drivers/STM32F4xx_HAL_Driver/Src/stm32f4xx_hal_cortex.o
 .ARM.attributes
                0x00000000000001df       0x34 ./Drivers/STM32F4xx_HAL_Driver/Src/stm32f4xx_hal_gpio.o
 .ARM.attributes
                0x0000000000000213       0x34 ./Drivers/STM32F4xx_HAL_Driver/Src/stm32f4xx_hal_rcc.o
 .ARM.attributes
                0x0000000000000247       0x34 ./Drivers/STM32F4xx_HAL_Driver/Src/stm32f4xx_hal_tim.o
 .ARM.attributes
                0x000000000000027b       0x34 ./Drivers/STM32F4xx_HAL_Driver/Src/stm32f4xx_hal_tim_ex.o
 .ARM.attributes
                0x00000000000002af       0x34 ./FreeRTOS/list.o
 .ARM.attributes
                0x00000000000002e3       0x34 ./FreeRTOS/queue.o
 .ARM.attributes
                0x0000000000000317       0x34 ./FreeRTOS/tasks.o
 .ARM.attributes
                0x000000000000034b       0x34 ./FreeRTOS/timers.o
 .ARM.attributes
                0x000000000000037f       0x34 ./FreeRTOS/portable/ARM_CM4F/port.o
 .ARM.attributes
                0x00000000000003b3       0x34 ./FreeRTOS/portable/MemMang/heap_4.o
 .ARM.attributes
                0x00000000000003e7       0x34 /Applications/STM32CubeIDE.app/Contents/Eclipse/plugins/com.st.stm32cube.ide.mcu.externaltools.gnu-tools-for-stm32.10.3-2021.10.macos64_1.0.100.202210260954/tools/bin/../lib/gcc/arm-none-eabi/10.3.1/../../../../arm-none-eabi/lib/thumb/v7e-m+fp/hard/libc_nano.a(lib_a-init.o)
 .ARM.attributes
                0x000000000000041b       0x34 /Applications/STM32CubeIDE.app/Contents/Eclipse/plugins/com.st.stm32cube.ide.mcu.externaltools.gnu-tools-for-stm32.10.3-2021.10.macos64_1.0.100.202210260954/tools/bin/../lib/gcc/arm-none-eabi/10.3.1/../../../../arm-none-eabi/lib/thumb/v7e-m+fp/hard/libc_nano.a(lib_a-memcpy-stub.o)
 .ARM.attributes
                0x000000000000044f       0x34 /Applications/STM32CubeIDE.app/Contents/Eclipse/plugins/com.st.stm32cube.ide.mcu.externaltools.gnu-tools-for-stm32.10.3-2021.10.macos64_1.0.100.202210260954/tools/bin/../lib/gcc/arm-none-eabi/10.3.1/../../../../arm-none-eabi/lib/thumb/v7e-m+fp/hard/libc_nano.a(lib_a-memset.o)
 .ARM.attributes
                0x0000000000000483       0x1e /Applications/STM32CubeIDE.app/Contents/Eclipse/plugins/com.st.stm32cube.ide.mcu.externaltools.gnu-tools-for-stm32.10.3-2021.10.macos64_1.0.100.202210260954/tools/bin/../lib/gcc/arm-none-eabi/10.3.1/thumb/v7e-m+fp/hard/libgcc.a(_aeabi_uldivmod.o)
 .ARM.attributes
                0x00000000000004a1       0x34 /Applications/STM32CubeIDE.app/Contents/Eclipse/plugins/com.st.stm32cube.ide.mcu.externaltools.gnu-tools-for-stm32.10.3-2021.10.macos64_1.0.100.202210260954/tools/bin/../lib/gcc/arm-none-eabi/10.3.1/thumb/v7e-m+fp/hard/libgcc.a(_udivmoddi4.o)
 .ARM.attributes
                0x00000000000004d5       0x1e /Applications/STM32CubeIDE.app/Contents/Eclipse/plugins/com.st.stm32cube.ide.mcu.externaltools.gnu-tools-for-stm32.10.3-2021.10.macos64_1.0.100.202210260954/tools/bin/../lib/gcc/arm-none-eabi/10.3.1/thumb/v7e-m+fp/hard/libgcc.a(_dvmd_tls.o)
 .ARM.attributes
                0x00000000000004f3       0x1e /Applications/STM32CubeIDE.app/Contents/Eclipse/plugins/com.st.stm32cube.ide.mcu.externaltools.gnu-tools-for-stm32.10.3-2021.10.macos64_1.0.100.202210260954/tools/bin/../lib/gcc/arm-none-eabi/10.3.1/thumb/v7e-m+fp/hard/crtn.o
OUTPUT(lab_01.elf elf32-littlearm)
LOAD linker stubs
LOAD /Applications/STM32CubeIDE.app/Contents/Eclipse/plugins/com.st.stm32cube.ide.mcu.externaltools.gnu-tools-for-stm32.10.3-2021.10.macos64_1.0.100.202210260954/tools/bin/../lib/gcc/arm-none-eabi/10.3.1/../../../../arm-none-eabi/lib/thumb/v7e-m+fp/hard/libc.a
LOAD /Applications/STM32CubeIDE.app/Contents/Eclipse/plugins/com.st.stm32cube.ide.mcu.externaltools.gnu-tools-for-stm32.10.3-2021.10.macos64_1.0.100.202210260954/tools/bin/../lib/gcc/arm-none-eabi/10.3.1/../../../../arm-none-eabi/lib/thumb/v7e-m+fp/hard/libm.a
LOAD /Applications/STM32CubeIDE.app/Contents/Eclipse/plugins/com.st.stm32cube.ide.mcu.externaltools.gnu-tools-for-stm32.10.3-2021.10.macos64_1.0.100.202210260954/tools/bin/../lib/gcc/arm-none-eabi/10.3.1/thumb/v7e-m+fp/hard/libgcc.a

.debug_info     0x0000000000000000     0xe6fa
 .debug_info    0x0000000000000000      0xf80 ./Core/Src/main.o
 .debug_info    0x0000000000000f80      0x2a8 ./Core/Src/stm32f4xx_hal_msp.o
 .debug_info    0x0000000000001228      0xc4b ./Core/Src/stm32f4xx_hal_timebase_tim.o
 .debug_info    0x0000000000001e73      0x6f8 ./Core/Src/stm32f4xx_it.o
 .debug_info    0x000000000000256b      0x523 ./Core/Src/system_stm32f4xx.o
 .debug_info    0x0000000000002a8e       0x22 ./Core/Startup/startup_stm32f407vgtx.o
 .debug_info    0x0000000000002ab0      0x97c ./Drivers/STM32F4xx_HAL_Driver/Src/stm32f4xx_hal.o
 .debug_info    0x000000000000342c      0xe1b ./Drivers/STM32F4xx_HAL_Driver/Src/stm32f4xx_hal_cortex.o
 .debug_info    0x0000000000004247      0x76a ./Drivers/STM32F4xx_HAL_Driver/Src/stm32f4xx_hal_gpio.o
 .debug_info    0x00000000000049b1      0x966 ./Drivers/STM32F4xx_HAL_Driver/Src/stm32f4xx_hal_rcc.o
 .debug_info    0x0000000000005317     0x2bbe ./Drivers/STM32F4xx_HAL_Driver/Src/stm32f4xx_hal_tim.o
 .debug_info    0x0000000000007ed5     0x15e0 ./Drivers/STM32F4xx_HAL_Driver/Src/stm32f4xx_hal_tim_ex.o
 .debug_info    0x00000000000094b5      0x2d1 ./FreeRTOS/list.o
 .debug_info    0x0000000000009786     0x184e ./FreeRTOS/queue.o
 .debug_info    0x000000000000afd4     0x1fbe ./FreeRTOS/tasks.o
 .debug_info    0x000000000000cf92      0xe77 ./FreeRTOS/timers.o
 .debug_info    0x000000000000de09      0x507 ./FreeRTOS/portable/ARM_CM4F/port.o
 .debug_info    0x000000000000e310      0x3ea ./FreeRTOS/portable/MemMang/heap_4.o

.debug_abbrev   0x0000000000000000     0x254b
 .debug_abbrev  0x0000000000000000      0x2d4 ./Core/Src/main.o
 .debug_abbrev  0x00000000000002d4       0xd4 ./Core/Src/stm32f4xx_hal_msp.o
 .debug_abbrev  0x00000000000003a8      0x1e6 ./Core/Src/stm32f4xx_hal_timebase_tim.o
 .debug_abbrev  0x000000000000058e      0x171 ./Core/Src/stm32f4xx_it.o
 .debug_abbrev  0x00000000000006ff      0x116 ./Core/Src/system_stm32f4xx.o
 .debug_abbrev  0x0000000000000815       0x12 ./Core/Startup/startup_stm32f407vgtx.o
 .debug_abbrev  0x0000000000000827      0x20d ./Drivers/STM32F4xx_HAL_Driver/Src/stm32f4xx_hal.o
 .debug_abbrev  0x0000000000000a34      0x316 ./Drivers/STM32F4xx_HAL_Driver/Src/stm32f4xx_hal_cortex.o
 .debug_abbrev  0x0000000000000d4a      0x1c4 ./Drivers/STM32F4xx_HAL_Driver/Src/stm32f4xx_hal_gpio.o
 .debug_abbrev  0x0000000000000f0e      0x2aa ./Drivers/STM32F4xx_HAL_Driver/Src/stm32f4xx_hal_rcc.o
 .debug_abbrev  0x00000000000011b8      0x25d ./Drivers/STM32F4xx_HAL_Driver/Src/stm32f4xx_hal_tim.o
 .debug_abbrev  0x0000000000001415      0x265 ./Drivers/STM32F4xx_HAL_Driver/Src/stm32f4xx_hal_tim_ex.o
 .debug_abbrev  0x000000000000167a       0xf2 ./FreeRTOS/list.o
 .debug_abbrev  0x000000000000176c      0x341 ./FreeRTOS/queue.o
 .debug_abbrev  0x0000000000001aad      0x36e ./FreeRTOS/tasks.o
 .debug_abbrev  0x0000000000001e1b      0x2d8 ./FreeRTOS/timers.o
 .debug_abbrev  0x00000000000020f3      0x259 ./FreeRTOS/portable/ARM_CM4F/port.o
 .debug_abbrev  0x000000000000234c      0x1ff ./FreeRTOS/portable/MemMang/heap_4.o

.debug_aranges  0x0000000000000000      0xe58
 .debug_aranges
                0x0000000000000000       0x50 ./Core/Src/main.o
 .debug_aranges
                0x0000000000000050       0x20 ./Core/Src/stm32f4xx_hal_msp.o
 .debug_aranges
                0x0000000000000070       0x30 ./Core/Src/stm32f4xx_hal_timebase_tim.o
 .debug_aranges
                0x00000000000000a0       0x50 ./Core/Src/stm32f4xx_it.o
 .debug_aranges
                0x00000000000000f0       0x28 ./Core/Src/system_stm32f4xx.o
 .debug_aranges
                0x0000000000000118       0x28 ./Core/Startup/startup_stm32f407vgtx.o
 .debug_aranges
                0x0000000000000140       0xf0 ./Drivers/STM32F4xx_HAL_Driver/Src/stm32f4xx_hal.o
 .debug_aranges
                0x0000000000000230      0x118 ./Drivers/STM32F4xx_HAL_Driver/Src/stm32f4xx_hal_cortex.o
 .debug_aranges
                0x0000000000000348       0x58 ./Drivers/STM32F4xx_HAL_Driver/Src/stm32f4xx_hal_gpio.o
 .debug_aranges
                0x00000000000003a0       0x88 ./Drivers/STM32F4xx_HAL_Driver/Src/stm32f4xx_hal_rcc.o
 .debug_aranges
                0x0000000000000428      0x3d0 ./Drivers/STM32F4xx_HAL_Driver/Src/stm32f4xx_hal_tim.o
 .debug_aranges
                0x00000000000007f8      0x168 ./Drivers/STM32F4xx_HAL_Driver/Src/stm32f4xx_hal_tim_ex.o
 .debug_aranges
                0x0000000000000960       0x40 ./FreeRTOS/list.o
 .debug_aranges
                0x00000000000009a0      0x130 ./FreeRTOS/queue.o
 .debug_aranges
                0x0000000000000ad0      0x1e8 ./FreeRTOS/tasks.o
 .debug_aranges
                0x0000000000000cb8       0xd0 ./FreeRTOS/timers.o
 .debug_aranges
                0x0000000000000d88       0x80 ./FreeRTOS/portable/ARM_CM4F/port.o
 .debug_aranges
                0x0000000000000e08       0x50 ./FreeRTOS/portable/MemMang/heap_4.o

.debug_ranges   0x0000000000000000      0xd40
 .debug_ranges  0x0000000000000000       0x40 ./Core/Src/main.o
 .debug_ranges  0x0000000000000040       0x10 ./Core/Src/stm32f4xx_hal_msp.o
 .debug_ranges  0x0000000000000050       0x20 ./Core/Src/stm32f4xx_hal_timebase_tim.o
 .debug_ranges  0x0000000000000070       0x40 ./Core/Src/stm32f4xx_it.o
 .debug_ranges  0x00000000000000b0       0x18 ./Core/Src/system_stm32f4xx.o
 .debug_ranges  0x00000000000000c8       0x20 ./Core/Startup/startup_stm32f407vgtx.o
 .debug_ranges  0x00000000000000e8       0xe0 ./Drivers/STM32F4xx_HAL_Driver/Src/stm32f4xx_hal.o
 .debug_ranges  0x00000000000001c8      0x108 ./Drivers/STM32F4xx_HAL_Driver/Src/stm32f4xx_hal_cortex.o
 .debug_ranges  0x00000000000002d0       0x48 ./Drivers/STM32F4xx_HAL_Driver/Src/stm32f4xx_hal_gpio.o
 .debug_ranges  0x0000000000000318       0x78 ./Drivers/STM32F4xx_HAL_Driver/Src/stm32f4xx_hal_rcc.o
 .debug_ranges  0x0000000000000390      0x3c0 ./Drivers/STM32F4xx_HAL_Driver/Src/stm32f4xx_hal_tim.o
 .debug_ranges  0x0000000000000750      0x158 ./Drivers/STM32F4xx_HAL_Driver/Src/stm32f4xx_hal_tim_ex.o
 .debug_ranges  0x00000000000008a8       0x30 ./FreeRTOS/list.o
 .debug_ranges  0x00000000000008d8      0x120 ./FreeRTOS/queue.o
 .debug_ranges  0x00000000000009f8      0x1d8 ./FreeRTOS/tasks.o
 .debug_ranges  0x0000000000000bd0       0xc0 ./FreeRTOS/timers.o
 .debug_ranges  0x0000000000000c90       0x70 ./FreeRTOS/portable/ARM_CM4F/port.o
 .debug_ranges  0x0000000000000d00       0x40 ./FreeRTOS/portable/MemMang/heap_4.o

.debug_macro    0x0000000000000000    0x2215a
 .debug_macro   0x0000000000000000      0x3e1 ./Core/Src/main.o
 .debug_macro   0x00000000000003e1      0xa78 ./Core/Src/main.o
 .debug_macro   0x0000000000000e59      0x295 ./Core/Src/main.o
 .debug_macro   0x00000000000010ee       0x2e ./Core/Src/main.o
 .debug_macro   0x000000000000111c       0x2f ./Core/Src/main.o
 .debug_macro   0x000000000000114b       0x22 ./Core/Src/main.o
 .debug_macro   0x000000000000116d       0x8e ./Core/Src/main.o
 .debug_macro   0x00000000000011fb       0x51 ./Core/Src/main.o
 .debug_macro   0x000000000000124c      0x103 ./Core/Src/main.o
 .debug_macro   0x000000000000134f       0x6a ./Core/Src/main.o
 .debug_macro   0x00000000000013b9      0x1df ./Core/Src/main.o
 .debug_macro   0x0000000000001598       0x1c ./Core/Src/main.o
 .debug_macro   0x00000000000015b4       0x22 ./Core/Src/main.o
 .debug_macro   0x00000000000015d6       0xd9 ./Core/Src/main.o
 .debug_macro   0x00000000000016af     0x102d ./Core/Src/main.o
 .debug_macro   0x00000000000026dc      0x11f ./Core/Src/main.o
 .debug_macro   0x00000000000027fb    0x15e82 ./Core/Src/main.o
 .debug_macro   0x000000000001867d       0x6d ./Core/Src/main.o
 .debug_macro   0x00000000000186ea     0x367e ./Core/Src/main.o
 .debug_macro   0x000000000001bd68      0x174 ./Core/Src/main.o
 .debug_macro   0x000000000001bedc       0x5c ./Core/Src/main.o
 .debug_macro   0x000000000001bf38      0x96b ./Core/Src/main.o
 .debug_macro   0x000000000001c8a3      0x9fe ./Core/Src/main.o
 .debug_macro   0x000000000001d2a1      0x115 ./Core/Src/main.o
 .debug_macro   0x000000000001d3b6      0x13e ./Core/Src/main.o
 .debug_macro   0x000000000001d4f4       0xa5 ./Core/Src/main.o
 .debug_macro   0x000000000001d599      0x174 ./Core/Src/main.o
 .debug_macro   0x000000000001d70d      0x287 ./Core/Src/main.o
 .debug_macro   0x000000000001d994       0x5f ./Core/Src/main.o
 .debug_macro   0x000000000001d9f3      0x236 ./Core/Src/main.o
 .debug_macro   0x000000000001dc29      0x12c ./Core/Src/main.o
 .debug_macro   0x000000000001dd55      0x21e ./Core/Src/main.o
 .debug_macro   0x000000000001df73       0x2e ./Core/Src/main.o
 .debug_macro   0x000000000001dfa1      0x11a ./Core/Src/main.o
 .debug_macro   0x000000000001e0bb       0x7e ./Core/Src/main.o
 .debug_macro   0x000000000001e139       0x89 ./Core/Src/main.o
 .debug_macro   0x000000000001e1c2      0x8e6 ./Core/Src/main.o
 .debug_macro   0x000000000001eaa8       0x47 ./Core/Src/main.o
 .debug_macro   0x000000000001eaef      0x12d ./Core/Src/main.o
 .debug_macro   0x000000000001ec1c      0x190 ./Core/Src/main.o
 .debug_macro   0x000000000001edac       0x52 ./Core/Src/main.o
 .debug_macro   0x000000000001edfe       0x1e ./Core/Src/main.o
 .debug_macro   0x000000000001ee1c       0x3c ./Core/Src/main.o
 .debug_macro   0x000000000001ee58       0x34 ./Core/Src/main.o
 .debug_macro   0x000000000001ee8c       0x16 ./Core/Src/main.o
 .debug_macro   0x000000000001eea2       0x35 ./Core/Src/main.o
 .debug_macro   0x000000000001eed7      0x341 ./Core/Src/main.o
 .debug_macro   0x000000000001f218       0x10 ./Core/Src/main.o
 .debug_macro   0x000000000001f228       0x16 ./Core/Src/main.o
 .debug_macro   0x000000000001f23e       0x43 ./Core/Src/main.o
 .debug_macro   0x000000000001f281       0x34 ./Core/Src/main.o
 .debug_macro   0x000000000001f2b5       0x10 ./Core/Src/main.o
 .debug_macro   0x000000000001f2c5       0x58 ./Core/Src/main.o
 .debug_macro   0x000000000001f31d       0x71 ./Core/Src/main.o
 .debug_macro   0x000000000001f38e       0x1c ./Core/Src/main.o
 .debug_macro   0x000000000001f3aa      0x12a ./Core/Src/main.o
 .debug_macro   0x000000000001f4d4       0x10 ./Core/Src/main.o
 .debug_macro   0x000000000001f4e4       0x1c ./Core/Src/main.o
 .debug_macro   0x000000000001f500       0x52 ./Core/Src/main.o
 .debug_macro   0x000000000001f552       0x22 ./Core/Src/main.o
 .debug_macro   0x000000000001f574       0x10 ./Core/Src/main.o
 .debug_macro   0x000000000001f584       0x52 ./Core/Src/main.o
 .debug_macro   0x000000000001f5d6       0xd5 ./Core/Src/main.o
 .debug_macro   0x000000000001f6ab       0x1c ./Core/Src/main.o
 .debug_macro   0x000000000001f6c7       0x3d ./Core/Src/main.o
 .debug_macro   0x000000000001f704       0x16 ./Core/Src/main.o
 .debug_macro   0x000000000001f71a      0x145 ./Core/Src/main.o
 .debug_macro   0x000000000001f85f       0x16 ./Core/Src/main.o
 .debug_macro   0x000000000001f875       0x16 ./Core/Src/main.o
 .debug_macro   0x000000000001f88b       0x29 ./Core/Src/main.o
 .debug_macro   0x000000000001f8b4      0x106 ./Core/Src/main.o
 .debug_macro   0x000000000001f9ba      0x15a ./Core/Src/main.o
 .debug_macro   0x000000000001fb14       0xe4 ./Core/Src/main.o
 .debug_macro   0x000000000001fbf8       0x1c ./Core/Src/main.o
 .debug_macro   0x000000000001fc14       0x26 ./Core/Src/main.o
 .debug_macro   0x000000000001fc3a      0x4d3 ./Core/Src/main.o
 .debug_macro   0x000000000002010d       0xb5 ./Core/Src/main.o
 .debug_macro   0x00000000000201c2       0xaa ./Core/Src/main.o
 .debug_macro   0x000000000002026c       0x80 ./Core/Src/main.o
 .debug_macro   0x00000000000202ec      0x1d3 ./Core/Src/stm32f4xx_hal_msp.o
 .debug_macro   0x00000000000204bf      0x1c4 ./Core/Src/stm32f4xx_hal_timebase_tim.o
 .debug_macro   0x0000000000020683      0x1dd ./Core/Src/stm32f4xx_it.o
 .debug_macro   0x0000000000020860      0x1c4 ./Core/Src/system_stm32f4xx.o
 .debug_macro   0x0000000000020a24      0x224 ./Drivers/STM32F4xx_HAL_Driver/Src/stm32f4xx_hal.o
 .debug_macro   0x0000000000020c48      0x1c4 ./Drivers/STM32F4xx_HAL_Driver/Src/stm32f4xx_hal_cortex.o
 .debug_macro   0x0000000000020e0c      0x1ca ./Drivers/STM32F4xx_HAL_Driver/Src/stm32f4xx_hal_gpio.o
 .debug_macro   0x0000000000020fd6      0x1e8 ./Drivers/STM32F4xx_HAL_Driver/Src/stm32f4xx_hal_rcc.o
 .debug_macro   0x00000000000211be      0x1c5 ./Drivers/STM32F4xx_HAL_Driver/Src/stm32f4xx_hal_tim.o
 .debug_macro   0x0000000000021383      0x1c4 ./Drivers/STM32F4xx_HAL_Driver/Src/stm32f4xx_hal_tim_ex.o
 .debug_macro   0x0000000000021547      0x187 ./FreeRTOS/list.o
 .debug_macro   0x00000000000216ce      0x216 ./FreeRTOS/queue.o
 .debug_macro   0x00000000000218e4       0x16 ./FreeRTOS/queue.o
 .debug_macro   0x00000000000218fa       0x20 ./FreeRTOS/queue.o
 .debug_macro   0x000000000002191a      0x279 ./FreeRTOS/tasks.o
 .debug_macro   0x0000000000021b93       0x10 ./FreeRTOS/tasks.o
 .debug_macro   0x0000000000021ba3      0x1dc ./FreeRTOS/timers.o
 .debug_macro   0x0000000000021d7f       0x97 ./FreeRTOS/timers.o
 .debug_macro   0x0000000000021e16      0x196 ./FreeRTOS/portable/ARM_CM4F/port.o
 .debug_macro   0x0000000000021fac      0x1ae ./FreeRTOS/portable/MemMang/heap_4.o

.debug_line     0x0000000000000000     0xfdc7
 .debug_line    0x0000000000000000      0xc2d ./Core/Src/main.o
 .debug_line    0x0000000000000c2d      0x6d7 ./Core/Src/stm32f4xx_hal_msp.o
 .debug_line    0x0000000000001304      0x751 ./Core/Src/stm32f4xx_hal_timebase_tim.o
 .debug_line    0x0000000000001a55      0x774 ./Core/Src/stm32f4xx_it.o
 .debug_line    0x00000000000021c9      0x759 ./Core/Src/system_stm32f4xx.o
 .debug_line    0x0000000000002922       0x88 ./Core/Startup/startup_stm32f407vgtx.o
 .debug_line    0x00000000000029aa      0x9bf ./Drivers/STM32F4xx_HAL_Driver/Src/stm32f4xx_hal.o
 .debug_line    0x0000000000003369      0xc6e ./Drivers/STM32F4xx_HAL_Driver/Src/stm32f4xx_hal_cortex.o
 .debug_line    0x0000000000003fd7      0xb33 ./Drivers/STM32F4xx_HAL_Driver/Src/stm32f4xx_hal_gpio.o
 .debug_line    0x0000000000004b0a      0xd3b ./Drivers/STM32F4xx_HAL_Driver/Src/stm32f4xx_hal_rcc.o
 .debug_line    0x0000000000005845     0x36b3 ./Drivers/STM32F4xx_HAL_Driver/Src/stm32f4xx_hal_tim.o
 .debug_line    0x0000000000008ef8     0x19bc ./Drivers/STM32F4xx_HAL_Driver/Src/stm32f4xx_hal_tim_ex.o
 .debug_line    0x000000000000a8b4      0x731 ./FreeRTOS/list.o
 .debug_line    0x000000000000afe5     0x1541 ./FreeRTOS/queue.o
 .debug_line    0x000000000000c526     0x1b57 ./FreeRTOS/tasks.o
 .debug_line    0x000000000000e07d      0xc4f ./FreeRTOS/timers.o
 .debug_line    0x000000000000eccc      0x808 ./FreeRTOS/portable/ARM_CM4F/port.o
 .debug_line    0x000000000000f4d4      0x8f3 ./FreeRTOS/portable/MemMang/heap_4.o

.debug_str      0x0000000000000000    0xd049e
 .debug_str     0x0000000000000000    0xca8db ./Core/Src/main.o
                                      0xcac72 (size before relaxing)
 .debug_str     0x00000000000ca8db       0x2c ./Core/Src/stm32f4xx_hal_msp.o
                                      0xc203a (size before relaxing)
 .debug_str     0x00000000000ca907      0x60a ./Core/Src/stm32f4xx_hal_timebase_tim.o
                                      0xc257c (size before relaxing)
 .debug_str     0x00000000000caf11       0xb5 ./Core/Src/stm32f4xx_it.o
                                      0xc24e7 (size before relaxing)
 .debug_str     0x00000000000cafc6       0xdb ./Core/Src/system_stm32f4xx.o
                                      0xc1a85 (size before relaxing)
 .debug_str     0x00000000000cb0a1       0x36 ./Core/Startup/startup_stm32f407vgtx.o
                                         0x6f (size before relaxing)
 .debug_str     0x00000000000cb0d7      0x5c9 ./Drivers/STM32F4xx_HAL_Driver/Src/stm32f4xx_hal.o
                                      0xc2609 (size before relaxing)
 .debug_str     0x00000000000cb6a0      0x33a ./Drivers/STM32F4xx_HAL_Driver/Src/stm32f4xx_hal_cortex.o
                                      0xc233c (size before relaxing)
 .debug_str     0x00000000000cb9da      0x120 ./Drivers/STM32F4xx_HAL_Driver/Src/stm32f4xx_hal_gpio.o
                                      0xc1c00 (size before relaxing)
 .debug_str     0x00000000000cbafa      0x1fd ./Drivers/STM32F4xx_HAL_Driver/Src/stm32f4xx_hal_rcc.o
                                      0xc1eb9 (size before relaxing)
 .debug_str     0x00000000000cbcf7      0xe69 ./Drivers/STM32F4xx_HAL_Driver/Src/stm32f4xx_hal_tim.o
                                      0xc2dff (size before relaxing)
 .debug_str     0x00000000000ccb60      0x503 ./Drivers/STM32F4xx_HAL_Driver/Src/stm32f4xx_hal_tim_ex.o
                                      0xc261b (size before relaxing)
 .debug_str     0x00000000000cd063      0x12f ./FreeRTOS/list.o
                                       0xa667 (size before relaxing)
 .debug_str     0x00000000000cd192      0xac0 ./FreeRTOS/queue.o
                                       0xbf30 (size before relaxing)
 .debug_str     0x00000000000cdc52     0x19ea ./FreeRTOS/tasks.o
                                       0xcb08 (size before relaxing)
 .debug_str     0x00000000000cf63c      0x4e7 ./FreeRTOS/timers.o
                                       0xc2e1 (size before relaxing)
 .debug_str     0x00000000000cfb23      0x760 ./FreeRTOS/portable/ARM_CM4F/port.o
                                       0x85d0 (size before relaxing)
 .debug_str     0x00000000000d0283      0x21b ./FreeRTOS/portable/MemMang/heap_4.o
                                       0xae84 (size before relaxing)

.comment        0x0000000000000000       0x50
 .comment       0x0000000000000000       0x50 ./Core/Src/main.o
                                         0x51 (size before relaxing)
 .comment       0x0000000000000050       0x51 ./Core/Src/stm32f4xx_hal_msp.o
 .comment       0x0000000000000050       0x51 ./Core/Src/stm32f4xx_hal_timebase_tim.o
 .comment       0x0000000000000050       0x51 ./Core/Src/stm32f4xx_it.o
 .comment       0x0000000000000050       0x51 ./Core/Src/system_stm32f4xx.o
 .comment       0x0000000000000050       0x51 ./Drivers/STM32F4xx_HAL_Driver/Src/stm32f4xx_hal.o
 .comment       0x0000000000000050       0x51 ./Drivers/STM32F4xx_HAL_Driver/Src/stm32f4xx_hal_cortex.o
 .comment       0x0000000000000050       0x51 ./Drivers/STM32F4xx_HAL_Driver/Src/stm32f4xx_hal_gpio.o
 .comment       0x0000000000000050       0x51 ./Drivers/STM32F4xx_HAL_Driver/Src/stm32f4xx_hal_rcc.o
 .comment       0x0000000000000050       0x51 ./Drivers/STM32F4xx_HAL_Driver/Src/stm32f4xx_hal_tim.o
 .comment       0x0000000000000050       0x51 ./Drivers/STM32F4xx_HAL_Driver/Src/stm32f4xx_hal_tim_ex.o
 .comment       0x0000000000000050       0x51 ./FreeRTOS/list.o
 .comment       0x0000000000000050       0x51 ./FreeRTOS/queue.o
 .comment       0x0000000000000050       0x51 ./FreeRTOS/tasks.o
 .comment       0x0000000000000050       0x51 ./FreeRTOS/timers.o
 .comment       0x0000000000000050       0x51 ./FreeRTOS/portable/ARM_CM4F/port.o
 .comment       0x0000000000000050       0x51 ./FreeRTOS/portable/MemMang/heap_4.o

.debug_frame    0x0000000000000000     0x3b50
 .debug_frame   0x0000000000000000       0xf8 ./Core/Src/main.o
 .debug_frame   0x00000000000000f8       0x38 ./Core/Src/stm32f4xx_hal_msp.o
 .debug_frame   0x0000000000000130       0x74 ./Core/Src/stm32f4xx_hal_timebase_tim.o
 .debug_frame   0x00000000000001a4       0xc4 ./Core/Src/stm32f4xx_it.o
 .debug_frame   0x0000000000000268       0x58 ./Core/Src/system_stm32f4xx.o
 .debug_frame   0x00000000000002c0      0x374 ./Drivers/STM32F4xx_HAL_Driver/Src/stm32f4xx_hal.o
 .debug_frame   0x0000000000000634      0x498 ./Drivers/STM32F4xx_HAL_Driver/Src/stm32f4xx_hal_cortex.o
 .debug_frame   0x0000000000000acc      0x14c ./Drivers/STM32F4xx_HAL_Driver/Src/stm32f4xx_hal_gpio.o
 .debug_frame   0x0000000000000c18      0x1f4 ./Drivers/STM32F4xx_HAL_Driver/Src/stm32f4xx_hal_rcc.o
 .debug_frame   0x0000000000000e0c     0x11c4 ./Drivers/STM32F4xx_HAL_Driver/Src/stm32f4xx_hal_tim.o
 .debug_frame   0x0000000000001fd0      0x638 ./Drivers/STM32F4xx_HAL_Driver/Src/stm32f4xx_hal_tim_ex.o
 .debug_frame   0x0000000000002608       0xd8 ./FreeRTOS/list.o
 .debug_frame   0x00000000000026e0      0x530 ./FreeRTOS/queue.o
 .debug_frame   0x0000000000002c10      0x854 ./FreeRTOS/tasks.o
 .debug_frame   0x0000000000003464      0x368 ./FreeRTOS/timers.o
 .debug_frame   0x00000000000037cc      0x1a8 ./FreeRTOS/portable/ARM_CM4F/port.o
 .debug_frame   0x0000000000003974      0x108 ./FreeRTOS/portable/MemMang/heap_4.o
 .debug_frame   0x0000000000003a7c       0x2c /Applications/STM32CubeIDE.app/Contents/Eclipse/plugins/com.st.stm32cube.ide.mcu.externaltools.gnu-tools-for-stm32.10.3-2021.10.macos64_1.0.100.202210260954/tools/bin/../lib/gcc/arm-none-eabi/10.3.1/../../../../arm-none-eabi/lib/thumb/v7e-m+fp/hard/libc_nano.a(lib_a-init.o)
 .debug_frame   0x0000000000003aa8       0x28 /Applications/STM32CubeIDE.app/Contents/Eclipse/plugins/com.st.stm32cube.ide.mcu.externaltools.gnu-tools-for-stm32.10.3-2021.10.macos64_1.0.100.202210260954/tools/bin/../lib/gcc/arm-none-eabi/10.3.1/../../../../arm-none-eabi/lib/thumb/v7e-m+fp/hard/libc_nano.a(lib_a-memcpy-stub.o)
 .debug_frame   0x0000000000003ad0       0x20 /Applications/STM32CubeIDE.app/Contents/Eclipse/plugins/com.st.stm32cube.ide.mcu.externaltools.gnu-tools-for-stm32.10.3-2021.10.macos64_1.0.100.202210260954/tools/bin/../lib/gcc/arm-none-eabi/10.3.1/../../../../arm-none-eabi/lib/thumb/v7e-m+fp/hard/libc_nano.a(lib_a-memset.o)
 .debug_frame   0x0000000000003af0       0x2c /Applications/STM32CubeIDE.app/Contents/Eclipse/plugins/com.st.stm32cube.ide.mcu.externaltools.gnu-tools-for-stm32.10.3-2021.10.macos64_1.0.100.202210260954/tools/bin/../lib/gcc/arm-none-eabi/10.3.1/thumb/v7e-m+fp/hard/libgcc.a(_aeabi_uldivmod.o)
 .debug_frame   0x0000000000003b1c       0x34 /Applications/STM32CubeIDE.app/Contents/Eclipse/plugins/com.st.stm32cube.ide.mcu.externaltools.gnu-tools-for-stm32.10.3-2021.10.macos64_1.0.100.202210260954/tools/bin/../lib/gcc/arm-none-eabi/10.3.1/thumb/v7e-m+fp/hard/libgcc.a(_udivmoddi4.o)
