Archive member included to satisfy reference by file (symbol)

/Applications/STM32CubeIDE.app/Contents/Eclipse/plugins/com.st.stm32cube.ide.mcu.externaltools.gnu-tools-for-stm32.10.3-2021.10.macos64_1.0.100.202210260954/tools/bin/../lib/gcc/arm-none-eabi/10.3.1/../../../../arm-none-eabi/lib/thumb/v7e-m+fp/hard/libc_nano.a(lib_a-errno.o)
                              ./Core/Src/syscalls.o (__errno)
/Applications/STM32CubeIDE.app/Contents/Eclipse/plugins/com.st.stm32cube.ide.mcu.externaltools.gnu-tools-for-stm32.10.3-2021.10.macos64_1.0.100.202210260954/tools/bin/../lib/gcc/arm-none-eabi/10.3.1/../../../../arm-none-eabi/lib/thumb/v7e-m+fp/hard/libc_nano.a(lib_a-exit.o)
                              /Applications/STM32CubeIDE.app/Contents/Eclipse/plugins/com.st.stm32cube.ide.mcu.externaltools.gnu-tools-for-stm32.10.3-2021.10.macos64_1.0.100.202210260954/tools/bin/../lib/gcc/arm-none-eabi/10.3.1/../../../../arm-none-eabi/lib/thumb/v7e-m+fp/hard/crt0.o (exit)
/Applications/STM32CubeIDE.app/Contents/Eclipse/plugins/com.st.stm32cube.ide.mcu.externaltools.gnu-tools-for-stm32.10.3-2021.10.macos64_1.0.100.202210260954/tools/bin/../lib/gcc/arm-none-eabi/10.3.1/../../../../arm-none-eabi/lib/thumb/v7e-m+fp/hard/libc_nano.a(lib_a-impure.o)
                              /Applications/STM32CubeIDE.app/Contents/Eclipse/plugins/com.st.stm32cube.ide.mcu.externaltools.gnu-tools-for-stm32.10.3-2021.10.macos64_1.0.100.202210260954/tools/bin/../lib/gcc/arm-none-eabi/10.3.1/../../../../arm-none-eabi/lib/thumb/v7e-m+fp/hard/libc_nano.a(lib_a-exit.o) (_global_impure_ptr)
/Applications/STM32CubeIDE.app/Contents/Eclipse/plugins/com.st.stm32cube.ide.mcu.externaltools.gnu-tools-for-stm32.10.3-2021.10.macos64_1.0.100.202210260954/tools/bin/../lib/gcc/arm-none-eabi/10.3.1/../../../../arm-none-eabi/lib/thumb/v7e-m+fp/hard/libc_nano.a(lib_a-init.o)
                              /Applications/STM32CubeIDE.app/Contents/Eclipse/plugins/com.st.stm32cube.ide.mcu.externaltools.gnu-tools-for-stm32.10.3-2021.10.macos64_1.0.100.202210260954/tools/bin/../lib/gcc/arm-none-eabi/10.3.1/../../../../arm-none-eabi/lib/thumb/v7e-m+fp/hard/crt0.o (__libc_init_array)
/Applications/STM32CubeIDE.app/Contents/Eclipse/plugins/com.st.stm32cube.ide.mcu.externaltools.gnu-tools-for-stm32.10.3-2021.10.macos64_1.0.100.202210260954/tools/bin/../lib/gcc/arm-none-eabi/10.3.1/../../../../arm-none-eabi/lib/thumb/v7e-m+fp/hard/libc_nano.a(lib_a-memcpy-stub.o)
                              ./FreeRTOS/queue.o (memcpy)
/Applications/STM32CubeIDE.app/Contents/Eclipse/plugins/com.st.stm32cube.ide.mcu.externaltools.gnu-tools-for-stm32.10.3-2021.10.macos64_1.0.100.202210260954/tools/bin/../lib/gcc/arm-none-eabi/10.3.1/../../../../arm-none-eabi/lib/thumb/v7e-m+fp/hard/libc_nano.a(lib_a-memset.o)
                              /Applications/STM32CubeIDE.app/Contents/Eclipse/plugins/com.st.stm32cube.ide.mcu.externaltools.gnu-tools-for-stm32.10.3-2021.10.macos64_1.0.100.202210260954/tools/bin/../lib/gcc/arm-none-eabi/10.3.1/../../../../arm-none-eabi/lib/thumb/v7e-m+fp/hard/crt0.o (memset)
/Applications/STM32CubeIDE.app/Contents/Eclipse/plugins/com.st.stm32cube.ide.mcu.externaltools.gnu-tools-for-stm32.10.3-2021.10.macos64_1.0.100.202210260954/tools/bin/../lib/gcc/arm-none-eabi/10.3.1/thumb/v7e-m+fp/hard/libgcc.a(_aeabi_uldivmod.o)
                              ./Drivers/STM32F4xx_HAL_Driver/Src/stm32f4xx_hal_rcc.o (__aeabi_uldivmod)
/Applications/STM32CubeIDE.app/Contents/Eclipse/plugins/com.st.stm32cube.ide.mcu.externaltools.gnu-tools-for-stm32.10.3-2021.10.macos64_1.0.100.202210260954/tools/bin/../lib/gcc/arm-none-eabi/10.3.1/thumb/v7e-m+fp/hard/libgcc.a(_udivmoddi4.o)
                              /Applications/STM32CubeIDE.app/Contents/Eclipse/plugins/com.st.stm32cube.ide.mcu.externaltools.gnu-tools-for-stm32.10.3-2021.10.macos64_1.0.100.202210260954/tools/bin/../lib/gcc/arm-none-eabi/10.3.1/thumb/v7e-m+fp/hard/libgcc.a(_aeabi_uldivmod.o) (__udivmoddi4)
/Applications/STM32CubeIDE.app/Contents/Eclipse/plugins/com.st.stm32cube.ide.mcu.externaltools.gnu-tools-for-stm32.10.3-2021.10.macos64_1.0.100.202210260954/tools/bin/../lib/gcc/arm-none-eabi/10.3.1/thumb/v7e-m+fp/hard/libgcc.a(_dvmd_tls.o)
                              /Applications/STM32CubeIDE.app/Contents/Eclipse/plugins/com.st.stm32cube.ide.mcu.externaltools.gnu-tools-for-stm32.10.3-2021.10.macos64_1.0.100.202210260954/tools/bin/../lib/gcc/arm-none-eabi/10.3.1/thumb/v7e-m+fp/hard/libgcc.a(_aeabi_uldivmod.o) (__aeabi_ldiv0)

Discarded input sections

 .text          0x0000000000000000        0x0 /Applications/STM32CubeIDE.app/Contents/Eclipse/plugins/com.st.stm32cube.ide.mcu.externaltools.gnu-tools-for-stm32.10.3-2021.10.macos64_1.0.100.202210260954/tools/bin/../lib/gcc/arm-none-eabi/10.3.1/thumb/v7e-m+fp/hard/crti.o
[...]
Memory Configuration

Name             Origin             Length             Attributes
CCMRAM           0x0000000010000000 0x0000000000010000 xrw
RAM              0x0000000020000000 0x0000000000020000 xrw
FLASH            0x0000000008000000 0x0000000000100000 xr
*default*        0x0000000000000000 0xffffffffffffffff

Linker script and memory map

LOAD /Applications/STM32CubeIDE.app/Contents/Eclipse/plugins/com.st.stm32cube.ide.mcu.externaltools.gnu-tools-for-stm32.10.3-2021.10.macos64_1.0.100.202210260954/tools/bin/../lib/gcc/arm-none-eabi/10.3.1/thumb/v7e-m+fp/hard/crti.o
LOAD /Applications/STM32CubeIDE.app/Contents/Eclipse/plugins/com.st.stm32cube.ide.mcu.externaltools.gnu-tools-for-stm32.10.3-2021.10.macos64_1.0.100.202210260954/tools/bin/../lib/gcc/arm-none-eabi/10.3.1/thumb/v7e-m+fp/hard/crtbegin.o
LOAD /Applications/STM32CubeIDE.app/Contents/Eclipse/plugins/com.st.stm32cube.ide.mcu.externaltools.gnu-tools-for-stm32.10.3-2021.10.macos64_1.0.100.202210260954/tools/bin/../lib/gcc/arm-none-eabi/10.3.1/../../../../arm-none-eabi/lib/thumb/v7e-m+fp/hard/crt0.o
LOAD ./Core/Src/main.o
LOAD ./Core/Src/stm32f4xx_hal_msp.o
LOAD ./Core/Src/stm32f4xx_hal_timebase_tim.o
LOAD ./Core/Src/stm32f4xx_it.o
LOAD ./Core/Src/syscalls.o
LOAD ./Core/Src/sysmem.o
LOAD ./Core/Src/system_stm32f4xx.o
LOAD ./Core/Startup/startup_stm32f407vgtx.o
LOAD ./Drivers/STM32F4xx_HAL_Driver/Src/stm32f4xx_hal.o
LOAD ./Drivers/STM32F4xx_HAL_Driver/Src/stm32f4xx_hal_cortex.o
LOAD ./Drivers/STM32F4xx_HAL_Driver/Src/stm32f4xx_hal_dma.o
LOAD ./Drivers/STM32F4xx_HAL_Driver/Src/stm32f4xx_hal_dma_ex.o
LOAD ./Drivers/STM32F4xx_HAL_Driver/Src/stm32f4xx_hal_exti.o
LOAD ./Drivers/STM32F4xx_HAL_Driver/Src/stm32f4xx_hal_flash.o
LOAD ./Drivers/STM32F4xx_HAL_Driver/Src/stm32f4xx_hal_flash_ex.o
LOAD ./Drivers/STM32F4xx_HAL_Driver/Src/stm32f4xx_hal_flash_ramfunc.o
LOAD ./Drivers/STM32F4xx_HAL_Driver/Src/stm32f4xx_hal_gpio.o
LOAD ./Drivers/STM32F4xx_HAL_Driver/Src/stm32f4xx_hal_pwr.o
LOAD ./Drivers/STM32F4xx_HAL_Driver/Src/stm32f4xx_hal_pwr_ex.o
LOAD ./Drivers/STM32F4xx_HAL_Driver/Src/stm32f4xx_hal_rcc.o
LOAD ./Drivers/STM32F4xx_HAL_Driver/Src/stm32f4xx_hal_rcc_ex.o
LOAD ./Drivers/STM32F4xx_HAL_Driver/Src/stm32f4xx_hal_spi.o
LOAD ./Drivers/STM32F4xx_HAL_Driver/Src/stm32f4xx_hal_tim.o
LOAD ./Drivers/STM32F4xx_HAL_Driver/Src/stm32f4xx_hal_tim_ex.o
LOAD ./FreeRTOS/croutine.o
LOAD ./FreeRTOS/event_groups.o
LOAD ./FreeRTOS/list.o
LOAD ./FreeRTOS/queue.o
LOAD ./FreeRTOS/stream_buffer.o
LOAD ./FreeRTOS/tasks.o
LOAD ./FreeRTOS/timers.o
LOAD ./FreeRTOS/portable/ARM_CM4F/port.o
LOAD ./FreeRTOS/portable/MemMang/heap_4.o
START GROUP
LOAD /Applications/STM32CubeIDE.app/Contents/Eclipse/plugins/com.st.stm32cube.ide.mcu.externaltools.gnu-tools-for-stm32.10.3-2021.10.macos64_1.0.100.202210260954/tools/bin/../lib/gcc/arm-none-eabi/10.3.1/../../../../arm-none-eabi/lib/thumb/v7e-m+fp/hard/libc_nano.a
LOAD /Applications/STM32CubeIDE.app/Contents/Eclipse/plugins/com.st.stm32cube.ide.mcu.externaltools.gnu-tools-for-stm32.10.3-2021.10.macos64_1.0.100.202210260954/tools/bin/../lib/gcc/arm-none-eabi/10.3.1/../../../../arm-none-eabi/lib/thumb/v7e-m+fp/hard/libm.a
END GROUP
START GROUP
LOAD /Applications/STM32CubeIDE.app/Contents/Eclipse/plugins/com.st.stm32cube.ide.mcu.externaltools.gnu-tools-for-stm32.10.3-2021.10.macos64_1.0.100.202210260954/tools/bin/../lib/gcc/arm-none-eabi/10.3.1/thumb/v7e-m+fp/hard/libgcc.a
LOAD /Applications/STM32CubeIDE.app/Contents/Eclipse/plugins/com.st.stm32cube.ide.mcu.externaltools.gnu-tools-for-stm32.10.3-2021.10.macos64_1.0.100.202210260954/tools/bin/../lib/gcc/arm-none-eabi/10.3.1/../../../../arm-none-eabi/lib/thumb/v7e-m+fp/hard/libc_nano.a
END GROUP
START GROUP
LOAD /Applications/STM32CubeIDE.app/Contents/Eclipse/plugins/com.st.stm32cube.ide.mcu.externaltools.gnu-tools-for-stm32.10.3-2021.10.macos64_1.0.100.202210260954/tools/bin/../lib/gcc/arm-none-eabi/10.3.1/thumb/v7e-m+fp/hard/libgcc.a
LOAD /Applications/STM32CubeIDE.app/Contents/Eclipse/plugins/com.st.stm32cube.ide.mcu.externaltools.gnu-tools-for-stm32.10.3-2021.10.macos64_1.0.100.202210260954/tools/bin/../lib/gcc/arm-none-eabi/10.3.1/../../../../arm-none-eabi/lib/thumb/v7e-m+fp/hard/libc_nano.a
LOAD /Applications/STM32CubeIDE.app/Contents/Eclipse/plugins/com.st.stm32cube.ide.mcu.externaltools.gnu-tools-for-stm32.10.3-2021.10.macos64_1.0.100.202210260954/tools/bin/../lib/gcc/arm-none-eabi/10.3.1/../../../../arm-none-eabi/lib/thumb/v7e-m+fp/hard/libnosys.a
END GROUP
START GROUP
LOAD /Applications/STM32CubeIDE.app/Contents/Eclipse/plugins/com.st.stm32cube.ide.mcu.externaltools.gnu-tools-for-stm32.10.3-2021.10.macos64_1.0.100.202210260954/tools/bin/../lib/gcc/arm-none-eabi/10.3.1/thumb/v7e-m+fp/hard/libgcc.a
LOAD /Applications/STM32CubeIDE.app/Contents/Eclipse/plugins/com.st.stm32cube.ide.mcu.externaltools.gnu-tools-for-stm32.10.3-2021.10.macos64_1.0.100.202210260954/tools/bin/../lib/gcc/arm-none-eabi/10.3.1/../../../../arm-none-eabi/lib/thumb/v7e-m+fp/hard/libc_nano.a
LOAD /Applications/STM32CubeIDE.app/Contents/Eclipse/plugins/com.st.stm32cube.ide.mcu.externaltools.gnu-tools-for-stm32.10.3-2021.10.macos64_1.0.100.202210260954/tools/bin/../lib/gcc/arm-none-eabi/10.3.1/../../../../arm-none-eabi/lib/thumb/v7e-m+fp/hard/libnosys.a
END GROUP
LOAD /Applications/STM32CubeIDE.app/Contents/Eclipse/plugins/com.st.stm32cube.ide.mcu.externaltools.gnu-tools-for-stm32.10.3-2021.10.macos64_1.0.100.202210260954/tools/bin/../lib/gcc/arm-none-eabi/10.3.1/thumb/v7e-m+fp/hard/crtend.o
LOAD /Applications/STM32CubeIDE.app/Contents/Eclipse/plugins/com.st.stm32cube.ide.mcu.externaltools.gnu-tools-for-stm32.10.3-2021.10.macos64_1.0.100.202210260954/tools/bin/../lib/gcc/arm-none-eabi/10.3.1/thumb/v7e-m+fp/hard/crtn.o
                0x0000000020020000                _estack = (ORIGIN (RAM) + LENGTH (RAM))
                0x0000000000000200                _Min_Heap_Size = 0x200
                0x0000000000000400                _Min_Stack_Size = 0x400

.isr_vector     0x0000000008000000      0x188
                0x0000000008000000                . = ALIGN (0x4)
 *(.isr_vector)
 .isr_vector    0x0000000008000000      0x188 ./Core/Startup/startup_stm32f407vgtx.o
                0x0000000008000000                g_pfnVectors
                0x0000000008000188                . = ALIGN (0x4)

.text           0x0000000008000190     0x5648
                0x0000000008000190                . = ALIGN (0x4)
 *(.text)
 .text          0x0000000008000190       0x40 /Applications/STM32CubeIDE.app/Contents/Eclipse/plugins/com.st.stm32cube.ide.mcu.externaltools.gnu-tools-for-stm32.10.3-2021.10.macos64_1.0.100.202210260954/tools/bin/../lib/gcc/arm-none-eabi/10.3.1/thumb/v7e-m+fp/hard/crtbegin.o
 .text          0x00000000080001d0       0x30 /Applications/STM32CubeIDE.app/Contents/Eclipse/plugins/com.st.stm32cube.ide.mcu.externaltools.gnu-tools-for-stm32.10.3-2021.10.macos64_1.0.100.202210260954/tools/bin/../lib/gcc/arm-none-eabi/10.3.1/thumb/v7e-m+fp/hard/libgcc.a(_aeabi_uldivmod.o)
                0x00000000080001d0                __aeabi_uldivmod
 .text          0x0000000008000200      0x2d0 /Applications/STM32CubeIDE.app/Contents/Eclipse/plugins/com.st.stm32cube.ide.mcu.externaltools.gnu-tools-for-stm32.10.3-2021.10.macos64_1.0.100.202210260954/tools/bin/../lib/gcc/arm-none-eabi/10.3.1/thumb/v7e-m+fp/hard/libgcc.a(_udivmoddi4.o)
                0x0000000008000200                __udivmoddi4
 .text          0x00000000080004d0        0x4 /Applications/STM32CubeIDE.app/Contents/Eclipse/plugins/com.st.stm32cube.ide.mcu.externaltools.gnu-tools-for-stm32.10.3-2021.10.macos64_1.0.100.202210260954/tools/bin/../lib/gcc/arm-none-eabi/10.3.1/thumb/v7e-m+fp/hard/libgcc.a(_dvmd_tls.o)
                0x00000000080004d0                __aeabi_ldiv0
                0x00000000080004d0                __aeabi_idiv0
 *(.text*)
 .text.MEMS_Write
                0x00000000080004d4       0x4c ./Core/Src/main.o
                0x00000000080004d4                MEMS_Write
 .text.MEMS_Read
                0x0000000008000520       0x54 ./Core/Src/main.o
                0x0000000008000520                MEMS_Read
 .text.Green_LED_Task
                0x0000000008000574       0x30 ./Core/Src/main.o
                0x0000000008000574                Green_LED_Task
 .text.vHandlerTask
                0x00000000080005a4       0x68 ./Core/Src/main.o
                0x00000000080005a4                vHandlerTask
 .text.HAL_GPIO_EXTI_Callback
                0x000000000800060c       0x54 ./Core/Src/main.o
                0x000000000800060c                HAL_GPIO_EXTI_Callback
 .text.main     0x0000000008000660       0xbc ./Core/Src/main.o
                0x0000000008000660                main
 .text.SystemClock_Config
                0x000000000800071c       0xbc ./Core/Src/main.o
                0x000000000800071c                SystemClock_Config
 .text.MX_SPI1_Init
                0x00000000080007d8       0x6c ./Core/Src/main.o
 .text.MX_GPIO_Init
                0x0000000008000844       0xf8 ./Core/Src/main.o
 .text.HAL_TIM_PeriodElapsedCallback
                0x000000000800093c       0x24 ./Core/Src/main.o
                0x000000000800093c                HAL_TIM_PeriodElapsedCallback
 .text.Error_Handler
                0x0000000008000960        0xa ./Core/Src/main.o
                0x0000000008000960                Error_Handler
 *fill*         0x000000000800096a        0x2 
 .text.HAL_MspInit
                0x000000000800096c       0x50 ./Core/Src/stm32f4xx_hal_msp.o
                0x000000000800096c                HAL_MspInit
 .text.HAL_SPI_MspInit
                0x00000000080009bc       0x90 ./Core/Src/stm32f4xx_hal_msp.o
                0x00000000080009bc                HAL_SPI_MspInit
 .text.HAL_InitTick
                0x0000000008000a4c       0xf8 ./Core/Src/stm32f4xx_hal_timebase_tim.o
                0x0000000008000a4c                HAL_InitTick
 .text.NMI_Handler
                0x0000000008000b44        0x6 ./Core/Src/stm32f4xx_it.o
                0x0000000008000b44                NMI_Handler
 .text.HardFault_Handler
                0x0000000008000b4a        0x6 ./Core/Src/stm32f4xx_it.o
                0x0000000008000b4a                HardFault_Handler
 .text.MemManage_Handler
                0x0000000008000b50        0x6 ./Core/Src/stm32f4xx_it.o
                0x0000000008000b50                MemManage_Handler
 .text.BusFault_Handler
                0x0000000008000b56        0x6 ./Core/Src/stm32f4xx_it.o
                0x0000000008000b56                BusFault_Handler
 .text.UsageFault_Handler
                0x0000000008000b5c        0x6 ./Core/Src/stm32f4xx_it.o
                0x0000000008000b5c                UsageFault_Handler
 .text.DebugMon_Handler
                0x0000000008000b62        0xe ./Core/Src/stm32f4xx_it.o
                0x0000000008000b62                DebugMon_Handler
 .text.EXTI0_IRQHandler
                0x0000000008000b70        0xe ./Core/Src/stm32f4xx_it.o
                0x0000000008000b70                EXTI0_IRQHandler
 *fill*         0x0000000008000b7e        0x2 
 .text.TIM7_IRQHandler
                0x0000000008000b80       0x14 ./Core/Src/stm32f4xx_it.o
                0x0000000008000b80                TIM7_IRQHandler
 .text.SystemInit
                0x0000000008000b94       0x24 ./Core/Src/system_stm32f4xx.o
                0x0000000008000b94                SystemInit
 .text.Reset_Handler
                0x0000000008000bb8       0x50 ./Core/Startup/startup_stm32f407vgtx.o
                0x0000000008000bb8                Reset_Handler
 .text.Default_Handler
                0x0000000008000c08        0x2 ./Core/Startup/startup_stm32f407vgtx.o
                0x0000000008000c08                DMA1_Stream3_IRQHandler
                0x0000000008000c08                HASH_RNG_IRQHandler
                0x0000000008000c08                EXTI2_IRQHandler
                0x0000000008000c08                TIM8_CC_IRQHandler
                0x0000000008000c08                TIM1_CC_IRQHandler
                0x0000000008000c08                DMA2_Stream5_IRQHandler
                0x0000000008000c08                DMA1_Stream5_IRQHandler
                0x0000000008000c08                PVD_IRQHandler
                0x0000000008000c08                SDIO_IRQHandler
                0x0000000008000c08                TAMP_STAMP_IRQHandler
                0x0000000008000c08                CAN2_RX1_IRQHandler
                0x0000000008000c08                EXTI3_IRQHandler
                0x0000000008000c08                TIM8_TRG_COM_TIM14_IRQHandler
                0x0000000008000c08                TIM1_UP_TIM10_IRQHandler
                0x0000000008000c08                TIM8_UP_TIM13_IRQHandler
                0x0000000008000c08                I2C3_ER_IRQHandler
                0x0000000008000c08                I2C2_EV_IRQHandler
                0x0000000008000c08                DMA1_Stream2_IRQHandler
                0x0000000008000c08                CAN1_RX0_IRQHandler
                0x0000000008000c08                FPU_IRQHandler
                0x0000000008000c08                OTG_HS_WKUP_IRQHandler
                0x0000000008000c08                CAN2_SCE_IRQHandler
                0x0000000008000c08                DMA2_Stream2_IRQHandler
                0x0000000008000c08                SPI1_IRQHandler
                0x0000000008000c08                TIM6_DAC_IRQHandler
                0x0000000008000c08                TIM1_BRK_TIM9_IRQHandler
                0x0000000008000c08                DCMI_IRQHandler
                0x0000000008000c08                CAN2_RX0_IRQHandler
                0x0000000008000c08                DMA2_Stream3_IRQHandler
                0x0000000008000c08                USART6_IRQHandler
                0x0000000008000c08                USART3_IRQHandler
                0x0000000008000c08                CAN1_RX1_IRQHandler
                0x0000000008000c08                UART5_IRQHandler
                0x0000000008000c08                DMA2_Stream0_IRQHandler
                0x0000000008000c08                TIM4_IRQHandler
                0x0000000008000c08                I2C1_EV_IRQHandler
                0x0000000008000c08                DMA1_Stream6_IRQHandler
                0x0000000008000c08                DMA1_Stream1_IRQHandler
                0x0000000008000c08                UART4_IRQHandler
                0x0000000008000c08                TIM3_IRQHandler
                0x0000000008000c08                RCC_IRQHandler
                0x0000000008000c08                TIM8_BRK_TIM12_IRQHandler
                0x0000000008000c08                Default_Handler
                0x0000000008000c08                EXTI15_10_IRQHandler
                0x0000000008000c08                ADC_IRQHandler
                0x0000000008000c08                DMA1_Stream7_IRQHandler
                0x0000000008000c08                CAN2_TX_IRQHandler
                0x0000000008000c08                TIM5_IRQHandler
                0x0000000008000c08                DMA2_Stream7_IRQHandler
                0x0000000008000c08                I2C3_EV_IRQHandler
                0x0000000008000c08                EXTI9_5_IRQHandler
                0x0000000008000c08                RTC_WKUP_IRQHandler
                0x0000000008000c08                ETH_WKUP_IRQHandler
                0x0000000008000c08                SPI2_IRQHandler
                0x0000000008000c08                OTG_HS_EP1_IN_IRQHandler
                0x0000000008000c08                DMA1_Stream0_IRQHandler
                0x0000000008000c08                CAN1_TX_IRQHandler
                0x0000000008000c08                EXTI4_IRQHandler
                0x0000000008000c08                FSMC_IRQHandler
                0x0000000008000c08                ETH_IRQHandler
                0x0000000008000c08                OTG_HS_EP1_OUT_IRQHandler
                0x0000000008000c08                WWDG_IRQHandler
                0x0000000008000c08                TIM2_IRQHandler
                0x0000000008000c08                OTG_FS_WKUP_IRQHandler
                0x0000000008000c08                TIM1_TRG_COM_TIM11_IRQHandler
                0x0000000008000c08                OTG_HS_IRQHandler
                0x0000000008000c08                EXTI1_IRQHandler
                0x0000000008000c08                USART2_IRQHandler
                0x0000000008000c08                I2C2_ER_IRQHandler
                0x0000000008000c08                DMA2_Stream1_IRQHandler
                0x0000000008000c08                CAN1_SCE_IRQHandler
                0x0000000008000c08                FLASH_IRQHandler
                0x0000000008000c08                DMA2_Stream4_IRQHandler
                0x0000000008000c08                USART1_IRQHandler
                0x0000000008000c08                OTG_FS_IRQHandler
                0x0000000008000c08                SPI3_IRQHandler
                0x0000000008000c08                DMA1_Stream4_IRQHandler
                0x0000000008000c08                I2C1_ER_IRQHandler
                0x0000000008000c08                DMA2_Stream6_IRQHandler
                0x0000000008000c08                RTC_Alarm_IRQHandler
 *fill*         0x0000000008000c0a        0x2 
 .text.HAL_Init
                0x0000000008000c0c       0x44 ./Drivers/STM32F4xx_HAL_Driver/Src/stm32f4xx_hal.o
                0x0000000008000c0c                HAL_Init
 .text.HAL_IncTick
                0x0000000008000c50       0x28 ./Drivers/STM32F4xx_HAL_Driver/Src/stm32f4xx_hal.o
                0x0000000008000c50                HAL_IncTick
 .text.HAL_GetTick
                0x0000000008000c78       0x18 ./Drivers/STM32F4xx_HAL_Driver/Src/stm32f4xx_hal.o
                0x0000000008000c78                HAL_GetTick
 .text.__NVIC_SetPriorityGrouping
                0x0000000008000c90       0x48 ./Drivers/STM32F4xx_HAL_Driver/Src/stm32f4xx_hal_cortex.o
 .text.__NVIC_GetPriorityGrouping
                0x0000000008000cd8       0x1c ./Drivers/STM32F4xx_HAL_Driver/Src/stm32f4xx_hal_cortex.o
 .text.__NVIC_EnableIRQ
                0x0000000008000cf4       0x3c ./Drivers/STM32F4xx_HAL_Driver/Src/stm32f4xx_hal_cortex.o
 .text.__NVIC_SetPriority
                0x0000000008000d30       0x54 ./Drivers/STM32F4xx_HAL_Driver/Src/stm32f4xx_hal_cortex.o
 .text.NVIC_EncodePriority
                0x0000000008000d84       0x66 ./Drivers/STM32F4xx_HAL_Driver/Src/stm32f4xx_hal_cortex.o
 .text.HAL_NVIC_SetPriorityGrouping
                0x0000000008000dea       0x16 ./Drivers/STM32F4xx_HAL_Driver/Src/stm32f4xx_hal_cortex.o
                0x0000000008000dea                HAL_NVIC_SetPriorityGrouping
 .text.HAL_NVIC_SetPriority
                0x0000000008000e00       0x38 ./Drivers/STM32F4xx_HAL_Driver/Src/stm32f4xx_hal_cortex.o
                0x0000000008000e00                HAL_NVIC_SetPriority
 .text.HAL_NVIC_EnableIRQ
                0x0000000008000e38       0x1c ./Drivers/STM32F4xx_HAL_Driver/Src/stm32f4xx_hal_cortex.o
                0x0000000008000e38                HAL_NVIC_EnableIRQ
 .text.HAL_GPIO_Init
                0x0000000008000e54      0x338 ./Drivers/STM32F4xx_HAL_Driver/Src/stm32f4xx_hal_gpio.o
                0x0000000008000e54                HAL_GPIO_Init
 .text.HAL_GPIO_WritePin
                0x000000000800118c       0x32 ./Drivers/STM32F4xx_HAL_Driver/Src/stm32f4xx_hal_gpio.o
                0x000000000800118c                HAL_GPIO_WritePin
 .text.HAL_GPIO_TogglePin
                0x00000000080011be       0x34 ./Drivers/STM32F4xx_HAL_Driver/Src/stm32f4xx_hal_gpio.o
                0x00000000080011be                HAL_GPIO_TogglePin
 *fill*         0x00000000080011f2        0x2 
 .text.HAL_GPIO_EXTI_IRQHandler
                0x00000000080011f4       0x30 ./Drivers/STM32F4xx_HAL_Driver/Src/stm32f4xx_hal_gpio.o
                0x00000000080011f4                HAL_GPIO_EXTI_IRQHandler
 .text.HAL_RCC_OscConfig
                0x0000000008001224      0x4f0 ./Drivers/STM32F4xx_HAL_Driver/Src/stm32f4xx_hal_rcc.o
                0x0000000008001224                HAL_RCC_OscConfig
 .text.HAL_RCC_ClockConfig
                0x0000000008001714      0x1cc ./Drivers/STM32F4xx_HAL_Driver/Src/stm32f4xx_hal_rcc.o
                0x0000000008001714                HAL_RCC_ClockConfig
 .text.HAL_RCC_GetSysClockFreq
                0x00000000080018e0      0x18c ./Drivers/STM32F4xx_HAL_Driver/Src/stm32f4xx_hal_rcc.o
                0x00000000080018e0                HAL_RCC_GetSysClockFreq
 .text.HAL_RCC_GetHCLKFreq
                0x0000000008001a6c       0x18 ./Drivers/STM32F4xx_HAL_Driver/Src/stm32f4xx_hal_rcc.o
                0x0000000008001a6c                HAL_RCC_GetHCLKFreq
 .text.HAL_RCC_GetPCLK1Freq
                0x0000000008001a84       0x28 ./Drivers/STM32F4xx_HAL_Driver/Src/stm32f4xx_hal_rcc.o
                0x0000000008001a84                HAL_RCC_GetPCLK1Freq
 .text.HAL_RCC_GetClockConfig
                0x0000000008001aac       0x64 ./Drivers/STM32F4xx_HAL_Driver/Src/stm32f4xx_hal_rcc.o
                0x0000000008001aac                HAL_RCC_GetClockConfig
 .text.HAL_SPI_Init
                0x0000000008001b10      0x112 ./Drivers/STM32F4xx_HAL_Driver/Src/stm32f4xx_hal_spi.o
                0x0000000008001b10                HAL_SPI_Init
 .text.HAL_SPI_Transmit
                0x0000000008001c22      0x278 ./Drivers/STM32F4xx_HAL_Driver/Src/stm32f4xx_hal_spi.o
                0x0000000008001c22                HAL_SPI_Transmit
 .text.HAL_SPI_Receive
                0x0000000008001e9a      0x222 ./Drivers/STM32F4xx_HAL_Driver/Src/stm32f4xx_hal_spi.o
                0x0000000008001e9a                HAL_SPI_Receive
 .text.HAL_SPI_TransmitReceive
                0x00000000080020bc      0x344 ./Drivers/STM32F4xx_HAL_Driver/Src/stm32f4xx_hal_spi.o
                0x00000000080020bc                HAL_SPI_TransmitReceive
 .text.SPI_WaitFlagStateUntilTimeout
                0x0000000008002400      0x110 ./Drivers/STM32F4xx_HAL_Driver/Src/stm32f4xx_hal_spi.o
 .text.SPI_EndRxTransaction
                0x0000000008002510       0xca ./Drivers/STM32F4xx_HAL_Driver/Src/stm32f4xx_hal_spi.o
 *fill*         0x00000000080025da        0x2 
 .text.SPI_EndRxTxTransaction
                0x00000000080025dc       0x84 ./Drivers/STM32F4xx_HAL_Driver/Src/stm32f4xx_hal_spi.o
 .text.HAL_TIM_Base_Init
                0x0000000008002660       0x9e ./Drivers/STM32F4xx_HAL_Driver/Src/stm32f4xx_hal_tim.o
                0x0000000008002660                HAL_TIM_Base_Init
 .text.HAL_TIM_Base_MspInit
                0x00000000080026fe       0x14 ./Drivers/STM32F4xx_HAL_Driver/Src/stm32f4xx_hal_tim.o
                0x00000000080026fe                HAL_TIM_Base_MspInit
 *fill*         0x0000000008002712        0x2 
 .text.HAL_TIM_Base_Start_IT
                0x0000000008002714       0xe0 ./Drivers/STM32F4xx_HAL_Driver/Src/stm32f4xx_hal_tim.o
                0x0000000008002714                HAL_TIM_Base_Start_IT
 .text.HAL_TIM_IRQHandler
                0x00000000080027f4      0x210 ./Drivers/STM32F4xx_HAL_Driver/Src/stm32f4xx_hal_tim.o
                0x00000000080027f4                HAL_TIM_IRQHandler
 .text.HAL_TIM_OC_DelayElapsedCallback
                0x0000000008002a04       0x14 ./Drivers/STM32F4xx_HAL_Driver/Src/stm32f4xx_hal_tim.o
                0x0000000008002a04                HAL_TIM_OC_DelayElapsedCallback
 .text.HAL_TIM_IC_CaptureCallback
                0x0000000008002a18       0x14 ./Drivers/STM32F4xx_HAL_Driver/Src/stm32f4xx_hal_tim.o
                0x0000000008002a18                HAL_TIM_IC_CaptureCallback
 .text.HAL_TIM_PWM_PulseFinishedCallback
                0x0000000008002a2c       0x14 ./Drivers/STM32F4xx_HAL_Driver/Src/stm32f4xx_hal_tim.o
                0x0000000008002a2c                HAL_TIM_PWM_PulseFinishedCallback
 .text.HAL_TIM_TriggerCallback
                0x0000000008002a40       0x14 ./Drivers/STM32F4xx_HAL_Driver/Src/stm32f4xx_hal_tim.o
                0x0000000008002a40                HAL_TIM_TriggerCallback
 .text.TIM_Base_SetConfig
                0x0000000008002a54      0x140 ./Drivers/STM32F4xx_HAL_Driver/Src/stm32f4xx_hal_tim.o
                0x0000000008002a54                TIM_Base_SetConfig
 .text.HAL_TIMEx_CommutCallback
                0x0000000008002b94       0x14 ./Drivers/STM32F4xx_HAL_Driver/Src/stm32f4xx_hal_tim_ex.o
                0x0000000008002b94                HAL_TIMEx_CommutCallback
 .text.HAL_TIMEx_BreakCallback
                0x0000000008002ba8       0x14 ./Drivers/STM32F4xx_HAL_Driver/Src/stm32f4xx_hal_tim_ex.o
                0x0000000008002ba8                HAL_TIMEx_BreakCallback
 .text.vListInitialise
                0x0000000008002bbc       0x40 ./FreeRTOS/list.o
                0x0000000008002bbc                vListInitialise
 .text.vListInitialiseItem
                0x0000000008002bfc       0x1a ./FreeRTOS/list.o
                0x0000000008002bfc                vListInitialiseItem
 .text.vListInsertEnd
                0x0000000008002c16       0x48 ./FreeRTOS/list.o
                0x0000000008002c16                vListInsertEnd
 .text.vListInsert
                0x0000000008002c5e       0x72 ./FreeRTOS/list.o
                0x0000000008002c5e                vListInsert
 .text.uxListRemove
                0x0000000008002cd0       0x54 ./FreeRTOS/list.o
                0x0000000008002cd0                uxListRemove
 .text.xQueueGenericReset
                0x0000000008002d24       0xd0 ./FreeRTOS/queue.o
                0x0000000008002d24                xQueueGenericReset
 .text.xQueueGenericCreate
                0x0000000008002df4       0x78 ./FreeRTOS/queue.o
                0x0000000008002df4                xQueueGenericCreate
 .text.prvInitialiseNewQueue
                0x0000000008002e6c       0x46 ./FreeRTOS/queue.o
 *fill*         0x0000000008002eb2        0x2 
 .text.xQueueGenericSend
                0x0000000008002eb4      0x1fc ./FreeRTOS/queue.o
                0x0000000008002eb4                xQueueGenericSend
 .text.xQueueGenericSendFromISR
                0x00000000080030b0      0x130 ./FreeRTOS/queue.o
                0x00000000080030b0                xQueueGenericSendFromISR
 .text.xQueueGiveFromISR
                0x00000000080031e0      0x11a ./FreeRTOS/queue.o
                0x00000000080031e0                xQueueGiveFromISR
 *fill*         0x00000000080032fa        0x2 
 .text.xQueueReceive
                0x00000000080032fc      0x1c0 ./FreeRTOS/queue.o
                0x00000000080032fc                xQueueReceive
 .text.xQueueSemaphoreTake
                0x00000000080034bc      0x218 ./FreeRTOS/queue.o
                0x00000000080034bc                xQueueSemaphoreTake
 .text.prvGetDisinheritPriorityAfterTimeout
                0x00000000080036d4       0x30 ./FreeRTOS/queue.o
 .text.prvCopyDataToQueue
                0x0000000008003704       0xd4 ./FreeRTOS/queue.o
 .text.prvCopyDataFromQueue
                0x00000000080037d8       0x4c ./FreeRTOS/queue.o
 .text.prvUnlockQueue
                0x0000000008003824       0xa4 ./FreeRTOS/queue.o
 .text.prvIsQueueEmpty
                0x00000000080038c8       0x2c ./FreeRTOS/queue.o
 .text.prvIsQueueFull
                0x00000000080038f4       0x30 ./FreeRTOS/queue.o
 .text.vQueueAddToRegistry
                0x0000000008003924       0x54 ./FreeRTOS/queue.o
                0x0000000008003924                vQueueAddToRegistry
 .text.vQueueWaitForMessageRestricted
                0x0000000008003978       0x68 ./FreeRTOS/queue.o
                0x0000000008003978                vQueueWaitForMessageRestricted
 .text.xTaskCreate
                0x00000000080039e0       0x82 ./FreeRTOS/tasks.o
                0x00000000080039e0                xTaskCreate
 .text.prvInitialiseNewTask
                0x0000000008003a62      0x11e ./FreeRTOS/tasks.o
 .text.prvAddNewTaskToReadyList
                0x0000000008003b80       0xdc ./FreeRTOS/tasks.o
 .text.vTaskStartScheduler
                0x0000000008003c5c       0x9c ./FreeRTOS/tasks.o
                0x0000000008003c5c                vTaskStartScheduler
 .text.vTaskSuspendAll
                0x0000000008003cf8       0x1c ./FreeRTOS/tasks.o
                0x0000000008003cf8                vTaskSuspendAll
 .text.xTaskResumeAll
                0x0000000008003d14      0x138 ./FreeRTOS/tasks.o
                0x0000000008003d14                xTaskResumeAll
 .text.xTaskGetTickCount
                0x0000000008003e4c       0x20 ./FreeRTOS/tasks.o
                0x0000000008003e4c                xTaskGetTickCount
 .text.xTaskIncrementTick
                0x0000000008003e6c      0x170 ./FreeRTOS/tasks.o
                0x0000000008003e6c                xTaskIncrementTick
 .text.vTaskSwitchContext
                0x0000000008003fdc       0xb8 ./FreeRTOS/tasks.o
                0x0000000008003fdc                vTaskSwitchContext
 .text.vTaskPlaceOnEventList
                0x0000000008004094       0x48 ./FreeRTOS/tasks.o
                0x0000000008004094                vTaskPlaceOnEventList
 .text.vTaskPlaceOnEventListRestricted
                0x00000000080040dc       0x58 ./FreeRTOS/tasks.o
                0x00000000080040dc                vTaskPlaceOnEventListRestricted
 .text.xTaskRemoveFromEventList
                0x0000000008004134       0xc4 ./FreeRTOS/tasks.o
                0x0000000008004134                xTaskRemoveFromEventList
 .text.vTaskInternalSetTimeOutState
                0x00000000080041f8       0x2c ./FreeRTOS/tasks.o
                0x00000000080041f8                vTaskInternalSetTimeOutState
 .text.xTaskCheckForTimeOut
                0x0000000008004224       0xc4 ./FreeRTOS/tasks.o
                0x0000000008004224                xTaskCheckForTimeOut
 .text.vTaskMissedYield
                0x00000000080042e8       0x18 ./FreeRTOS/tasks.o
                0x00000000080042e8                vTaskMissedYield
 .text.prvIdleTask
                0x0000000008004300       0x30 ./FreeRTOS/tasks.o
 .text.prvInitialiseTaskLists
                0x0000000008004330       0x80 ./FreeRTOS/tasks.o
 .text.prvCheckTasksWaitingTermination
                0x00000000080043b0       0x5c ./FreeRTOS/tasks.o
 .text.prvDeleteTCB
                0x000000000800440c       0x20 ./FreeRTOS/tasks.o
 .text.prvResetNextTaskUnblockTime
                0x000000000800442c       0x40 ./FreeRTOS/tasks.o
 .text.xTaskGetSchedulerState
                0x000000000800446c       0x3c ./FreeRTOS/tasks.o
                0x000000000800446c                xTaskGetSchedulerState
 .text.xTaskPriorityInherit
                0x00000000080044a8      0x100 ./FreeRTOS/tasks.o
                0x00000000080044a8                xTaskPriorityInherit
 .text.xTaskPriorityDisinherit
                0x00000000080045a8      0x10c ./FreeRTOS/tasks.o
                0x00000000080045a8                xTaskPriorityDisinherit
 .text.vTaskPriorityDisinheritAfterTimeout
                0x00000000080046b4      0x134 ./FreeRTOS/tasks.o
                0x00000000080046b4                vTaskPriorityDisinheritAfterTimeout
 .text.pvTaskIncrementMutexHeldCount
                0x00000000080047e8       0x28 ./FreeRTOS/tasks.o
                0x00000000080047e8                pvTaskIncrementMutexHeldCount
 .text.prvAddCurrentTaskToDelayedList
                0x0000000008004810       0xcc ./FreeRTOS/tasks.o
 .text.xTimerCreateTimerTask
                0x00000000080048dc       0x64 ./FreeRTOS/timers.o
                0x00000000080048dc                xTimerCreateTimerTask
 .text.xTimerGenericCommand
                0x0000000008004940       0x9c ./FreeRTOS/timers.o
                0x0000000008004940                xTimerGenericCommand
 .text.prvProcessExpiredTimer
                0x00000000080049dc       0x98 ./FreeRTOS/timers.o
 .text.prvTimerTask
                0x0000000008004a74       0x24 ./FreeRTOS/timers.o
 .text.prvProcessTimerOrBlockTask
                0x0000000008004a98       0x9c ./FreeRTOS/timers.o
 .text.prvGetNextExpireTime
                0x0000000008004b34       0x48 ./FreeRTOS/timers.o
 .text.prvSampleTimeNow
                0x0000000008004b7c       0x40 ./FreeRTOS/timers.o
 .text.prvInsertTimerInActiveList
                0x0000000008004bbc       0x84 ./FreeRTOS/timers.o
 .text.prvProcessReceivedCommands
                0x0000000008004c40      0x18c ./FreeRTOS/timers.o
 .text.prvSwitchTimerLists
                0x0000000008004dcc       0xc8 ./FreeRTOS/timers.o
 .text.prvCheckForValidListAndQueue
                0x0000000008004e94       0x6c ./FreeRTOS/timers.o
 .text.pxPortInitialiseStack
                0x0000000008004f00       0x68 ./FreeRTOS/portable/ARM_CM4F/port.o
                0x0000000008004f00                pxPortInitialiseStack
 .text.prvTaskExitError
                0x0000000008004f68       0x58 ./FreeRTOS/portable/ARM_CM4F/port.o
 .text.SVC_Handler
                0x0000000008004fc0       0x28 ./FreeRTOS/portable/ARM_CM4F/port.o
                0x0000000008004fc0                SVC_Handler
 .text.prvPortStartFirstTask
                0x0000000008004fe8       0x28 ./FreeRTOS/portable/ARM_CM4F/port.o
 .text.xPortStartScheduler
                0x0000000008005010      0x144 ./FreeRTOS/portable/ARM_CM4F/port.o
                0x0000000008005010                xPortStartScheduler
 .text.vPortEnterCritical
                0x0000000008005154       0x60 ./FreeRTOS/portable/ARM_CM4F/port.o
                0x0000000008005154                vPortEnterCritical
 .text.vPortExitCritical
                0x00000000080051b4       0x54 ./FreeRTOS/portable/ARM_CM4F/port.o
                0x00000000080051b4                vPortExitCritical
 *fill*         0x0000000008005208        0x8 
 .text.PendSV_Handler
                0x0000000008005210       0x68 ./FreeRTOS/portable/ARM_CM4F/port.o
                0x0000000008005210                PendSV_Handler
 .text.SysTick_Handler
                0x0000000008005278       0x44 ./FreeRTOS/portable/ARM_CM4F/port.o
                0x0000000008005278                SysTick_Handler
 .text.vPortSetupTimerInterrupt
                0x00000000080052bc       0x48 ./FreeRTOS/portable/ARM_CM4F/port.o
                0x00000000080052bc                vPortSetupTimerInterrupt
 .text.vPortEnableVFP
                0x0000000008005304       0x14 ./FreeRTOS/portable/ARM_CM4F/port.o
 .text.vPortValidateInterruptPriority
                0x0000000008005318       0x80 ./FreeRTOS/portable/ARM_CM4F/port.o
                0x0000000008005318                vPortValidateInterruptPriority
 .text.pvPortMalloc
                0x0000000008005398      0x188 ./FreeRTOS/portable/MemMang/heap_4.o
                0x0000000008005398                pvPortMalloc
 .text.vPortFree
                0x0000000008005520       0xb4 ./FreeRTOS/portable/MemMang/heap_4.o
                0x0000000008005520                vPortFree
 .text.prvHeapInit
                0x00000000080055d4       0xc4 ./FreeRTOS/portable/MemMang/heap_4.o
 .text.prvInsertBlockIntoFreeList
                0x0000000008005698       0xb4 ./FreeRTOS/portable/MemMang/heap_4.o
 .text.__libc_init_array
                0x000000000800574c       0x48 /Applications/STM32CubeIDE.app/Contents/Eclipse/plugins/com.st.stm32cube.ide.mcu.externaltools.gnu-tools-for-stm32.10.3-2021.10.macos64_1.0.100.202210260954/tools/bin/../lib/gcc/arm-none-eabi/10.3.1/../../../../arm-none-eabi/lib/thumb/v7e-m+fp/hard/libc_nano.a(lib_a-init.o)
                0x000000000800574c                __libc_init_array
 .text.memcpy   0x0000000008005794       0x1c /Applications/STM32CubeIDE.app/Contents/Eclipse/plugins/com.st.stm32cube.ide.mcu.externaltools.gnu-tools-for-stm32.10.3-2021.10.macos64_1.0.100.202210260954/tools/bin/../lib/gcc/arm-none-eabi/10.3.1/../../../../arm-none-eabi/lib/thumb/v7e-m+fp/hard/libc_nano.a(lib_a-memcpy-stub.o)
                0x0000000008005794                memcpy
 .text.memset   0x00000000080057b0       0x10 /Applications/STM32CubeIDE.app/Contents/Eclipse/plugins/com.st.stm32cube.ide.mcu.externaltools.gnu-tools-for-stm32.10.3-2021.10.macos64_1.0.100.202210260954/tools/bin/../lib/gcc/arm-none-eabi/10.3.1/../../../../arm-none-eabi/lib/thumb/v7e-m+fp/hard/libc_nano.a(lib_a-memset.o)
                0x00000000080057b0                memset
 *(.glue_7)
 .glue_7        0x00000000080057c0        0x0 linker stubs
 *(.glue_7t)
 .glue_7t       0x00000000080057c0        0x0 linker stubs
 *(.eh_frame)
 .eh_frame      0x00000000080057c0        0x0 /Applications/STM32CubeIDE.app/Contents/Eclipse/plugins/com.st.stm32cube.ide.mcu.externaltools.gnu-tools-for-stm32.10.3-2021.10.macos64_1.0.100.202210260954/tools/bin/../lib/gcc/arm-none-eabi/10.3.1/thumb/v7e-m+fp/hard/crtbegin.o
 *(.init)
 .init          0x00000000080057c0        0x4 /Applications/STM32CubeIDE.app/Contents/Eclipse/plugins/com.st.stm32cube.ide.mcu.externaltools.gnu-tools-for-stm32.10.3-2021.10.macos64_1.0.100.202210260954/tools/bin/../lib/gcc/arm-none-eabi/10.3.1/thumb/v7e-m+fp/hard/crti.o
                0x00000000080057c0                _init
 .init          0x00000000080057c4        0x8 /Applications/STM32CubeIDE.app/Contents/Eclipse/plugins/com.st.stm32cube.ide.mcu.externaltools.gnu-tools-for-stm32.10.3-2021.10.macos64_1.0.100.202210260954/tools/bin/../lib/gcc/arm-none-eabi/10.3.1/thumb/v7e-m+fp/hard/crtn.o
 *(.fini)
 .fini          0x00000000080057cc        0x4 /Applications/STM32CubeIDE.app/Contents/Eclipse/plugins/com.st.stm32cube.ide.mcu.externaltools.gnu-tools-for-stm32.10.3-2021.10.macos64_1.0.100.202210260954/tools/bin/../lib/gcc/arm-none-eabi/10.3.1/thumb/v7e-m+fp/hard/crti.o
                0x00000000080057cc                _fini
 .fini          0x00000000080057d0        0x8 /Applications/STM32CubeIDE.app/Contents/Eclipse/plugins/com.st.stm32cube.ide.mcu.externaltools.gnu-tools-for-stm32.10.3-2021.10.macos64_1.0.100.202210260954/tools/bin/../lib/gcc/arm-none-eabi/10.3.1/thumb/v7e-m+fp/hard/crtn.o
                0x00000000080057d8                . = ALIGN (0x4)
                0x00000000080057d8                _etext = .

.vfp11_veneer   0x00000000080057d8        0x0
 .vfp11_veneer  0x00000000080057d8        0x0 linker stubs

.v4_bx          0x00000000080057d8        0x0
 .v4_bx         0x00000000080057d8        0x0 linker stubs

.iplt           0x00000000080057d8        0x0
 .iplt          0x00000000080057d8        0x0 /Applications/STM32CubeIDE.app/Contents/Eclipse/plugins/com.st.stm32cube.ide.mcu.externaltools.gnu-tools-for-stm32.10.3-2021.10.macos64_1.0.100.202210260954/tools/bin/../lib/gcc/arm-none-eabi/10.3.1/thumb/v7e-m+fp/hard/crtbegin.o

.rodata         0x00000000080057d8       0x4c
                0x00000000080057d8                . = ALIGN (0x4)
 *(.rodata)
 .rodata        0x00000000080057d8       0x19 ./Core/Src/main.o
 *fill*         0x00000000080057f1        0x3 
 .rodata        0x00000000080057f4        0x5 ./FreeRTOS/tasks.o
 *fill*         0x00000000080057f9        0x3 
 .rodata        0x00000000080057fc        0xd ./FreeRTOS/timers.o
 *(.rodata*)
 *fill*         0x0000000008005809        0x3 
 .rodata.AHBPrescTable
                0x000000000800580c       0x10 ./Core/Src/system_stm32f4xx.o
                0x000000000800580c                AHBPrescTable
 .rodata.APBPrescTable
                0x000000000800581c        0x8 ./Core/Src/system_stm32f4xx.o
                0x000000000800581c                APBPrescTable
                0x0000000008005824                . = ALIGN (0x4)

.ARM.extab      0x0000000008005824        0x0
                0x0000000008005824                . = ALIGN (0x4)
 *(.ARM.extab* .gnu.linkonce.armextab.*)
                0x0000000008005824                . = ALIGN (0x4)

.ARM            0x0000000008005824        0x8
                0x0000000008005824                . = ALIGN (0x4)
                0x0000000008005824                __exidx_start = .
 *(.ARM.exidx*)
 .ARM.exidx     0x0000000008005824        0x8 /Applications/STM32CubeIDE.app/Contents/Eclipse/plugins/com.st.stm32cube.ide.mcu.externaltools.gnu-tools-for-stm32.10.3-2021.10.macos64_1.0.100.202210260954/tools/bin/../lib/gcc/arm-none-eabi/10.3.1/thumb/v7e-m+fp/hard/libgcc.a(_udivmoddi4.o)
                0x000000000800582c                __exidx_end = .
                0x000000000800582c                . = ALIGN (0x4)

.rel.dyn        0x000000000800582c        0x0
 .rel.iplt      0x000000000800582c        0x0 /Applications/STM32CubeIDE.app/Contents/Eclipse/plugins/com.st.stm32cube.ide.mcu.externaltools.gnu-tools-for-stm32.10.3-2021.10.macos64_1.0.100.202210260954/tools/bin/../lib/gcc/arm-none-eabi/10.3.1/thumb/v7e-m+fp/hard/crtbegin.o

.preinit_array  0x000000000800582c        0x0
                0x000000000800582c                . = ALIGN (0x4)
                0x000000000800582c                PROVIDE (__preinit_array_start = .)
 *(.preinit_array*)
                0x000000000800582c                PROVIDE (__preinit_array_end = .)
                0x000000000800582c                . = ALIGN (0x4)

.init_array     0x000000000800582c        0x4
                0x000000000800582c                . = ALIGN (0x4)
                0x000000000800582c                PROVIDE (__init_array_start = .)
 *(SORT_BY_NAME(.init_array.*))
 *(.init_array*)
 .init_array    0x000000000800582c        0x4 /Applications/STM32CubeIDE.app/Contents/Eclipse/plugins/com.st.stm32cube.ide.mcu.externaltools.gnu-tools-for-stm32.10.3-2021.10.macos64_1.0.100.202210260954/tools/bin/../lib/gcc/arm-none-eabi/10.3.1/thumb/v7e-m+fp/hard/crtbegin.o
                0x0000000008005830                PROVIDE (__init_array_end = .)
                0x0000000008005830                . = ALIGN (0x4)

.fini_array     0x0000000008005830        0x4
                0x0000000008005830                . = ALIGN (0x4)
                [!provide]                        PROVIDE (__fini_array_start = .)
 *(SORT_BY_NAME(.fini_array.*))
 *(.fini_array*)
 .fini_array    0x0000000008005830        0x4 /Applications/STM32CubeIDE.app/Contents/Eclipse/plugins/com.st.stm32cube.ide.mcu.externaltools.gnu-tools-for-stm32.10.3-2021.10.macos64_1.0.100.202210260954/tools/bin/../lib/gcc/arm-none-eabi/10.3.1/thumb/v7e-m+fp/hard/crtbegin.o
                [!provide]                        PROVIDE (__fini_array_end = .)
                0x0000000008005834                . = ALIGN (0x4)
                0x0000000008005834                _sidata = LOADADDR (.data)

.data           0x0000000020000000       0x10 load address 0x0000000008005834
                0x0000000020000000                . = ALIGN (0x4)
                0x0000000020000000                _sdata = .
 *(.data)
 *(.data*)
 .data.SystemCoreClock
                0x0000000020000000        0x4 ./Core/Src/system_stm32f4xx.o
                0x0000000020000000                SystemCoreClock
 .data.uwTickPrio
                0x0000000020000004        0x4 ./Drivers/STM32F4xx_HAL_Driver/Src/stm32f4xx_hal.o
                0x0000000020000004                uwTickPrio
 .data.uwTickFreq
                0x0000000020000008        0x1 ./Drivers/STM32F4xx_HAL_Driver/Src/stm32f4xx_hal.o
                0x0000000020000008                uwTickFreq
 *fill*         0x0000000020000009        0x3 
 .data.uxCriticalNesting
                0x000000002000000c        0x4 ./FreeRTOS/portable/ARM_CM4F/port.o
 *(.RamFunc)
 *(.RamFunc*)
                0x0000000020000010                . = ALIGN (0x4)
                0x0000000020000010                _edata = .
                0x0000000008005844                _siccmram = LOADADDR (.ccmram)

.igot.plt       0x0000000020000010        0x0 load address 0x0000000008005844
 .igot.plt      0x0000000020000010        0x0 /Applications/STM32CubeIDE.app/Contents/Eclipse/plugins/com.st.stm32cube.ide.mcu.externaltools.gnu-tools-for-stm32.10.3-2021.10.macos64_1.0.100.202210260954/tools/bin/../lib/gcc/arm-none-eabi/10.3.1/thumb/v7e-m+fp/hard/crtbegin.o

.ccmram         0x0000000010000000        0x0 load address 0x0000000008005844
                0x0000000010000000                . = ALIGN (0x4)
                0x0000000010000000                _sccmram = .
 *(.ccmram)
 *(.ccmram*)
                0x0000000010000000                . = ALIGN (0x4)
                0x0000000010000000                _eccmram = .
                0x0000000010000000                . = ALIGN (0x4)

.bss            0x0000000020000010    0x12e64
                0x0000000020000010                _sbss = .
                0x0000000020000010                __bss_start__ = _sbss
 *(.bss)
 .bss           0x0000000020000010       0x1c /Applications/STM32CubeIDE.app/Contents/Eclipse/plugins/com.st.stm32cube.ide.mcu.externaltools.gnu-tools-for-stm32.10.3-2021.10.macos64_1.0.100.202210260954/tools/bin/../lib/gcc/arm-none-eabi/10.3.1/thumb/v7e-m+fp/hard/crtbegin.o
 *(.bss*)
 .bss.hspi1     0x000000002000002c       0x58 ./Core/Src/main.o
                0x000000002000002c                hspi1
 .bss.xSemaphore
                0x0000000020000084        0x4 ./Core/Src/main.o
                0x0000000020000084                xSemaphore
 .bss.htim7     0x0000000020000088       0x48 ./Core/Src/stm32f4xx_hal_timebase_tim.o
                0x0000000020000088                htim7
 .bss.uwTick    0x00000000200000d0        0x4 ./Drivers/STM32F4xx_HAL_Driver/Src/stm32f4xx_hal.o
                0x00000000200000d0                uwTick
 .bss.xQueueRegistry
                0x00000000200000d4       0x40 ./FreeRTOS/queue.o
                0x00000000200000d4                xQueueRegistry
 .bss.pxCurrentTCB
                0x0000000020000114        0x4 ./FreeRTOS/tasks.o
                0x0000000020000114                pxCurrentTCB
 .bss.pxReadyTasksLists
                0x0000000020000118       0x64 ./FreeRTOS/tasks.o
 .bss.xDelayedTaskList1
                0x000000002000017c       0x14 ./FreeRTOS/tasks.o
 .bss.xDelayedTaskList2
                0x0000000020000190       0x14 ./FreeRTOS/tasks.o
 .bss.pxDelayedTaskList
                0x00000000200001a4        0x4 ./FreeRTOS/tasks.o
 .bss.pxOverflowDelayedTaskList
                0x00000000200001a8        0x4 ./FreeRTOS/tasks.o
 .bss.xPendingReadyList
                0x00000000200001ac       0x14 ./FreeRTOS/tasks.o
 .bss.xTasksWaitingTermination
                0x00000000200001c0       0x14 ./FreeRTOS/tasks.o
 .bss.uxDeletedTasksWaitingCleanUp
                0x00000000200001d4        0x4 ./FreeRTOS/tasks.o
 .bss.xSuspendedTaskList
                0x00000000200001d8       0x14 ./FreeRTOS/tasks.o
 .bss.uxCurrentNumberOfTasks
                0x00000000200001ec        0x4 ./FreeRTOS/tasks.o
 .bss.xTickCount
                0x00000000200001f0        0x4 ./FreeRTOS/tasks.o
 .bss.uxTopReadyPriority
                0x00000000200001f4        0x4 ./FreeRTOS/tasks.o
 .bss.xSchedulerRunning
                0x00000000200001f8        0x4 ./FreeRTOS/tasks.o
 .bss.uxPendedTicks
                0x00000000200001fc        0x4 ./FreeRTOS/tasks.o
 .bss.xYieldPending
                0x0000000020000200        0x4 ./FreeRTOS/tasks.o
 .bss.xNumOfOverflows
                0x0000000020000204        0x4 ./FreeRTOS/tasks.o
 .bss.uxTaskNumber
                0x0000000020000208        0x4 ./FreeRTOS/tasks.o
 .bss.xNextTaskUnblockTime
                0x000000002000020c        0x4 ./FreeRTOS/tasks.o
 .bss.xIdleTaskHandle
                0x0000000020000210        0x4 ./FreeRTOS/tasks.o
 .bss.uxSchedulerSuspended
                0x0000000020000214        0x4 ./FreeRTOS/tasks.o
 .bss.xActiveTimerList1
                0x0000000020000218       0x14 ./FreeRTOS/timers.o
 .bss.xActiveTimerList2
                0x000000002000022c       0x14 ./FreeRTOS/timers.o
 .bss.pxCurrentTimerList
                0x0000000020000240        0x4 ./FreeRTOS/timers.o
 .bss.pxOverflowTimerList
                0x0000000020000244        0x4 ./FreeRTOS/timers.o
 .bss.xTimerQueue
                0x0000000020000248        0x4 ./FreeRTOS/timers.o
 .bss.xTimerTaskHandle
                0x000000002000024c        0x4 ./FreeRTOS/timers.o
 .bss.xLastTime.0
                0x0000000020000250        0x4 ./FreeRTOS/timers.o
 .bss.ucMaxSysCallPriority
                0x0000000020000254        0x1 ./FreeRTOS/portable/ARM_CM4F/port.o
 *fill*         0x0000000020000255        0x3 
 .bss.ulMaxPRIGROUPValue
                0x0000000020000258        0x4 ./FreeRTOS/portable/ARM_CM4F/port.o
 .bss.ucHeap    0x000000002000025c    0x12c00 ./FreeRTOS/portable/MemMang/heap_4.o
 .bss.xStart    0x0000000020012e5c        0x8 ./FreeRTOS/portable/MemMang/heap_4.o
 .bss.pxEnd     0x0000000020012e64        0x4 ./FreeRTOS/portable/MemMang/heap_4.o
 .bss.xFreeBytesRemaining
                0x0000000020012e68        0x4 ./FreeRTOS/portable/MemMang/heap_4.o
 .bss.xMinimumEverFreeBytesRemaining
                0x0000000020012e6c        0x4 ./FreeRTOS/portable/MemMang/heap_4.o
 .bss.xBlockAllocatedBit
                0x0000000020012e70        0x4 ./FreeRTOS/portable/MemMang/heap_4.o
 *(COMMON)
                0x0000000020012e74                . = ALIGN (0x4)
                0x0000000020012e74                _ebss = .
                0x0000000020012e74                __bss_end__ = _ebss

._user_heap_stack
                0x0000000020012e74      0x604
                0x0000000020012e78                . = ALIGN (0x8)
 *fill*         0x0000000020012e74        0x4 
                [!provide]                        PROVIDE (end = .)
                0x0000000020012e78                PROVIDE (_end = .)
                0x0000000020013078                . = (. + _Min_Heap_Size)
 *fill*         0x0000000020012e78      0x200 
                0x0000000020013478                . = (. + _Min_Stack_Size)
 *fill*         0x0000000020013078      0x400 
                0x0000000020013478                . = ALIGN (0x8)

/DISCARD/
 libc.a(*)
 libm.a(*)
 libgcc.a(*)

.ARM.attributes
                0x0000000000000000       0x30
 *(.ARM.attributes)
 .ARM.attributes
                0x0000000000000000       0x1e /Applications/STM32CubeIDE.app/Contents/Eclipse/plugins/com.st.stm32cube.ide.mcu.externaltools.gnu-tools-for-stm32.10.3-2021.10.macos64_1.0.100.202210260954/tools/bin/../lib/gcc/arm-none-eabi/10.3.1/thumb/v7e-m+fp/hard/crti.o
 .ARM.attributes
                0x000000000000001e       0x34 /Applications/STM32CubeIDE.app/Contents/Eclipse/plugins/com.st.stm32cube.ide.mcu.externaltools.gnu-tools-for-stm32.10.3-2021.10.macos64_1.0.100.202210260954/tools/bin/../lib/gcc/arm-none-eabi/10.3.1/thumb/v7e-m+fp/hard/crtbegin.o
 .ARM.attributes
                0x0000000000000052       0x34 ./Core/Src/main.o
 .ARM.attributes
                0x0000000000000086       0x34 ./Core/Src/stm32f4xx_hal_msp.o
 .ARM.attributes
                0x00000000000000ba       0x34 ./Core/Src/stm32f4xx_hal_timebase_tim.o
 .ARM.attributes
                0x00000000000000ee       0x34 ./Core/Src/stm32f4xx_it.o
 .ARM.attributes
                0x0000000000000122       0x34 ./Core/Src/system_stm32f4xx.o
 .ARM.attributes
                0x0000000000000156       0x21 ./Core/Startup/startup_stm32f407vgtx.o
 .ARM.attributes
                0x0000000000000177       0x34 ./Drivers/STM32F4xx_HAL_Driver/Src/stm32f4xx_hal.o
 .ARM.attributes
                0x00000000000001ab       0x34 ./Drivers/STM32F4xx_HAL_Driver/Src/stm32f4xx_hal_cortex.o
 .ARM.attributes
                0x00000000000001df       0x34 ./Drivers/STM32F4xx_HAL_Driver/Src/stm32f4xx_hal_gpio.o
 .ARM.attributes
                0x0000000000000213       0x34 ./Drivers/STM32F4xx_HAL_Driver/Src/stm32f4xx_hal_rcc.o
 .ARM.attributes
                0x0000000000000247       0x34 ./Drivers/STM32F4xx_HAL_Driver/Src/stm32f4xx_hal_spi.o
 .ARM.attributes
                0x000000000000027b       0x34 ./Drivers/STM32F4xx_HAL_Driver/Src/stm32f4xx_hal_tim.o
 .ARM.attributes
                0x00000000000002af       0x34 ./Drivers/STM32F4xx_HAL_Driver/Src/stm32f4xx_hal_tim_ex.o
 .ARM.attributes
                0x00000000000002e3       0x34 ./FreeRTOS/list.o
 .ARM.attributes
                0x0000000000000317       0x34 ./FreeRTOS/queue.o
 .ARM.attributes
                0x000000000000034b       0x34 ./FreeRTOS/tasks.o
 .ARM.attributes
                0x000000000000037f       0x34 ./FreeRTOS/timers.o
 .ARM.attributes
                0x00000000000003b3       0x34 ./FreeRTOS/portable/ARM_CM4F/port.o
 .ARM.attributes
                0x00000000000003e7       0x34 ./FreeRTOS/portable/MemMang/heap_4.o
 .ARM.attributes
                0x000000000000041b       0x34 /Applications/STM32CubeIDE.app/Contents/Eclipse/plugins/com.st.stm32cube.ide.mcu.externaltools.gnu-tools-for-stm32.10.3-2021.10.macos64_1.0.100.202210260954/tools/bin/../lib/gcc/arm-none-eabi/10.3.1/../../../../arm-none-eabi/lib/thumb/v7e-m+fp/hard/libc_nano.a(lib_a-init.o)
 .ARM.attributes
                0x000000000000044f       0x34 /Applications/STM32CubeIDE.app/Contents/Eclipse/plugins/com.st.stm32cube.ide.mcu.externaltools.gnu-tools-for-stm32.10.3-2021.10.macos64_1.0.100.202210260954/tools/bin/../lib/gcc/arm-none-eabi/10.3.1/../../../../arm-none-eabi/lib/thumb/v7e-m+fp/hard/libc_nano.a(lib_a-memcpy-stub.o)
 .ARM.attributes
                0x0000000000000483       0x34 /Applications/STM32CubeIDE.app/Contents/Eclipse/plugins/com.st.stm32cube.ide.mcu.externaltools.gnu-tools-for-stm32.10.3-2021.10.macos64_1.0.100.202210260954/tools/bin/../lib/gcc/arm-none-eabi/10.3.1/../../../../arm-none-eabi/lib/thumb/v7e-m+fp/hard/libc_nano.a(lib_a-memset.o)
 .ARM.attributes
                0x00000000000004b7       0x1e /Applications/STM32CubeIDE.app/Contents/Eclipse/plugins/com.st.stm32cube.ide.mcu.externaltools.gnu-tools-for-stm32.10.3-2021.10.macos64_1.0.100.202210260954/tools/bin/../lib/gcc/arm-none-eabi/10.3.1/thumb/v7e-m+fp/hard/libgcc.a(_aeabi_uldivmod.o)
 .ARM.attributes
                0x00000000000004d5       0x34 /Applications/STM32CubeIDE.app/Contents/Eclipse/plugins/com.st.stm32cube.ide.mcu.externaltools.gnu-tools-for-stm32.10.3-2021.10.macos64_1.0.100.202210260954/tools/bin/../lib/gcc/arm-none-eabi/10.3.1/thumb/v7e-m+fp/hard/libgcc.a(_udivmoddi4.o)
 .ARM.attributes
                0x0000000000000509       0x1e /Applications/STM32CubeIDE.app/Contents/Eclipse/plugins/com.st.stm32cube.ide.mcu.externaltools.gnu-tools-for-stm32.10.3-2021.10.macos64_1.0.100.202210260954/tools/bin/../lib/gcc/arm-none-eabi/10.3.1/thumb/v7e-m+fp/hard/libgcc.a(_dvmd_tls.o)
 .ARM.attributes
                0x0000000000000527       0x1e /Applications/STM32CubeIDE.app/Contents/Eclipse/plugins/com.st.stm32cube.ide.mcu.externaltools.gnu-tools-for-stm32.10.3-2021.10.macos64_1.0.100.202210260954/tools/bin/../lib/gcc/arm-none-eabi/10.3.1/thumb/v7e-m+fp/hard/crtn.o
OUTPUT(lab03.elf elf32-littlearm)
LOAD linker stubs
LOAD /Applications/STM32CubeIDE.app/Contents/Eclipse/plugins/com.st.stm32cube.ide.mcu.externaltools.gnu-tools-for-stm32.10.3-2021.10.macos64_1.0.100.202210260954/tools/bin/../lib/gcc/arm-none-eabi/10.3.1/../../../../arm-none-eabi/lib/thumb/v7e-m+fp/hard/libc.a
LOAD /Applications/STM32CubeIDE.app/Contents/Eclipse/plugins/com.st.stm32cube.ide.mcu.externaltools.gnu-tools-for-stm32.10.3-2021.10.macos64_1.0.100.202210260954/tools/bin/../lib/gcc/arm-none-eabi/10.3.1/../../../../arm-none-eabi/lib/thumb/v7e-m+fp/hard/libm.a
LOAD /Applications/STM32CubeIDE.app/Contents/Eclipse/plugins/com.st.stm32cube.ide.mcu.externaltools.gnu-tools-for-stm32.10.3-2021.10.macos64_1.0.100.202210260954/tools/bin/../lib/gcc/arm-none-eabi/10.3.1/thumb/v7e-m+fp/hard/libgcc.a

.debug_info     0x0000000000000000    0x10b7a
 .debug_info    0x0000000000000000     0x155e ./Core/Src/main.o
 .debug_info    0x000000000000155e      0x9b6 ./Core/Src/stm32f4xx_hal_msp.o
 .debug_info    0x0000000000001f14      0xc4b ./Core/Src/stm32f4xx_hal_timebase_tim.o
 .debug_info    0x0000000000002b5f      0x734 ./Core/Src/stm32f4xx_it.o
 .debug_info    0x0000000000003293      0x523 ./Core/Src/system_stm32f4xx.o
 .debug_info    0x00000000000037b6       0x22 ./Core/Startup/startup_stm32f407vgtx.o
 .debug_info    0x00000000000037d8      0x97c ./Drivers/STM32F4xx_HAL_Driver/Src/stm32f4xx_hal.o
 .debug_info    0x0000000000004154      0xe1b ./Drivers/STM32F4xx_HAL_Driver/Src/stm32f4xx_hal_cortex.o
 .debug_info    0x0000000000004f6f      0x76a ./Drivers/STM32F4xx_HAL_Driver/Src/stm32f4xx_hal_gpio.o
 .debug_info    0x00000000000056d9      0x966 ./Drivers/STM32F4xx_HAL_Driver/Src/stm32f4xx_hal_rcc.o
 .debug_info    0x000000000000603f     0x1758 ./Drivers/STM32F4xx_HAL_Driver/Src/stm32f4xx_hal_spi.o
 .debug_info    0x0000000000007797     0x2bbe ./Drivers/STM32F4xx_HAL_Driver/Src/stm32f4xx_hal_tim.o
 .debug_info    0x000000000000a355     0x15e0 ./Drivers/STM32F4xx_HAL_Driver/Src/stm32f4xx_hal_tim_ex.o
 .debug_info    0x000000000000b935      0x2d1 ./FreeRTOS/list.o
 .debug_info    0x000000000000bc06     0x184e ./FreeRTOS/queue.o
 .debug_info    0x000000000000d454     0x1fbe ./FreeRTOS/tasks.o
 .debug_info    0x000000000000f412      0xe77 ./FreeRTOS/timers.o
 .debug_info    0x0000000000010289      0x507 ./FreeRTOS/portable/ARM_CM4F/port.o
 .debug_info    0x0000000000010790      0x3ea ./FreeRTOS/portable/MemMang/heap_4.o

.debug_abbrev   0x0000000000000000     0x28b5
 .debug_abbrev  0x0000000000000000      0x2fb ./Core/Src/main.o
 .debug_abbrev  0x00000000000002fb      0x194 ./Core/Src/stm32f4xx_hal_msp.o
 .debug_abbrev  0x000000000000048f      0x1e6 ./Core/Src/stm32f4xx_hal_timebase_tim.o
 .debug_abbrev  0x0000000000000675      0x186 ./Core/Src/stm32f4xx_it.o
 .debug_abbrev  0x00000000000007fb      0x116 ./Core/Src/system_stm32f4xx.o
 .debug_abbrev  0x0000000000000911       0x12 ./Core/Startup/startup_stm32f407vgtx.o
 .debug_abbrev  0x0000000000000923      0x20d ./Drivers/STM32F4xx_HAL_Driver/Src/stm32f4xx_hal.o
 .debug_abbrev  0x0000000000000b30      0x316 ./Drivers/STM32F4xx_HAL_Driver/Src/stm32f4xx_hal_cortex.o
 .debug_abbrev  0x0000000000000e46      0x1c4 ./Drivers/STM32F4xx_HAL_Driver/Src/stm32f4xx_hal_gpio.o
 .debug_abbrev  0x000000000000100a      0x2aa ./Drivers/STM32F4xx_HAL_Driver/Src/stm32f4xx_hal_rcc.o
 .debug_abbrev  0x00000000000012b4      0x26e ./Drivers/STM32F4xx_HAL_Driver/Src/stm32f4xx_hal_spi.o
 .debug_abbrev  0x0000000000001522      0x25d ./Drivers/STM32F4xx_HAL_Driver/Src/stm32f4xx_hal_tim.o
 .debug_abbrev  0x000000000000177f      0x265 ./Drivers/STM32F4xx_HAL_Driver/Src/stm32f4xx_hal_tim_ex.o
 .debug_abbrev  0x00000000000019e4       0xf2 ./FreeRTOS/list.o
 .debug_abbrev  0x0000000000001ad6      0x341 ./FreeRTOS/queue.o
 .debug_abbrev  0x0000000000001e17      0x36e ./FreeRTOS/tasks.o
 .debug_abbrev  0x0000000000002185      0x2d8 ./FreeRTOS/timers.o
 .debug_abbrev  0x000000000000245d      0x259 ./FreeRTOS/portable/ARM_CM4F/port.o
 .debug_abbrev  0x00000000000026b6      0x1ff ./FreeRTOS/portable/MemMang/heap_4.o

.debug_aranges  0x0000000000000000     0x1060
 .debug_aranges
                0x0000000000000000       0x70 ./Core/Src/main.o
 .debug_aranges
                0x0000000000000070       0x30 ./Core/Src/stm32f4xx_hal_msp.o
 .debug_aranges
                0x00000000000000a0       0x30 ./Core/Src/stm32f4xx_hal_timebase_tim.o
 .debug_aranges
                0x00000000000000d0       0x58 ./Core/Src/stm32f4xx_it.o
 .debug_aranges
                0x0000000000000128       0x28 ./Core/Src/system_stm32f4xx.o
 .debug_aranges
                0x0000000000000150       0x28 ./Core/Startup/startup_stm32f407vgtx.o
 .debug_aranges
                0x0000000000000178       0xf0 ./Drivers/STM32F4xx_HAL_Driver/Src/stm32f4xx_hal.o
 .debug_aranges
                0x0000000000000268      0x118 ./Drivers/STM32F4xx_HAL_Driver/Src/stm32f4xx_hal_cortex.o
 .debug_aranges
                0x0000000000000380       0x58 ./Drivers/STM32F4xx_HAL_Driver/Src/stm32f4xx_hal_gpio.o
 .debug_aranges
                0x00000000000003d8       0x88 ./Drivers/STM32F4xx_HAL_Driver/Src/stm32f4xx_hal_rcc.o
 .debug_aranges
                0x0000000000000460      0x1d0 ./Drivers/STM32F4xx_HAL_Driver/Src/stm32f4xx_hal_spi.o
 .debug_aranges
                0x0000000000000630      0x3d0 ./Drivers/STM32F4xx_HAL_Driver/Src/stm32f4xx_hal_tim.o
 .debug_aranges
                0x0000000000000a00      0x168 ./Drivers/STM32F4xx_HAL_Driver/Src/stm32f4xx_hal_tim_ex.o
 .debug_aranges
                0x0000000000000b68       0x40 ./FreeRTOS/list.o
 .debug_aranges
                0x0000000000000ba8      0x130 ./FreeRTOS/queue.o
 .debug_aranges
                0x0000000000000cd8      0x1e8 ./FreeRTOS/tasks.o
 .debug_aranges
                0x0000000000000ec0       0xd0 ./FreeRTOS/timers.o
 .debug_aranges
                0x0000000000000f90       0x80 ./FreeRTOS/portable/ARM_CM4F/port.o
 .debug_aranges
                0x0000000000001010       0x50 ./FreeRTOS/portable/MemMang/heap_4.o

.debug_ranges   0x0000000000000000      0xf38
 .debug_ranges  0x0000000000000000       0x60 ./Core/Src/main.o
 .debug_ranges  0x0000000000000060       0x20 ./Core/Src/stm32f4xx_hal_msp.o
 .debug_ranges  0x0000000000000080       0x20 ./Core/Src/stm32f4xx_hal_timebase_tim.o
 .debug_ranges  0x00000000000000a0       0x48 ./Core/Src/stm32f4xx_it.o
 .debug_ranges  0x00000000000000e8       0x18 ./Core/Src/system_stm32f4xx.o
 .debug_ranges  0x0000000000000100       0x20 ./Core/Startup/startup_stm32f407vgtx.o
 .debug_ranges  0x0000000000000120       0xe0 ./Drivers/STM32F4xx_HAL_Driver/Src/stm32f4xx_hal.o
 .debug_ranges  0x0000000000000200      0x108 ./Drivers/STM32F4xx_HAL_Driver/Src/stm32f4xx_hal_cortex.o
 .debug_ranges  0x0000000000000308       0x48 ./Drivers/STM32F4xx_HAL_Driver/Src/stm32f4xx_hal_gpio.o
 .debug_ranges  0x0000000000000350       0x78 ./Drivers/STM32F4xx_HAL_Driver/Src/stm32f4xx_hal_rcc.o
 .debug_ranges  0x00000000000003c8      0x1c0 ./Drivers/STM32F4xx_HAL_Driver/Src/stm32f4xx_hal_spi.o
 .debug_ranges  0x0000000000000588      0x3c0 ./Drivers/STM32F4xx_HAL_Driver/Src/stm32f4xx_hal_tim.o
 .debug_ranges  0x0000000000000948      0x158 ./Drivers/STM32F4xx_HAL_Driver/Src/stm32f4xx_hal_tim_ex.o
 .debug_ranges  0x0000000000000aa0       0x30 ./FreeRTOS/list.o
 .debug_ranges  0x0000000000000ad0      0x120 ./FreeRTOS/queue.o
 .debug_ranges  0x0000000000000bf0      0x1d8 ./FreeRTOS/tasks.o
 .debug_ranges  0x0000000000000dc8       0xc0 ./FreeRTOS/timers.o
 .debug_ranges  0x0000000000000e88       0x70 ./FreeRTOS/portable/ARM_CM4F/port.o
 .debug_ranges  0x0000000000000ef8       0x40 ./FreeRTOS/portable/MemMang/heap_4.o

.debug_macro    0x0000000000000000    0x218de
 .debug_macro   0x0000000000000000      0x2eb ./Core/Src/main.o
 .debug_macro   0x00000000000002eb      0xa78 ./Core/Src/main.o
 .debug_macro   0x0000000000000d63      0x29b ./Core/Src/main.o
 .debug_macro   0x0000000000000ffe       0x2e ./Core/Src/main.o
 .debug_macro   0x000000000000102c       0x2f ./Core/Src/main.o
 .debug_macro   0x000000000000105b       0x22 ./Core/Src/main.o
 .debug_macro   0x000000000000107d       0x8e ./Core/Src/main.o
 .debug_macro   0x000000000000110b       0x51 ./Core/Src/main.o
 .debug_macro   0x000000000000115c      0x103 ./Core/Src/main.o
 .debug_macro   0x000000000000125f       0x6a ./Core/Src/main.o
 .debug_macro   0x00000000000012c9      0x1df ./Core/Src/main.o
 .debug_macro   0x00000000000014a8       0x1c ./Core/Src/main.o
 .debug_macro   0x00000000000014c4       0x22 ./Core/Src/main.o
 .debug_macro   0x00000000000014e6       0xd9 ./Core/Src/main.o
 .debug_macro   0x00000000000015bf     0x102d ./Core/Src/main.o
 .debug_macro   0x00000000000025ec      0x11f ./Core/Src/main.o
 .debug_macro   0x000000000000270b    0x15e82 ./Core/Src/main.o
 .debug_macro   0x000000000001858d       0x6d ./Core/Src/main.o
 .debug_macro   0x00000000000185fa     0x367e ./Core/Src/main.o
 .debug_macro   0x000000000001bc78      0x174 ./Core/Src/main.o
 .debug_macro   0x000000000001bdec       0x5c ./Core/Src/main.o
 .debug_macro   0x000000000001be48      0x96b ./Core/Src/main.o
 .debug_macro   0x000000000001c7b3      0x9fe ./Core/Src/main.o
 .debug_macro   0x000000000001d1b1      0x115 ./Core/Src/main.o
 .debug_macro   0x000000000001d2c6      0x13e ./Core/Src/main.o
 .debug_macro   0x000000000001d404       0xa5 ./Core/Src/main.o
 .debug_macro   0x000000000001d4a9      0x174 ./Core/Src/main.o
 .debug_macro   0x000000000001d61d      0x287 ./Core/Src/main.o
 .debug_macro   0x000000000001d8a4       0x5f ./Core/Src/main.o
 .debug_macro   0x000000000001d903      0x236 ./Core/Src/main.o
 .debug_macro   0x000000000001db39      0x12c ./Core/Src/main.o
 .debug_macro   0x000000000001dc65      0x21e ./Core/Src/main.o
 .debug_macro   0x000000000001de83       0x2e ./Core/Src/main.o
 .debug_macro   0x000000000001deb1      0x11a ./Core/Src/main.o
 .debug_macro   0x000000000001dfcb       0x7e ./Core/Src/main.o
 .debug_macro   0x000000000001e049       0x89 ./Core/Src/main.o
 .debug_macro   0x000000000001e0d2      0x225 ./Core/Src/main.o
 .debug_macro   0x000000000001e2f7      0x8e6 ./Core/Src/main.o
 .debug_macro   0x000000000001ebdd       0x47 ./Core/Src/main.o
 .debug_macro   0x000000000001ec24      0x12d ./Core/Src/main.o
 .debug_macro   0x000000000001ed51       0x28 ./Core/Src/main.o
 .debug_macro   0x000000000001ed79      0x106 ./Core/Src/main.o
 .debug_macro   0x000000000001ee7f      0x15a ./Core/Src/main.o
 .debug_macro   0x000000000001efd9       0xe4 ./Core/Src/main.o
 .debug_macro   0x000000000001f0bd       0x1c ./Core/Src/main.o
 .debug_macro   0x000000000001f0d9       0x26 ./Core/Src/main.o
 .debug_macro   0x000000000001f0ff      0x4d3 ./Core/Src/main.o
 .debug_macro   0x000000000001f5d2       0xb5 ./Core/Src/main.o
 .debug_macro   0x000000000001f687       0xaa ./Core/Src/main.o
 .debug_macro   0x000000000001f731       0x80 ./Core/Src/main.o
 .debug_macro   0x000000000001f7b1       0x7e ./Core/Src/main.o
 .debug_macro   0x000000000001f82f      0x1dd ./Core/Src/stm32f4xx_hal_msp.o
 .debug_macro   0x000000000001fa0c      0x1ce ./Core/Src/stm32f4xx_hal_timebase_tim.o
 .debug_macro   0x000000000001fbda      0x1e7 ./Core/Src/stm32f4xx_it.o
 .debug_macro   0x000000000001fdc1      0x1ce ./Core/Src/system_stm32f4xx.o
 .debug_macro   0x000000000001ff8f      0x22e ./Drivers/STM32F4xx_HAL_Driver/Src/stm32f4xx_hal.o
 .debug_macro   0x00000000000201bd      0x1ce ./Drivers/STM32F4xx_HAL_Driver/Src/stm32f4xx_hal_cortex.o
 .debug_macro   0x000000000002038b      0x1d4 ./Drivers/STM32F4xx_HAL_Driver/Src/stm32f4xx_hal_gpio.o
 .debug_macro   0x000000000002055f      0x1f2 ./Drivers/STM32F4xx_HAL_Driver/Src/stm32f4xx_hal_rcc.o
 .debug_macro   0x0000000000020751      0x1dd ./Drivers/STM32F4xx_HAL_Driver/Src/stm32f4xx_hal_spi.o
 .debug_macro   0x000000000002092e      0x1cf ./Drivers/STM32F4xx_HAL_Driver/Src/stm32f4xx_hal_tim.o
 .debug_macro   0x0000000000020afd      0x1ce ./Drivers/STM32F4xx_HAL_Driver/Src/stm32f4xx_hal_tim_ex.o
 .debug_macro   0x0000000000020ccb      0x187 ./FreeRTOS/list.o
 .debug_macro   0x0000000000020e52      0x216 ./FreeRTOS/queue.o
 .debug_macro   0x0000000000021068       0x16 ./FreeRTOS/queue.o
 .debug_macro   0x000000000002107e       0x20 ./FreeRTOS/queue.o
 .debug_macro   0x000000000002109e      0x279 ./FreeRTOS/tasks.o
 .debug_macro   0x0000000000021317       0x10 ./FreeRTOS/tasks.o
 .debug_macro   0x0000000000021327      0x1dc ./FreeRTOS/timers.o
 .debug_macro   0x0000000000021503       0x97 ./FreeRTOS/timers.o
 .debug_macro   0x000000000002159a      0x196 ./FreeRTOS/portable/ARM_CM4F/port.o
 .debug_macro   0x0000000000021730      0x1ae ./FreeRTOS/portable/MemMang/heap_4.o

.debug_line     0x0000000000000000    0x11969
 .debug_line    0x0000000000000000      0xa32 ./Core/Src/main.o
 .debug_line    0x0000000000000a32      0x73b ./Core/Src/stm32f4xx_hal_msp.o
 .debug_line    0x000000000000116d      0x768 ./Core/Src/stm32f4xx_hal_timebase_tim.o
 .debug_line    0x00000000000018d5      0x7a3 ./Core/Src/stm32f4xx_it.o
 .debug_line    0x0000000000002078      0x770 ./Core/Src/system_stm32f4xx.o
 .debug_line    0x00000000000027e8       0x88 ./Core/Startup/startup_stm32f407vgtx.o
 .debug_line    0x0000000000002870      0x9d6 ./Drivers/STM32F4xx_HAL_Driver/Src/stm32f4xx_hal.o
 .debug_line    0x0000000000003246      0xc85 ./Drivers/STM32F4xx_HAL_Driver/Src/stm32f4xx_hal_cortex.o
 .debug_line    0x0000000000003ecb      0xb4a ./Drivers/STM32F4xx_HAL_Driver/Src/stm32f4xx_hal_gpio.o
 .debug_line    0x0000000000004a15      0xd50 ./Drivers/STM32F4xx_HAL_Driver/Src/stm32f4xx_hal_rcc.o
 .debug_line    0x0000000000005765     0x1c60 ./Drivers/STM32F4xx_HAL_Driver/Src/stm32f4xx_hal_spi.o
 .debug_line    0x00000000000073c5     0x36ca ./Drivers/STM32F4xx_HAL_Driver/Src/stm32f4xx_hal_tim.o
 .debug_line    0x000000000000aa8f     0x19d3 ./Drivers/STM32F4xx_HAL_Driver/Src/stm32f4xx_hal_tim_ex.o
 .debug_line    0x000000000000c462      0x72f ./FreeRTOS/list.o
 .debug_line    0x000000000000cb91     0x153f ./FreeRTOS/queue.o
 .debug_line    0x000000000000e0d0     0x1b55 ./FreeRTOS/tasks.o
 .debug_line    0x000000000000fc25      0xc4d ./FreeRTOS/timers.o
 .debug_line    0x0000000000010872      0x806 ./FreeRTOS/portable/ARM_CM4F/port.o
 .debug_line    0x0000000000011078      0x8f1 ./FreeRTOS/portable/MemMang/heap_4.o

.debug_str      0x0000000000000000    0xd153c
 .debug_str     0x0000000000000000    0xc8aac ./Core/Src/main.o
                                      0xc8e97 (size before relaxing)
 .debug_str     0x00000000000c8aac       0x63 ./Core/Src/stm32f4xx_hal_msp.o
                                      0xc3495 (size before relaxing)
 .debug_str     0x00000000000c8b0f      0x107 ./Core/Src/stm32f4xx_hal_timebase_tim.o
                                      0xc3aa7 (size before relaxing)
 .debug_str     0x00000000000c8c16       0xdf ./Core/Src/stm32f4xx_it.o
                                      0xc3485 (size before relaxing)
 .debug_str     0x00000000000c8cf5       0xdb ./Core/Src/system_stm32f4xx.o
                                      0xc2fb0 (size before relaxing)
 .debug_str     0x00000000000c8dd0       0x36 ./Core/Startup/startup_stm32f407vgtx.o
                                         0x6e (size before relaxing)
 .debug_str     0x00000000000c8e06      0x5bd ./Drivers/STM32F4xx_HAL_Driver/Src/stm32f4xx_hal.o
                                      0xc3b34 (size before relaxing)
 .debug_str     0x00000000000c93c3      0x33a ./Drivers/STM32F4xx_HAL_Driver/Src/stm32f4xx_hal_cortex.o
                                      0xc3867 (size before relaxing)
 .debug_str     0x00000000000c96fd       0xd5 ./Drivers/STM32F4xx_HAL_Driver/Src/stm32f4xx_hal_gpio.o
                                      0xc312b (size before relaxing)
 .debug_str     0x00000000000c97d2      0x1fd ./Drivers/STM32F4xx_HAL_Driver/Src/stm32f4xx_hal_rcc.o
                                      0xc33e4 (size before relaxing)
 .debug_str     0x00000000000c99cf      0x57c ./Drivers/STM32F4xx_HAL_Driver/Src/stm32f4xx_hal_spi.o
                                      0xc3874 (size before relaxing)
 .debug_str     0x00000000000c9f4b      0xe41 ./Drivers/STM32F4xx_HAL_Driver/Src/stm32f4xx_hal_tim.o
                                      0xc432a (size before relaxing)
 .debug_str     0x00000000000cad8c      0x503 ./Drivers/STM32F4xx_HAL_Driver/Src/stm32f4xx_hal_tim_ex.o
                                      0xc3b46 (size before relaxing)
 .debug_str     0x00000000000cb28f     0x2fb4 ./FreeRTOS/list.o
                                       0xa666 (size before relaxing)
 .debug_str     0x00000000000ce243      0xaaf ./FreeRTOS/queue.o
                                       0xbf2f (size before relaxing)
 .debug_str     0x00000000000cecf2     0x19e8 ./FreeRTOS/tasks.o
                                       0xcb07 (size before relaxing)
 .debug_str     0x00000000000d06da      0x4e7 ./FreeRTOS/timers.o
                                       0xc2e0 (size before relaxing)
 .debug_str     0x00000000000d0bc1      0x760 ./FreeRTOS/portable/ARM_CM4F/port.o
                                       0x85cf (size before relaxing)
 .debug_str     0x00000000000d1321      0x21b ./FreeRTOS/portable/MemMang/heap_4.o
                                       0xae83 (size before relaxing)

.comment        0x0000000000000000       0x50
 .comment       0x0000000000000000       0x50 ./Core/Src/main.o
                                         0x51 (size before relaxing)
 .comment       0x0000000000000050       0x51 ./Core/Src/stm32f4xx_hal_msp.o
 .comment       0x0000000000000050       0x51 ./Core/Src/stm32f4xx_hal_timebase_tim.o
 .comment       0x0000000000000050       0x51 ./Core/Src/stm32f4xx_it.o
 .comment       0x0000000000000050       0x51 ./Core/Src/system_stm32f4xx.o
 .comment       0x0000000000000050       0x51 ./Drivers/STM32F4xx_HAL_Driver/Src/stm32f4xx_hal.o
 .comment       0x0000000000000050       0x51 ./Drivers/STM32F4xx_HAL_Driver/Src/stm32f4xx_hal_cortex.o
 .comment       0x0000000000000050       0x51 ./Drivers/STM32F4xx_HAL_Driver/Src/stm32f4xx_hal_gpio.o
 .comment       0x0000000000000050       0x51 ./Drivers/STM32F4xx_HAL_Driver/Src/stm32f4xx_hal_rcc.o
 .comment       0x0000000000000050       0x51 ./Drivers/STM32F4xx_HAL_Driver/Src/stm32f4xx_hal_spi.o
 .comment       0x0000000000000050       0x51 ./Drivers/STM32F4xx_HAL_Driver/Src/stm32f4xx_hal_tim.o
 .comment       0x0000000000000050       0x51 ./Drivers/STM32F4xx_HAL_Driver/Src/stm32f4xx_hal_tim_ex.o
 .comment       0x0000000000000050       0x51 ./FreeRTOS/list.o
 .comment       0x0000000000000050       0x51 ./FreeRTOS/queue.o
 .comment       0x0000000000000050       0x51 ./FreeRTOS/tasks.o
 .comment       0x0000000000000050       0x51 ./FreeRTOS/timers.o
 .comment       0x0000000000000050       0x51 ./FreeRTOS/portable/ARM_CM4F/port.o
 .comment       0x0000000000000050       0x51 ./FreeRTOS/portable/MemMang/heap_4.o

.debug_frame    0x0000000000000000     0x445c
 .debug_frame   0x0000000000000000      0x17c ./Core/Src/main.o
 .debug_frame   0x000000000000017c       0x80 ./Core/Src/stm32f4xx_hal_msp.o
 .debug_frame   0x00000000000001fc       0x74 ./Core/Src/stm32f4xx_hal_timebase_tim.o
 .debug_frame   0x0000000000000270       0xe0 ./Core/Src/stm32f4xx_it.o
 .debug_frame   0x0000000000000350       0x58 ./Core/Src/system_stm32f4xx.o
 .debug_frame   0x00000000000003a8      0x374 ./Drivers/STM32F4xx_HAL_Driver/Src/stm32f4xx_hal.o
 .debug_frame   0x000000000000071c      0x498 ./Drivers/STM32F4xx_HAL_Driver/Src/stm32f4xx_hal_cortex.o
 .debug_frame   0x0000000000000bb4      0x14c ./Drivers/STM32F4xx_HAL_Driver/Src/stm32f4xx_hal_gpio.o
 .debug_frame   0x0000000000000d00      0x1f4 ./Drivers/STM32F4xx_HAL_Driver/Src/stm32f4xx_hal_rcc.o
 .debug_frame   0x0000000000000ef4      0x824 ./Drivers/STM32F4xx_HAL_Driver/Src/stm32f4xx_hal_spi.o
 .debug_frame   0x0000000000001718     0x11c4 ./Drivers/STM32F4xx_HAL_Driver/Src/stm32f4xx_hal_tim.o
 .debug_frame   0x00000000000028dc      0x638 ./Drivers/STM32F4xx_HAL_Driver/Src/stm32f4xx_hal_tim_ex.o
 .debug_frame   0x0000000000002f14       0xd8 ./FreeRTOS/list.o
 .debug_frame   0x0000000000002fec      0x530 ./FreeRTOS/queue.o
 .debug_frame   0x000000000000351c      0x854 ./FreeRTOS/tasks.o
 .debug_frame   0x0000000000003d70      0x368 ./FreeRTOS/timers.o
 .debug_frame   0x00000000000040d8      0x1a8 ./FreeRTOS/portable/ARM_CM4F/port.o
 .debug_frame   0x0000000000004280      0x108 ./FreeRTOS/portable/MemMang/heap_4.o
 .debug_frame   0x0000000000004388       0x2c /Applications/STM32CubeIDE.app/Contents/Eclipse/plugins/com.st.stm32cube.ide.mcu.externaltools.gnu-tools-for-stm32.10.3-2021.10.macos64_1.0.100.202210260954/tools/bin/../lib/gcc/arm-none-eabi/10.3.1/../../../../arm-none-eabi/lib/thumb/v7e-m+fp/hard/libc_nano.a(lib_a-init.o)
 .debug_frame   0x00000000000043b4       0x28 /Applications/STM32CubeIDE.app/Contents/Eclipse/plugins/com.st.stm32cube.ide.mcu.externaltools.gnu-tools-for-stm32.10.3-2021.10.macos64_1.0.100.202210260954/tools/bin/../lib/gcc/arm-none-eabi/10.3.1/../../../../arm-none-eabi/lib/thumb/v7e-m+fp/hard/libc_nano.a(lib_a-memcpy-stub.o)
 .debug_frame   0x00000000000043dc       0x20 /Applications/STM32CubeIDE.app/Contents/Eclipse/plugins/com.st.stm32cube.ide.mcu.externaltools.gnu-tools-for-stm32.10.3-2021.10.macos64_1.0.100.202210260954/tools/bin/../lib/gcc/arm-none-eabi/10.3.1/../../../../arm-none-eabi/lib/thumb/v7e-m+fp/hard/libc_nano.a(lib_a-memset.o)
 .debug_frame   0x00000000000043fc       0x2c /Applications/STM32CubeIDE.app/Contents/Eclipse/plugins/com.st.stm32cube.ide.mcu.externaltools.gnu-tools-for-stm32.10.3-2021.10.macos64_1.0.100.202210260954/tools/bin/../lib/gcc/arm-none-eabi/10.3.1/thumb/v7e-m+fp/hard/libgcc.a(_aeabi_uldivmod.o)
 .debug_frame   0x0000000000004428       0x34 /Applications/STM32CubeIDE.app/Contents/Eclipse/plugins/com.st.stm32cube.ide.mcu.externaltools.gnu-tools-for-stm32.10.3-2021.10.macos64_1.0.100.202210260954/tools/bin/../lib/gcc/arm-none-eabi/10.3.1/thumb/v7e-m+fp/hard/libgcc.a(_udivmoddi4.o)
